Archive member included to satisfy reference by file (symbol)

c:/st/stm32cubeide_1.4.0/stm32cubeide/plugins/com.st.stm32cube.ide.mcu.externaltools.gnu-tools-for-stm32.7-2018-q2-update.win32_1.4.0.202007081208/tools/bin/../lib/gcc/arm-none-eabi/7.3.1/../../../../arm-none-eabi/lib/thumb/v7-m\libc_nano.a(lib_a-errno.o)
                              Src/syscalls.o (__errno)
c:/st/stm32cubeide_1.4.0/stm32cubeide/plugins/com.st.stm32cube.ide.mcu.externaltools.gnu-tools-for-stm32.7-2018-q2-update.win32_1.4.0.202007081208/tools/bin/../lib/gcc/arm-none-eabi/7.3.1/../../../../arm-none-eabi/lib/thumb/v7-m\libc_nano.a(lib_a-exit.o)
                              c:/st/stm32cubeide_1.4.0/stm32cubeide/plugins/com.st.stm32cube.ide.mcu.externaltools.gnu-tools-for-stm32.7-2018-q2-update.win32_1.4.0.202007081208/tools/bin/../lib/gcc/arm-none-eabi/7.3.1/../../../../arm-none-eabi/lib/thumb/v7-m/crt0.o (exit)
c:/st/stm32cubeide_1.4.0/stm32cubeide/plugins/com.st.stm32cube.ide.mcu.externaltools.gnu-tools-for-stm32.7-2018-q2-update.win32_1.4.0.202007081208/tools/bin/../lib/gcc/arm-none-eabi/7.3.1/../../../../arm-none-eabi/lib/thumb/v7-m\libc_nano.a(lib_a-impure.o)
                              c:/st/stm32cubeide_1.4.0/stm32cubeide/plugins/com.st.stm32cube.ide.mcu.externaltools.gnu-tools-for-stm32.7-2018-q2-update.win32_1.4.0.202007081208/tools/bin/../lib/gcc/arm-none-eabi/7.3.1/../../../../arm-none-eabi/lib/thumb/v7-m\libc_nano.a(lib_a-exit.o) (_global_impure_ptr)
c:/st/stm32cubeide_1.4.0/stm32cubeide/plugins/com.st.stm32cube.ide.mcu.externaltools.gnu-tools-for-stm32.7-2018-q2-update.win32_1.4.0.202007081208/tools/bin/../lib/gcc/arm-none-eabi/7.3.1/../../../../arm-none-eabi/lib/thumb/v7-m\libc_nano.a(lib_a-init.o)
                              c:/st/stm32cubeide_1.4.0/stm32cubeide/plugins/com.st.stm32cube.ide.mcu.externaltools.gnu-tools-for-stm32.7-2018-q2-update.win32_1.4.0.202007081208/tools/bin/../lib/gcc/arm-none-eabi/7.3.1/../../../../arm-none-eabi/lib/thumb/v7-m/crt0.o (__libc_init_array)
c:/st/stm32cubeide_1.4.0/stm32cubeide/plugins/com.st.stm32cube.ide.mcu.externaltools.gnu-tools-for-stm32.7-2018-q2-update.win32_1.4.0.202007081208/tools/bin/../lib/gcc/arm-none-eabi/7.3.1/../../../../arm-none-eabi/lib/thumb/v7-m\libc_nano.a(lib_a-memset.o)
                              c:/st/stm32cubeide_1.4.0/stm32cubeide/plugins/com.st.stm32cube.ide.mcu.externaltools.gnu-tools-for-stm32.7-2018-q2-update.win32_1.4.0.202007081208/tools/bin/../lib/gcc/arm-none-eabi/7.3.1/../../../../arm-none-eabi/lib/thumb/v7-m/crt0.o (memset)

Allocating common symbols
Common symbol       size              file

PinConfig           0x4               HAL/7SEGMENT/_7SEGMENT.o

Discarded input sections

 .text          0x0000000000000000        0x0 c:/st/stm32cubeide_1.4.0/stm32cubeide/plugins/com.st.stm32cube.ide.mcu.externaltools.gnu-tools-for-stm32.7-2018-q2-update.win32_1.4.0.202007081208/tools/bin/../lib/gcc/arm-none-eabi/7.3.1/thumb/v7-m/crti.o
 .data          0x0000000000000000        0x0 c:/st/stm32cubeide_1.4.0/stm32cubeide/plugins/com.st.stm32cube.ide.mcu.externaltools.gnu-tools-for-stm32.7-2018-q2-update.win32_1.4.0.202007081208/tools/bin/../lib/gcc/arm-none-eabi/7.3.1/thumb/v7-m/crti.o
 .bss           0x0000000000000000        0x0 c:/st/stm32cubeide_1.4.0/stm32cubeide/plugins/com.st.stm32cube.ide.mcu.externaltools.gnu-tools-for-stm32.7-2018-q2-update.win32_1.4.0.202007081208/tools/bin/../lib/gcc/arm-none-eabi/7.3.1/thumb/v7-m/crti.o
 .data          0x0000000000000000        0x4 c:/st/stm32cubeide_1.4.0/stm32cubeide/plugins/com.st.stm32cube.ide.mcu.externaltools.gnu-tools-for-stm32.7-2018-q2-update.win32_1.4.0.202007081208/tools/bin/../lib/gcc/arm-none-eabi/7.3.1/thumb/v7-m/crtbegin.o
 .text          0x0000000000000000       0x74 c:/st/stm32cubeide_1.4.0/stm32cubeide/plugins/com.st.stm32cube.ide.mcu.externaltools.gnu-tools-for-stm32.7-2018-q2-update.win32_1.4.0.202007081208/tools/bin/../lib/gcc/arm-none-eabi/7.3.1/../../../../arm-none-eabi/lib/thumb/v7-m/crt0.o
 .data          0x0000000000000000        0x0 c:/st/stm32cubeide_1.4.0/stm32cubeide/plugins/com.st.stm32cube.ide.mcu.externaltools.gnu-tools-for-stm32.7-2018-q2-update.win32_1.4.0.202007081208/tools/bin/../lib/gcc/arm-none-eabi/7.3.1/../../../../arm-none-eabi/lib/thumb/v7-m/crt0.o
 .bss           0x0000000000000000        0x0 c:/st/stm32cubeide_1.4.0/stm32cubeide/plugins/com.st.stm32cube.ide.mcu.externaltools.gnu-tools-for-stm32.7-2018-q2-update.win32_1.4.0.202007081208/tools/bin/../lib/gcc/arm-none-eabi/7.3.1/../../../../arm-none-eabi/lib/thumb/v7-m/crt0.o
 .ARM.extab     0x0000000000000000        0x0 c:/st/stm32cubeide_1.4.0/stm32cubeide/plugins/com.st.stm32cube.ide.mcu.externaltools.gnu-tools-for-stm32.7-2018-q2-update.win32_1.4.0.202007081208/tools/bin/../lib/gcc/arm-none-eabi/7.3.1/../../../../arm-none-eabi/lib/thumb/v7-m/crt0.o
 .ARM.exidx     0x0000000000000000        0x8 c:/st/stm32cubeide_1.4.0/stm32cubeide/plugins/com.st.stm32cube.ide.mcu.externaltools.gnu-tools-for-stm32.7-2018-q2-update.win32_1.4.0.202007081208/tools/bin/../lib/gcc/arm-none-eabi/7.3.1/../../../../arm-none-eabi/lib/thumb/v7-m/crt0.o
 .ARM.attributes
                0x0000000000000000       0x1b c:/st/stm32cubeide_1.4.0/stm32cubeide/plugins/com.st.stm32cube.ide.mcu.externaltools.gnu-tools-for-stm32.7-2018-q2-update.win32_1.4.0.202007081208/tools/bin/../lib/gcc/arm-none-eabi/7.3.1/../../../../arm-none-eabi/lib/thumb/v7-m/crt0.o
 .group         0x0000000000000000        0xc HAL/7SEGMENT/_7SEGMENT.o
 .group         0x0000000000000000        0xc HAL/7SEGMENT/_7SEGMENT.o
 .group         0x0000000000000000        0xc HAL/7SEGMENT/_7SEGMENT.o
 .group         0x0000000000000000        0xc HAL/7SEGMENT/_7SEGMENT.o
 .group         0x0000000000000000        0xc HAL/7SEGMENT/_7SEGMENT.o
 .group         0x0000000000000000        0xc HAL/7SEGMENT/_7SEGMENT.o
 .text          0x0000000000000000        0x0 HAL/7SEGMENT/_7SEGMENT.o
 .data          0x0000000000000000        0x0 HAL/7SEGMENT/_7SEGMENT.o
 .bss           0x0000000000000000        0x0 HAL/7SEGMENT/_7SEGMENT.o
 .text._7_segment_init
                0x0000000000000000       0xc8 HAL/7SEGMENT/_7SEGMENT.o
 .debug_info    0x0000000000000000      0x28d HAL/7SEGMENT/_7SEGMENT.o
 .debug_abbrev  0x0000000000000000       0xb1 HAL/7SEGMENT/_7SEGMENT.o
 .debug_loc     0x0000000000000000       0x2c HAL/7SEGMENT/_7SEGMENT.o
 .debug_aranges
                0x0000000000000000       0x20 HAL/7SEGMENT/_7SEGMENT.o
 .debug_ranges  0x0000000000000000       0x10 HAL/7SEGMENT/_7SEGMENT.o
 .debug_macro   0x0000000000000000       0x64 HAL/7SEGMENT/_7SEGMENT.o
 .debug_macro   0x0000000000000000      0xa60 HAL/7SEGMENT/_7SEGMENT.o
 .debug_macro   0x0000000000000000       0x22 HAL/7SEGMENT/_7SEGMENT.o
 .debug_macro   0x0000000000000000       0x22 HAL/7SEGMENT/_7SEGMENT.o
 .debug_macro   0x0000000000000000       0x52 HAL/7SEGMENT/_7SEGMENT.o
 .debug_macro   0x0000000000000000      0x1b5 HAL/7SEGMENT/_7SEGMENT.o
 .debug_macro   0x0000000000000000       0x40 HAL/7SEGMENT/_7SEGMENT.o
 .debug_line    0x0000000000000000      0x1cb HAL/7SEGMENT/_7SEGMENT.o
 .debug_str     0x0000000000000000     0x3d47 HAL/7SEGMENT/_7SEGMENT.o
 .comment       0x0000000000000000       0x7c HAL/7SEGMENT/_7SEGMENT.o
 .debug_frame   0x0000000000000000       0x2c HAL/7SEGMENT/_7SEGMENT.o
 .ARM.attributes
                0x0000000000000000       0x33 HAL/7SEGMENT/_7SEGMENT.o
 COMMON         0x0000000000000000        0x4 HAL/7SEGMENT/_7SEGMENT.o
 .group         0x0000000000000000        0xc HAL/KEYPAD/keypad.o
 .group         0x0000000000000000        0xc HAL/KEYPAD/keypad.o
 .group         0x0000000000000000        0xc HAL/KEYPAD/keypad.o
 .group         0x0000000000000000        0xc HAL/KEYPAD/keypad.o
 .group         0x0000000000000000        0xc HAL/KEYPAD/keypad.o
 .group         0x0000000000000000        0xc HAL/KEYPAD/keypad.o
 .text          0x0000000000000000        0x0 HAL/KEYPAD/keypad.o
 .data          0x0000000000000000        0x0 HAL/KEYPAD/keypad.o
 .bss           0x0000000000000000        0x0 HAL/KEYPAD/keypad.o
 .data.Key_padRow
                0x0000000000000000       0x10 HAL/KEYPAD/keypad.o
 .data.Key_padCol
                0x0000000000000000       0x10 HAL/KEYPAD/keypad.o
 .rodata.KEYPAD_MAP
                0x0000000000000000       0x10 HAL/KEYPAD/keypad.o
 .text.delay_ms
                0x0000000000000000       0x38 HAL/KEYPAD/keypad.o
 .text.Keypad_init
                0x0000000000000000       0x94 HAL/KEYPAD/keypad.o
 .text.lookupKey
                0x0000000000000000       0x28 HAL/KEYPAD/keypad.o
 .text.Keypad_getkey
                0x0000000000000000       0xc0 HAL/KEYPAD/keypad.o
 .debug_info    0x0000000000000000      0x3e9 HAL/KEYPAD/keypad.o
 .debug_abbrev  0x0000000000000000      0x168 HAL/KEYPAD/keypad.o
 .debug_loc     0x0000000000000000      0x158 HAL/KEYPAD/keypad.o
 .debug_aranges
                0x0000000000000000       0x38 HAL/KEYPAD/keypad.o
 .debug_ranges  0x0000000000000000       0x28 HAL/KEYPAD/keypad.o
 .debug_macro   0x0000000000000000       0x64 HAL/KEYPAD/keypad.o
 .debug_macro   0x0000000000000000      0xa60 HAL/KEYPAD/keypad.o
 .debug_macro   0x0000000000000000       0x22 HAL/KEYPAD/keypad.o
 .debug_macro   0x0000000000000000       0x22 HAL/KEYPAD/keypad.o
 .debug_macro   0x0000000000000000       0x52 HAL/KEYPAD/keypad.o
 .debug_macro   0x0000000000000000      0x1b5 HAL/KEYPAD/keypad.o
 .debug_macro   0x0000000000000000       0x46 HAL/KEYPAD/keypad.o
 .debug_line    0x0000000000000000      0x262 HAL/KEYPAD/keypad.o
 .debug_str     0x0000000000000000     0x3dab HAL/KEYPAD/keypad.o
 .comment       0x0000000000000000       0x7c HAL/KEYPAD/keypad.o
 .debug_frame   0x0000000000000000       0xa8 HAL/KEYPAD/keypad.o
 .ARM.attributes
                0x0000000000000000       0x33 HAL/KEYPAD/keypad.o
 .group         0x0000000000000000        0xc HAL/LCD/lcd.o
 .group         0x0000000000000000        0xc HAL/LCD/lcd.o
 .group         0x0000000000000000        0xc HAL/LCD/lcd.o
 .group         0x0000000000000000        0xc HAL/LCD/lcd.o
 .group         0x0000000000000000        0xc HAL/LCD/lcd.o
 .group         0x0000000000000000        0xc HAL/LCD/lcd.o
 .group         0x0000000000000000        0xc HAL/LCD/lcd.o
 .group         0x0000000000000000        0xc HAL/LCD/lcd.o
 .group         0x0000000000000000        0xc HAL/LCD/lcd.o
 .group         0x0000000000000000        0xc HAL/LCD/lcd.o
 .group         0x0000000000000000        0xc HAL/LCD/lcd.o
 .group         0x0000000000000000        0xc HAL/LCD/lcd.o
 .text          0x0000000000000000        0x0 HAL/LCD/lcd.o
 .data          0x0000000000000000        0x0 HAL/LCD/lcd.o
 .bss           0x0000000000000000        0x0 HAL/LCD/lcd.o
 .text.lcd_send_4bit
                0x0000000000000000       0x78 HAL/LCD/lcd.o
 .text.lcd_send_EN
                0x0000000000000000       0x40 HAL/LCD/lcd.o
 .text.lcd_initialize
                0x0000000000000000       0xee HAL/LCD/lcd.o
 .text.lcd_send_command
                0x0000000000000000       0x62 HAL/LCD/lcd.o
 .text.lcd_send_char_data
                0x0000000000000000       0x62 HAL/LCD/lcd.o
 .text.lcd_set_cursor_pos
                0x0000000000000000       0x78 HAL/LCD/lcd.o
 .text.lcd_send_char_data_pos
                0x0000000000000000       0x38 HAL/LCD/lcd.o
 .text.lcd_send_string
                0x0000000000000000       0x2c HAL/LCD/lcd.o
 .text.lcd_send_string_pos
                0x0000000000000000       0x32 HAL/LCD/lcd.o
 .text.covert_num_to_str
                0x0000000000000000       0xc8 HAL/LCD/lcd.o
 .text.lcd_send_custom_char
                0x0000000000000000       0x6c HAL/LCD/lcd.o
 .text._delay_ms
                0x0000000000000000       0x38 HAL/LCD/lcd.o
 .debug_info    0x0000000000000000      0x6c5 HAL/LCD/lcd.o
 .debug_abbrev  0x0000000000000000      0x155 HAL/LCD/lcd.o
 .debug_loc     0x0000000000000000      0x3d8 HAL/LCD/lcd.o
 .debug_aranges
                0x0000000000000000       0x78 HAL/LCD/lcd.o
 .debug_ranges  0x0000000000000000       0x68 HAL/LCD/lcd.o
 .debug_macro   0x0000000000000000       0xb6 HAL/LCD/lcd.o
 .debug_macro   0x0000000000000000      0xa60 HAL/LCD/lcd.o
 .debug_macro   0x0000000000000000       0x22 HAL/LCD/lcd.o
 .debug_macro   0x0000000000000000       0x22 HAL/LCD/lcd.o
 .debug_macro   0x0000000000000000       0x52 HAL/LCD/lcd.o
 .debug_macro   0x0000000000000000      0x1b5 HAL/LCD/lcd.o
 .debug_macro   0x0000000000000000       0x22 HAL/LCD/lcd.o
 .debug_macro   0x0000000000000000       0x8e HAL/LCD/lcd.o
 .debug_macro   0x0000000000000000       0x51 HAL/LCD/lcd.o
 .debug_macro   0x0000000000000000       0xef HAL/LCD/lcd.o
 .debug_macro   0x0000000000000000       0x6a HAL/LCD/lcd.o
 .debug_macro   0x0000000000000000      0x1df HAL/LCD/lcd.o
 .debug_macro   0x0000000000000000       0xac HAL/LCD/lcd.o
 .debug_line    0x0000000000000000      0x57d HAL/LCD/lcd.o
 .debug_str     0x0000000000000000     0x4f18 HAL/LCD/lcd.o
 .comment       0x0000000000000000       0x7c HAL/LCD/lcd.o
 .debug_frame   0x0000000000000000      0x1c8 HAL/LCD/lcd.o
 .ARM.attributes
                0x0000000000000000       0x33 HAL/LCD/lcd.o
 .group         0x0000000000000000        0xc MCAL/stm32f103x6_EXTI_driver.o
 .group         0x0000000000000000        0xc MCAL/stm32f103x6_EXTI_driver.o
 .group         0x0000000000000000        0xc MCAL/stm32f103x6_EXTI_driver.o
 .group         0x0000000000000000        0xc MCAL/stm32f103x6_EXTI_driver.o
 .group         0x0000000000000000        0xc MCAL/stm32f103x6_EXTI_driver.o
 .group         0x0000000000000000        0xc MCAL/stm32f103x6_EXTI_driver.o
 .group         0x0000000000000000        0xc MCAL/stm32f103x6_EXTI_driver.o
 .text          0x0000000000000000        0x0 MCAL/stm32f103x6_EXTI_driver.o
 .data          0x0000000000000000        0x0 MCAL/stm32f103x6_EXTI_driver.o
 .bss           0x0000000000000000        0x0 MCAL/stm32f103x6_EXTI_driver.o
 .text.EXTI_SYSCFG
                0x0000000000000000       0xb8 MCAL/stm32f103x6_EXTI_driver.o
 .text.NVIC_EnableIRQ
                0x0000000000000000       0x70 MCAL/stm32f103x6_EXTI_driver.o
 .text.NVIC_DisableIRQ
                0x0000000000000000       0x70 MCAL/stm32f103x6_EXTI_driver.o
 .text.EXTI_Init
                0x0000000000000000      0x190 MCAL/stm32f103x6_EXTI_driver.o
 .text.EXTI_Deinit
                0x0000000000000000       0xe0 MCAL/stm32f103x6_EXTI_driver.o
 .text.EXTI_SetCallback
                0x0000000000000000       0x24 MCAL/stm32f103x6_EXTI_driver.o
 .debug_macro   0x0000000000000000      0xa60 MCAL/stm32f103x6_EXTI_driver.o
 .debug_macro   0x0000000000000000       0x22 MCAL/stm32f103x6_EXTI_driver.o
 .debug_macro   0x0000000000000000       0x22 MCAL/stm32f103x6_EXTI_driver.o
 .debug_macro   0x0000000000000000       0x52 MCAL/stm32f103x6_EXTI_driver.o
 .debug_macro   0x0000000000000000      0x1b5 MCAL/stm32f103x6_EXTI_driver.o
 .group         0x0000000000000000        0xc MCAL/stm32f103x6_GPIO_driver.o
 .group         0x0000000000000000        0xc MCAL/stm32f103x6_GPIO_driver.o
 .group         0x0000000000000000        0xc MCAL/stm32f103x6_GPIO_driver.o
 .group         0x0000000000000000        0xc MCAL/stm32f103x6_GPIO_driver.o
 .group         0x0000000000000000        0xc MCAL/stm32f103x6_GPIO_driver.o
 .text          0x0000000000000000        0x0 MCAL/stm32f103x6_GPIO_driver.o
 .data          0x0000000000000000        0x0 MCAL/stm32f103x6_GPIO_driver.o
 .bss           0x0000000000000000        0x0 MCAL/stm32f103x6_GPIO_driver.o
 .text.MCAL_GPIO_DeInit
                0x0000000000000000       0xb0 MCAL/stm32f103x6_GPIO_driver.o
 .text.MCAL_GPIO_ReadPin
                0x0000000000000000       0x32 MCAL/stm32f103x6_GPIO_driver.o
 .text.MCAL_GPIO_ReadPort
                0x0000000000000000       0x18 MCAL/stm32f103x6_GPIO_driver.o
 .text.MCAL_GPIO_WritePin
                0x0000000000000000       0x50 MCAL/stm32f103x6_GPIO_driver.o
 .text.MCAL_GPIO_WritePort
                0x0000000000000000       0x24 MCAL/stm32f103x6_GPIO_driver.o
 .text.MCAL_GPIO_TogglePin
                0x0000000000000000       0x36 MCAL/stm32f103x6_GPIO_driver.o
 .text.MCAL_GPIO_LockPin
                0x0000000000000000       0x80 MCAL/stm32f103x6_GPIO_driver.o
 .debug_macro   0x0000000000000000      0xa60 MCAL/stm32f103x6_GPIO_driver.o
 .debug_macro   0x0000000000000000       0x22 MCAL/stm32f103x6_GPIO_driver.o
 .debug_macro   0x0000000000000000       0x22 MCAL/stm32f103x6_GPIO_driver.o
 .debug_macro   0x0000000000000000       0x52 MCAL/stm32f103x6_GPIO_driver.o
 .debug_macro   0x0000000000000000      0x1b5 MCAL/stm32f103x6_GPIO_driver.o
 .group         0x0000000000000000        0xc MCAL/stm32f103x6_RCC_driver.o
 .group         0x0000000000000000        0xc MCAL/stm32f103x6_RCC_driver.o
 .group         0x0000000000000000        0xc MCAL/stm32f103x6_RCC_driver.o
 .group         0x0000000000000000        0xc MCAL/stm32f103x6_RCC_driver.o
 .group         0x0000000000000000        0xc MCAL/stm32f103x6_RCC_driver.o
 .group         0x0000000000000000        0xc MCAL/stm32f103x6_RCC_driver.o
 .text          0x0000000000000000        0x0 MCAL/stm32f103x6_RCC_driver.o
 .data          0x0000000000000000        0x0 MCAL/stm32f103x6_RCC_driver.o
 .bss           0x0000000000000000        0x0 MCAL/stm32f103x6_RCC_driver.o
 .debug_macro   0x0000000000000000      0xa60 MCAL/stm32f103x6_RCC_driver.o
 .debug_macro   0x0000000000000000       0x22 MCAL/stm32f103x6_RCC_driver.o
 .debug_macro   0x0000000000000000       0x22 MCAL/stm32f103x6_RCC_driver.o
 .debug_macro   0x0000000000000000       0x52 MCAL/stm32f103x6_RCC_driver.o
 .debug_macro   0x0000000000000000      0x1b5 MCAL/stm32f103x6_RCC_driver.o
 .group         0x0000000000000000        0xc MCAL/stm32f103x6_USART_driver.o
 .group         0x0000000000000000        0xc MCAL/stm32f103x6_USART_driver.o
 .group         0x0000000000000000        0xc MCAL/stm32f103x6_USART_driver.o
 .group         0x0000000000000000        0xc MCAL/stm32f103x6_USART_driver.o
 .group         0x0000000000000000        0xc MCAL/stm32f103x6_USART_driver.o
 .group         0x0000000000000000        0xc MCAL/stm32f103x6_USART_driver.o
 .group         0x0000000000000000        0xc MCAL/stm32f103x6_USART_driver.o
 .text          0x0000000000000000        0x0 MCAL/stm32f103x6_USART_driver.o
 .data          0x0000000000000000        0x0 MCAL/stm32f103x6_USART_driver.o
 .bss           0x0000000000000000        0x0 MCAL/stm32f103x6_USART_driver.o
 .text.MCAL_USART_WaitForTc
                0x0000000000000000       0x24 MCAL/stm32f103x6_USART_driver.o
 .text.MCAL_USART_Deinit
                0x0000000000000000       0x84 MCAL/stm32f103x6_USART_driver.o
 .text.MCAL_USART_TransmitByte
                0x0000000000000000       0x34 MCAL/stm32f103x6_USART_driver.o
 .text.MCAL_USART_TransmitString
                0x0000000000000000       0x2e MCAL/stm32f103x6_USART_driver.o
 .text.MCAL_USART_RecieveByte
                0x0000000000000000       0x72 MCAL/stm32f103x6_USART_driver.o
 .debug_macro   0x0000000000000000      0xa60 MCAL/stm32f103x6_USART_driver.o
 .debug_macro   0x0000000000000000       0x22 MCAL/stm32f103x6_USART_driver.o
 .debug_macro   0x0000000000000000       0x22 MCAL/stm32f103x6_USART_driver.o
 .debug_macro   0x0000000000000000       0x52 MCAL/stm32f103x6_USART_driver.o
 .debug_macro   0x0000000000000000      0x1b5 MCAL/stm32f103x6_USART_driver.o
 .debug_macro   0x0000000000000000       0x10 MCAL/stm32f103x6_USART_driver.o
 .group         0x0000000000000000        0xc Src/main.o
 .group         0x0000000000000000        0xc Src/main.o
 .group         0x0000000000000000        0xc Src/main.o
 .group         0x0000000000000000        0xc Src/main.o
 .group         0x0000000000000000        0xc Src/main.o
 .group         0x0000000000000000        0xc Src/main.o
 .text          0x0000000000000000        0x0 Src/main.o
 .data          0x0000000000000000        0x0 Src/main.o
 .bss           0x0000000000000000        0x0 Src/main.o
 .debug_macro   0x0000000000000000      0xa60 Src/main.o
 .debug_macro   0x0000000000000000       0x22 Src/main.o
 .debug_macro   0x0000000000000000       0x22 Src/main.o
 .debug_macro   0x0000000000000000       0x52 Src/main.o
 .debug_macro   0x0000000000000000      0x1b5 Src/main.o
 .debug_macro   0x0000000000000000       0x16 Src/main.o
 .group         0x0000000000000000        0xc Src/syscalls.o
 .group         0x0000000000000000        0xc Src/syscalls.o
 .group         0x0000000000000000        0xc Src/syscalls.o
 .group         0x0000000000000000        0xc Src/syscalls.o
 .group         0x0000000000000000        0xc Src/syscalls.o
 .group         0x0000000000000000        0xc Src/syscalls.o
 .group         0x0000000000000000        0xc Src/syscalls.o
 .group         0x0000000000000000        0xc Src/syscalls.o
 .group         0x0000000000000000        0xc Src/syscalls.o
 .group         0x0000000000000000        0xc Src/syscalls.o
 .group         0x0000000000000000        0xc Src/syscalls.o
 .group         0x0000000000000000        0xc Src/syscalls.o
 .group         0x0000000000000000        0xc Src/syscalls.o
 .group         0x0000000000000000        0xc Src/syscalls.o
 .group         0x0000000000000000        0xc Src/syscalls.o
 .group         0x0000000000000000        0xc Src/syscalls.o
 .group         0x0000000000000000        0xc Src/syscalls.o
 .group         0x0000000000000000        0xc Src/syscalls.o
 .group         0x0000000000000000        0xc Src/syscalls.o
 .group         0x0000000000000000        0xc Src/syscalls.o
 .group         0x0000000000000000        0xc Src/syscalls.o
 .group         0x0000000000000000        0xc Src/syscalls.o
 .group         0x0000000000000000        0xc Src/syscalls.o
 .group         0x0000000000000000        0xc Src/syscalls.o
 .group         0x0000000000000000        0xc Src/syscalls.o
 .group         0x0000000000000000        0xc Src/syscalls.o
 .group         0x0000000000000000        0xc Src/syscalls.o
 .group         0x0000000000000000        0xc Src/syscalls.o
 .group         0x0000000000000000        0xc Src/syscalls.o
 .group         0x0000000000000000        0xc Src/syscalls.o
 .group         0x0000000000000000        0xc Src/syscalls.o
 .group         0x0000000000000000        0xc Src/syscalls.o
 .group         0x0000000000000000        0xc Src/syscalls.o
 .group         0x0000000000000000        0xc Src/syscalls.o
 .group         0x0000000000000000        0xc Src/syscalls.o
 .group         0x0000000000000000        0xc Src/syscalls.o
 .group         0x0000000000000000        0xc Src/syscalls.o
 .group         0x0000000000000000        0xc Src/syscalls.o
 .group         0x0000000000000000        0xc Src/syscalls.o
 .group         0x0000000000000000        0xc Src/syscalls.o
 .group         0x0000000000000000        0xc Src/syscalls.o
 .group         0x0000000000000000        0xc Src/syscalls.o
 .group         0x0000000000000000        0xc Src/syscalls.o
 .group         0x0000000000000000        0xc Src/syscalls.o
 .text          0x0000000000000000        0x0 Src/syscalls.o
 .data          0x0000000000000000        0x0 Src/syscalls.o
 .bss           0x0000000000000000        0x0 Src/syscalls.o
 .bss.__env     0x0000000000000000        0x4 Src/syscalls.o
 .data.environ  0x0000000000000000        0x4 Src/syscalls.o
 .text.initialise_monitor_handles
                0x0000000000000000        0xc Src/syscalls.o
 .text._getpid  0x0000000000000000        0xe Src/syscalls.o
 .text._kill    0x0000000000000000       0x20 Src/syscalls.o
 .text._exit    0x0000000000000000       0x14 Src/syscalls.o
 .text._read    0x0000000000000000       0x3a Src/syscalls.o
 .text._write   0x0000000000000000       0x38 Src/syscalls.o
 .text._close   0x0000000000000000       0x16 Src/syscalls.o
 .text._fstat   0x0000000000000000       0x1e Src/syscalls.o
 .text._isatty  0x0000000000000000       0x14 Src/syscalls.o
 .text._lseek   0x0000000000000000       0x18 Src/syscalls.o
 .text._open    0x0000000000000000       0x1a Src/syscalls.o
 .text._wait    0x0000000000000000       0x1e Src/syscalls.o
 .text._unlink  0x0000000000000000       0x1e Src/syscalls.o
 .text._times   0x0000000000000000       0x16 Src/syscalls.o
 .text._stat    0x0000000000000000       0x1e Src/syscalls.o
 .text._link    0x0000000000000000       0x20 Src/syscalls.o
 .text._fork    0x0000000000000000       0x16 Src/syscalls.o
 .text._execve  0x0000000000000000       0x22 Src/syscalls.o
 .debug_info    0x0000000000000000     0x1038 Src/syscalls.o
 .debug_abbrev  0x0000000000000000      0x254 Src/syscalls.o
 .debug_loc     0x0000000000000000      0x5b8 Src/syscalls.o
 .debug_aranges
                0x0000000000000000       0xa8 Src/syscalls.o
 .debug_ranges  0x0000000000000000       0x98 Src/syscalls.o
 .debug_macro   0x0000000000000000      0x243 Src/syscalls.o
 .debug_macro   0x0000000000000000      0xa60 Src/syscalls.o
 .debug_macro   0x0000000000000000       0x22 Src/syscalls.o
 .debug_macro   0x0000000000000000       0x40 Src/syscalls.o
 .debug_macro   0x0000000000000000       0x18 Src/syscalls.o
 .debug_macro   0x0000000000000000       0x94 Src/syscalls.o
 .debug_macro   0x0000000000000000       0x3c Src/syscalls.o
 .debug_macro   0x0000000000000000       0x34 Src/syscalls.o
 .debug_macro   0x0000000000000000       0x57 Src/syscalls.o
 .debug_macro   0x0000000000000000      0x174 Src/syscalls.o
 .debug_macro   0x0000000000000000      0x330 Src/syscalls.o
 .debug_macro   0x0000000000000000       0x52 Src/syscalls.o
 .debug_macro   0x0000000000000000       0x1f Src/syscalls.o
 .debug_macro   0x0000000000000000       0x43 Src/syscalls.o
 .debug_macro   0x0000000000000000       0x20 Src/syscalls.o
 .debug_macro   0x0000000000000000      0x1a3 Src/syscalls.o
 .debug_macro   0x0000000000000000       0x10 Src/syscalls.o
 .debug_macro   0x0000000000000000       0x35 Src/syscalls.o
 .debug_macro   0x0000000000000000       0x10 Src/syscalls.o
 .debug_macro   0x0000000000000000       0x10 Src/syscalls.o
 .debug_macro   0x0000000000000000       0x10 Src/syscalls.o
 .debug_macro   0x0000000000000000       0x6a Src/syscalls.o
 .debug_macro   0x0000000000000000       0x1c Src/syscalls.o
 .debug_macro   0x0000000000000000       0x52 Src/syscalls.o
 .debug_macro   0x0000000000000000       0x40 Src/syscalls.o
 .debug_macro   0x0000000000000000       0x10 Src/syscalls.o
 .debug_macro   0x0000000000000000       0x40 Src/syscalls.o
 .debug_macro   0x0000000000000000       0xd7 Src/syscalls.o
 .debug_macro   0x0000000000000000       0x1c Src/syscalls.o
 .debug_macro   0x0000000000000000       0x3d Src/syscalls.o
 .debug_macro   0x0000000000000000       0x35 Src/syscalls.o
 .debug_macro   0x0000000000000000      0x122 Src/syscalls.o
 .debug_macro   0x0000000000000000       0x16 Src/syscalls.o
 .debug_macro   0x0000000000000000       0x16 Src/syscalls.o
 .debug_macro   0x0000000000000000       0x29 Src/syscalls.o
 .debug_macro   0x0000000000000000       0x10 Src/syscalls.o
 .debug_macro   0x0000000000000000      0x241 Src/syscalls.o
 .debug_macro   0x0000000000000000       0x1c Src/syscalls.o
 .debug_macro   0x0000000000000000       0x10 Src/syscalls.o
 .debug_macro   0x0000000000000000       0x10 Src/syscalls.o
 .debug_macro   0x0000000000000000       0x16 Src/syscalls.o
 .debug_macro   0x0000000000000000      0x145 Src/syscalls.o
 .debug_macro   0x0000000000000000      0x189 Src/syscalls.o
 .debug_macro   0x0000000000000000       0x16 Src/syscalls.o
 .debug_macro   0x0000000000000000       0x88 Src/syscalls.o
 .debug_line    0x0000000000000000      0x739 Src/syscalls.o
 .debug_str     0x0000000000000000     0x886a Src/syscalls.o
 .comment       0x0000000000000000       0x7c Src/syscalls.o
 .debug_frame   0x0000000000000000      0x2ac Src/syscalls.o
 .ARM.attributes
                0x0000000000000000       0x33 Src/syscalls.o
 .group         0x0000000000000000        0xc Src/sysmem.o
 .group         0x0000000000000000        0xc Src/sysmem.o
 .group         0x0000000000000000        0xc Src/sysmem.o
 .group         0x0000000000000000        0xc Src/sysmem.o
 .group         0x0000000000000000        0xc Src/sysmem.o
 .group         0x0000000000000000        0xc Src/sysmem.o
 .group         0x0000000000000000        0xc Src/sysmem.o
 .group         0x0000000000000000        0xc Src/sysmem.o
 .group         0x0000000000000000        0xc Src/sysmem.o
 .group         0x0000000000000000        0xc Src/sysmem.o
 .group         0x0000000000000000        0xc Src/sysmem.o
 .group         0x0000000000000000        0xc Src/sysmem.o
 .group         0x0000000000000000        0xc Src/sysmem.o
 .group         0x0000000000000000        0xc Src/sysmem.o
 .group         0x0000000000000000        0xc Src/sysmem.o
 .group         0x0000000000000000        0xc Src/sysmem.o
 .group         0x0000000000000000        0xc Src/sysmem.o
 .group         0x0000000000000000        0xc Src/sysmem.o
 .group         0x0000000000000000        0xc Src/sysmem.o
 .text          0x0000000000000000        0x0 Src/sysmem.o
 .data          0x0000000000000000        0x0 Src/sysmem.o
 .bss           0x0000000000000000        0x0 Src/sysmem.o
 .bss.__sbrk_heap_end
                0x0000000000000000        0x4 Src/sysmem.o
 .text._sbrk    0x0000000000000000       0x6c Src/sysmem.o
 .debug_info    0x0000000000000000      0xa7c Src/sysmem.o
 .debug_abbrev  0x0000000000000000      0x18e Src/sysmem.o
 .debug_loc     0x0000000000000000       0x50 Src/sysmem.o
 .debug_aranges
                0x0000000000000000       0x20 Src/sysmem.o
 .debug_ranges  0x0000000000000000       0x10 Src/sysmem.o
 .debug_macro   0x0000000000000000       0xee Src/sysmem.o
 .debug_macro   0x0000000000000000      0xa60 Src/sysmem.o
 .debug_macro   0x0000000000000000       0x10 Src/sysmem.o
 .debug_macro   0x0000000000000000       0x22 Src/sysmem.o
 .debug_macro   0x0000000000000000       0x40 Src/sysmem.o
 .debug_macro   0x0000000000000000       0x18 Src/sysmem.o
 .debug_macro   0x0000000000000000       0x94 Src/sysmem.o
 .debug_macro   0x0000000000000000       0x3c Src/sysmem.o
 .debug_macro   0x0000000000000000       0x34 Src/sysmem.o
 .debug_macro   0x0000000000000000      0x174 Src/sysmem.o
 .debug_macro   0x0000000000000000       0x57 Src/sysmem.o
 .debug_macro   0x0000000000000000       0x52 Src/sysmem.o
 .debug_macro   0x0000000000000000       0x1f Src/sysmem.o
 .debug_macro   0x0000000000000000       0x43 Src/sysmem.o
 .debug_macro   0x0000000000000000       0x20 Src/sysmem.o
 .debug_macro   0x0000000000000000      0x1a3 Src/sysmem.o
 .debug_macro   0x0000000000000000      0x23b Src/sysmem.o
 .debug_macro   0x0000000000000000       0xef Src/sysmem.o
 .debug_macro   0x0000000000000000       0x6a Src/sysmem.o
 .debug_macro   0x0000000000000000      0x1df Src/sysmem.o
 .debug_line    0x0000000000000000      0x4c2 Src/sysmem.o
 .debug_str     0x0000000000000000     0x5f38 Src/sysmem.o
 .comment       0x0000000000000000       0x7c Src/sysmem.o
 .debug_frame   0x0000000000000000       0x34 Src/sysmem.o
 .ARM.attributes
                0x0000000000000000       0x33 Src/sysmem.o
 .text          0x0000000000000000       0x14 Startup/startup_stm32f103c6tx.o
 .data          0x0000000000000000        0x0 Startup/startup_stm32f103c6tx.o
 .bss           0x0000000000000000        0x0 Startup/startup_stm32f103c6tx.o
 .text          0x0000000000000000        0x0 c:/st/stm32cubeide_1.4.0/stm32cubeide/plugins/com.st.stm32cube.ide.mcu.externaltools.gnu-tools-for-stm32.7-2018-q2-update.win32_1.4.0.202007081208/tools/bin/../lib/gcc/arm-none-eabi/7.3.1/../../../../arm-none-eabi/lib/thumb/v7-m\libc_nano.a(lib_a-errno.o)
 .data          0x0000000000000000        0x0 c:/st/stm32cubeide_1.4.0/stm32cubeide/plugins/com.st.stm32cube.ide.mcu.externaltools.gnu-tools-for-stm32.7-2018-q2-update.win32_1.4.0.202007081208/tools/bin/../lib/gcc/arm-none-eabi/7.3.1/../../../../arm-none-eabi/lib/thumb/v7-m\libc_nano.a(lib_a-errno.o)
 .bss           0x0000000000000000        0x0 c:/st/stm32cubeide_1.4.0/stm32cubeide/plugins/com.st.stm32cube.ide.mcu.externaltools.gnu-tools-for-stm32.7-2018-q2-update.win32_1.4.0.202007081208/tools/bin/../lib/gcc/arm-none-eabi/7.3.1/../../../../arm-none-eabi/lib/thumb/v7-m\libc_nano.a(lib_a-errno.o)
 .text.__errno  0x0000000000000000        0xc c:/st/stm32cubeide_1.4.0/stm32cubeide/plugins/com.st.stm32cube.ide.mcu.externaltools.gnu-tools-for-stm32.7-2018-q2-update.win32_1.4.0.202007081208/tools/bin/../lib/gcc/arm-none-eabi/7.3.1/../../../../arm-none-eabi/lib/thumb/v7-m\libc_nano.a(lib_a-errno.o)
 .debug_frame   0x0000000000000000       0x20 c:/st/stm32cubeide_1.4.0/stm32cubeide/plugins/com.st.stm32cube.ide.mcu.externaltools.gnu-tools-for-stm32.7-2018-q2-update.win32_1.4.0.202007081208/tools/bin/../lib/gcc/arm-none-eabi/7.3.1/../../../../arm-none-eabi/lib/thumb/v7-m\libc_nano.a(lib_a-errno.o)
 .ARM.attributes
                0x0000000000000000       0x2d c:/st/stm32cubeide_1.4.0/stm32cubeide/plugins/com.st.stm32cube.ide.mcu.externaltools.gnu-tools-for-stm32.7-2018-q2-update.win32_1.4.0.202007081208/tools/bin/../lib/gcc/arm-none-eabi/7.3.1/../../../../arm-none-eabi/lib/thumb/v7-m\libc_nano.a(lib_a-errno.o)
 .text          0x0000000000000000        0x0 c:/st/stm32cubeide_1.4.0/stm32cubeide/plugins/com.st.stm32cube.ide.mcu.externaltools.gnu-tools-for-stm32.7-2018-q2-update.win32_1.4.0.202007081208/tools/bin/../lib/gcc/arm-none-eabi/7.3.1/../../../../arm-none-eabi/lib/thumb/v7-m\libc_nano.a(lib_a-exit.o)
 .data          0x0000000000000000        0x0 c:/st/stm32cubeide_1.4.0/stm32cubeide/plugins/com.st.stm32cube.ide.mcu.externaltools.gnu-tools-for-stm32.7-2018-q2-update.win32_1.4.0.202007081208/tools/bin/../lib/gcc/arm-none-eabi/7.3.1/../../../../arm-none-eabi/lib/thumb/v7-m\libc_nano.a(lib_a-exit.o)
 .bss           0x0000000000000000        0x0 c:/st/stm32cubeide_1.4.0/stm32cubeide/plugins/com.st.stm32cube.ide.mcu.externaltools.gnu-tools-for-stm32.7-2018-q2-update.win32_1.4.0.202007081208/tools/bin/../lib/gcc/arm-none-eabi/7.3.1/../../../../arm-none-eabi/lib/thumb/v7-m\libc_nano.a(lib_a-exit.o)
 .text.exit     0x0000000000000000       0x28 c:/st/stm32cubeide_1.4.0/stm32cubeide/plugins/com.st.stm32cube.ide.mcu.externaltools.gnu-tools-for-stm32.7-2018-q2-update.win32_1.4.0.202007081208/tools/bin/../lib/gcc/arm-none-eabi/7.3.1/../../../../arm-none-eabi/lib/thumb/v7-m\libc_nano.a(lib_a-exit.o)
 .debug_frame   0x0000000000000000       0x28 c:/st/stm32cubeide_1.4.0/stm32cubeide/plugins/com.st.stm32cube.ide.mcu.externaltools.gnu-tools-for-stm32.7-2018-q2-update.win32_1.4.0.202007081208/tools/bin/../lib/gcc/arm-none-eabi/7.3.1/../../../../arm-none-eabi/lib/thumb/v7-m\libc_nano.a(lib_a-exit.o)
 .ARM.attributes
                0x0000000000000000       0x2d c:/st/stm32cubeide_1.4.0/stm32cubeide/plugins/com.st.stm32cube.ide.mcu.externaltools.gnu-tools-for-stm32.7-2018-q2-update.win32_1.4.0.202007081208/tools/bin/../lib/gcc/arm-none-eabi/7.3.1/../../../../arm-none-eabi/lib/thumb/v7-m\libc_nano.a(lib_a-exit.o)
 .text          0x0000000000000000        0x0 c:/st/stm32cubeide_1.4.0/stm32cubeide/plugins/com.st.stm32cube.ide.mcu.externaltools.gnu-tools-for-stm32.7-2018-q2-update.win32_1.4.0.202007081208/tools/bin/../lib/gcc/arm-none-eabi/7.3.1/../../../../arm-none-eabi/lib/thumb/v7-m\libc_nano.a(lib_a-impure.o)
 .data          0x0000000000000000        0x0 c:/st/stm32cubeide_1.4.0/stm32cubeide/plugins/com.st.stm32cube.ide.mcu.externaltools.gnu-tools-for-stm32.7-2018-q2-update.win32_1.4.0.202007081208/tools/bin/../lib/gcc/arm-none-eabi/7.3.1/../../../../arm-none-eabi/lib/thumb/v7-m\libc_nano.a(lib_a-impure.o)
 .bss           0x0000000000000000        0x0 c:/st/stm32cubeide_1.4.0/stm32cubeide/plugins/com.st.stm32cube.ide.mcu.externaltools.gnu-tools-for-stm32.7-2018-q2-update.win32_1.4.0.202007081208/tools/bin/../lib/gcc/arm-none-eabi/7.3.1/../../../../arm-none-eabi/lib/thumb/v7-m\libc_nano.a(lib_a-impure.o)
 .data._impure_ptr
                0x0000000000000000        0x4 c:/st/stm32cubeide_1.4.0/stm32cubeide/plugins/com.st.stm32cube.ide.mcu.externaltools.gnu-tools-for-stm32.7-2018-q2-update.win32_1.4.0.202007081208/tools/bin/../lib/gcc/arm-none-eabi/7.3.1/../../../../arm-none-eabi/lib/thumb/v7-m\libc_nano.a(lib_a-impure.o)
 .data.impure_data
                0x0000000000000000       0x60 c:/st/stm32cubeide_1.4.0/stm32cubeide/plugins/com.st.stm32cube.ide.mcu.externaltools.gnu-tools-for-stm32.7-2018-q2-update.win32_1.4.0.202007081208/tools/bin/../lib/gcc/arm-none-eabi/7.3.1/../../../../arm-none-eabi/lib/thumb/v7-m\libc_nano.a(lib_a-impure.o)
 .rodata._global_impure_ptr
                0x0000000000000000        0x4 c:/st/stm32cubeide_1.4.0/stm32cubeide/plugins/com.st.stm32cube.ide.mcu.externaltools.gnu-tools-for-stm32.7-2018-q2-update.win32_1.4.0.202007081208/tools/bin/../lib/gcc/arm-none-eabi/7.3.1/../../../../arm-none-eabi/lib/thumb/v7-m\libc_nano.a(lib_a-impure.o)
 .ARM.attributes
                0x0000000000000000       0x2d c:/st/stm32cubeide_1.4.0/stm32cubeide/plugins/com.st.stm32cube.ide.mcu.externaltools.gnu-tools-for-stm32.7-2018-q2-update.win32_1.4.0.202007081208/tools/bin/../lib/gcc/arm-none-eabi/7.3.1/../../../../arm-none-eabi/lib/thumb/v7-m\libc_nano.a(lib_a-impure.o)
 .text          0x0000000000000000        0x0 c:/st/stm32cubeide_1.4.0/stm32cubeide/plugins/com.st.stm32cube.ide.mcu.externaltools.gnu-tools-for-stm32.7-2018-q2-update.win32_1.4.0.202007081208/tools/bin/../lib/gcc/arm-none-eabi/7.3.1/../../../../arm-none-eabi/lib/thumb/v7-m\libc_nano.a(lib_a-init.o)
 .data          0x0000000000000000        0x0 c:/st/stm32cubeide_1.4.0/stm32cubeide/plugins/com.st.stm32cube.ide.mcu.externaltools.gnu-tools-for-stm32.7-2018-q2-update.win32_1.4.0.202007081208/tools/bin/../lib/gcc/arm-none-eabi/7.3.1/../../../../arm-none-eabi/lib/thumb/v7-m\libc_nano.a(lib_a-init.o)
 .bss           0x0000000000000000        0x0 c:/st/stm32cubeide_1.4.0/stm32cubeide/plugins/com.st.stm32cube.ide.mcu.externaltools.gnu-tools-for-stm32.7-2018-q2-update.win32_1.4.0.202007081208/tools/bin/../lib/gcc/arm-none-eabi/7.3.1/../../../../arm-none-eabi/lib/thumb/v7-m\libc_nano.a(lib_a-init.o)
 .text          0x0000000000000000        0x0 c:/st/stm32cubeide_1.4.0/stm32cubeide/plugins/com.st.stm32cube.ide.mcu.externaltools.gnu-tools-for-stm32.7-2018-q2-update.win32_1.4.0.202007081208/tools/bin/../lib/gcc/arm-none-eabi/7.3.1/../../../../arm-none-eabi/lib/thumb/v7-m\libc_nano.a(lib_a-memset.o)
 .data          0x0000000000000000        0x0 c:/st/stm32cubeide_1.4.0/stm32cubeide/plugins/com.st.stm32cube.ide.mcu.externaltools.gnu-tools-for-stm32.7-2018-q2-update.win32_1.4.0.202007081208/tools/bin/../lib/gcc/arm-none-eabi/7.3.1/../../../../arm-none-eabi/lib/thumb/v7-m\libc_nano.a(lib_a-memset.o)
 .bss           0x0000000000000000        0x0 c:/st/stm32cubeide_1.4.0/stm32cubeide/plugins/com.st.stm32cube.ide.mcu.externaltools.gnu-tools-for-stm32.7-2018-q2-update.win32_1.4.0.202007081208/tools/bin/../lib/gcc/arm-none-eabi/7.3.1/../../../../arm-none-eabi/lib/thumb/v7-m\libc_nano.a(lib_a-memset.o)
 .text.memset   0x0000000000000000       0x10 c:/st/stm32cubeide_1.4.0/stm32cubeide/plugins/com.st.stm32cube.ide.mcu.externaltools.gnu-tools-for-stm32.7-2018-q2-update.win32_1.4.0.202007081208/tools/bin/../lib/gcc/arm-none-eabi/7.3.1/../../../../arm-none-eabi/lib/thumb/v7-m\libc_nano.a(lib_a-memset.o)
 .debug_frame   0x0000000000000000       0x20 c:/st/stm32cubeide_1.4.0/stm32cubeide/plugins/com.st.stm32cube.ide.mcu.externaltools.gnu-tools-for-stm32.7-2018-q2-update.win32_1.4.0.202007081208/tools/bin/../lib/gcc/arm-none-eabi/7.3.1/../../../../arm-none-eabi/lib/thumb/v7-m\libc_nano.a(lib_a-memset.o)
 .ARM.attributes
                0x0000000000000000       0x2d c:/st/stm32cubeide_1.4.0/stm32cubeide/plugins/com.st.stm32cube.ide.mcu.externaltools.gnu-tools-for-stm32.7-2018-q2-update.win32_1.4.0.202007081208/tools/bin/../lib/gcc/arm-none-eabi/7.3.1/../../../../arm-none-eabi/lib/thumb/v7-m\libc_nano.a(lib_a-memset.o)
 .text          0x0000000000000000        0x0 c:/st/stm32cubeide_1.4.0/stm32cubeide/plugins/com.st.stm32cube.ide.mcu.externaltools.gnu-tools-for-stm32.7-2018-q2-update.win32_1.4.0.202007081208/tools/bin/../lib/gcc/arm-none-eabi/7.3.1/thumb/v7-m/crtend.o
 .data          0x0000000000000000        0x0 c:/st/stm32cubeide_1.4.0/stm32cubeide/plugins/com.st.stm32cube.ide.mcu.externaltools.gnu-tools-for-stm32.7-2018-q2-update.win32_1.4.0.202007081208/tools/bin/../lib/gcc/arm-none-eabi/7.3.1/thumb/v7-m/crtend.o
 .bss           0x0000000000000000        0x0 c:/st/stm32cubeide_1.4.0/stm32cubeide/plugins/com.st.stm32cube.ide.mcu.externaltools.gnu-tools-for-stm32.7-2018-q2-update.win32_1.4.0.202007081208/tools/bin/../lib/gcc/arm-none-eabi/7.3.1/thumb/v7-m/crtend.o
 .eh_frame      0x0000000000000000        0x4 c:/st/stm32cubeide_1.4.0/stm32cubeide/plugins/com.st.stm32cube.ide.mcu.externaltools.gnu-tools-for-stm32.7-2018-q2-update.win32_1.4.0.202007081208/tools/bin/../lib/gcc/arm-none-eabi/7.3.1/thumb/v7-m/crtend.o
 .ARM.attributes
                0x0000000000000000       0x2d c:/st/stm32cubeide_1.4.0/stm32cubeide/plugins/com.st.stm32cube.ide.mcu.externaltools.gnu-tools-for-stm32.7-2018-q2-update.win32_1.4.0.202007081208/tools/bin/../lib/gcc/arm-none-eabi/7.3.1/thumb/v7-m/crtend.o
 .text          0x0000000000000000        0x0 c:/st/stm32cubeide_1.4.0/stm32cubeide/plugins/com.st.stm32cube.ide.mcu.externaltools.gnu-tools-for-stm32.7-2018-q2-update.win32_1.4.0.202007081208/tools/bin/../lib/gcc/arm-none-eabi/7.3.1/thumb/v7-m/crtn.o
 .data          0x0000000000000000        0x0 c:/st/stm32cubeide_1.4.0/stm32cubeide/plugins/com.st.stm32cube.ide.mcu.externaltools.gnu-tools-for-stm32.7-2018-q2-update.win32_1.4.0.202007081208/tools/bin/../lib/gcc/arm-none-eabi/7.3.1/thumb/v7-m/crtn.o
 .bss           0x0000000000000000        0x0 c:/st/stm32cubeide_1.4.0/stm32cubeide/plugins/com.st.stm32cube.ide.mcu.externaltools.gnu-tools-for-stm32.7-2018-q2-update.win32_1.4.0.202007081208/tools/bin/../lib/gcc/arm-none-eabi/7.3.1/thumb/v7-m/crtn.o

Memory Configuration

Name             Origin             Length             Attributes
RAM              0x0000000020000000 0x0000000000002800 xrw
ROM              0x0000000008000000 0x0000000000008000 xr
*default*        0x0000000000000000 0xffffffffffffffff

Linker script and memory map

LOAD c:/st/stm32cubeide_1.4.0/stm32cubeide/plugins/com.st.stm32cube.ide.mcu.externaltools.gnu-tools-for-stm32.7-2018-q2-update.win32_1.4.0.202007081208/tools/bin/../lib/gcc/arm-none-eabi/7.3.1/thumb/v7-m/crti.o
LOAD c:/st/stm32cubeide_1.4.0/stm32cubeide/plugins/com.st.stm32cube.ide.mcu.externaltools.gnu-tools-for-stm32.7-2018-q2-update.win32_1.4.0.202007081208/tools/bin/../lib/gcc/arm-none-eabi/7.3.1/thumb/v7-m/crtbegin.o
LOAD c:/st/stm32cubeide_1.4.0/stm32cubeide/plugins/com.st.stm32cube.ide.mcu.externaltools.gnu-tools-for-stm32.7-2018-q2-update.win32_1.4.0.202007081208/tools/bin/../lib/gcc/arm-none-eabi/7.3.1/../../../../arm-none-eabi/lib/thumb/v7-m/crt0.o
LOAD HAL/7SEGMENT/_7SEGMENT.o
LOAD HAL/KEYPAD/keypad.o
LOAD HAL/LCD/lcd.o
LOAD MCAL/stm32f103x6_EXTI_driver.o
LOAD MCAL/stm32f103x6_GPIO_driver.o
LOAD MCAL/stm32f103x6_RCC_driver.o
LOAD MCAL/stm32f103x6_USART_driver.o
LOAD Src/main.o
LOAD Src/syscalls.o
LOAD Src/sysmem.o
LOAD Startup/startup_stm32f103c6tx.o
START GROUP
LOAD c:/st/stm32cubeide_1.4.0/stm32cubeide/plugins/com.st.stm32cube.ide.mcu.externaltools.gnu-tools-for-stm32.7-2018-q2-update.win32_1.4.0.202007081208/tools/bin/../lib/gcc/arm-none-eabi/7.3.1/../../../../arm-none-eabi/lib/thumb/v7-m\libc_nano.a
LOAD c:/st/stm32cubeide_1.4.0/stm32cubeide/plugins/com.st.stm32cube.ide.mcu.externaltools.gnu-tools-for-stm32.7-2018-q2-update.win32_1.4.0.202007081208/tools/bin/../lib/gcc/arm-none-eabi/7.3.1/../../../../arm-none-eabi/lib/thumb/v7-m\libm.a
END GROUP
START GROUP
LOAD c:/st/stm32cubeide_1.4.0/stm32cubeide/plugins/com.st.stm32cube.ide.mcu.externaltools.gnu-tools-for-stm32.7-2018-q2-update.win32_1.4.0.202007081208/tools/bin/../lib/gcc/arm-none-eabi/7.3.1/thumb/v7-m\libgcc.a
LOAD c:/st/stm32cubeide_1.4.0/stm32cubeide/plugins/com.st.stm32cube.ide.mcu.externaltools.gnu-tools-for-stm32.7-2018-q2-update.win32_1.4.0.202007081208/tools/bin/../lib/gcc/arm-none-eabi/7.3.1/../../../../arm-none-eabi/lib/thumb/v7-m\libg_nano.a
LOAD c:/st/stm32cubeide_1.4.0/stm32cubeide/plugins/com.st.stm32cube.ide.mcu.externaltools.gnu-tools-for-stm32.7-2018-q2-update.win32_1.4.0.202007081208/tools/bin/../lib/gcc/arm-none-eabi/7.3.1/../../../../arm-none-eabi/lib/thumb/v7-m\libc_nano.a
END GROUP
START GROUP
LOAD c:/st/stm32cubeide_1.4.0/stm32cubeide/plugins/com.st.stm32cube.ide.mcu.externaltools.gnu-tools-for-stm32.7-2018-q2-update.win32_1.4.0.202007081208/tools/bin/../lib/gcc/arm-none-eabi/7.3.1/thumb/v7-m\libgcc.a
LOAD c:/st/stm32cubeide_1.4.0/stm32cubeide/plugins/com.st.stm32cube.ide.mcu.externaltools.gnu-tools-for-stm32.7-2018-q2-update.win32_1.4.0.202007081208/tools/bin/../lib/gcc/arm-none-eabi/7.3.1/../../../../arm-none-eabi/lib/thumb/v7-m\libc_nano.a
LOAD c:/st/stm32cubeide_1.4.0/stm32cubeide/plugins/com.st.stm32cube.ide.mcu.externaltools.gnu-tools-for-stm32.7-2018-q2-update.win32_1.4.0.202007081208/tools/bin/../lib/gcc/arm-none-eabi/7.3.1/../../../../arm-none-eabi/lib/thumb/v7-m\libnosys.a
END GROUP
START GROUP
LOAD c:/st/stm32cubeide_1.4.0/stm32cubeide/plugins/com.st.stm32cube.ide.mcu.externaltools.gnu-tools-for-stm32.7-2018-q2-update.win32_1.4.0.202007081208/tools/bin/../lib/gcc/arm-none-eabi/7.3.1/thumb/v7-m\libgcc.a
LOAD c:/st/stm32cubeide_1.4.0/stm32cubeide/plugins/com.st.stm32cube.ide.mcu.externaltools.gnu-tools-for-stm32.7-2018-q2-update.win32_1.4.0.202007081208/tools/bin/../lib/gcc/arm-none-eabi/7.3.1/../../../../arm-none-eabi/lib/thumb/v7-m\libc_nano.a
LOAD c:/st/stm32cubeide_1.4.0/stm32cubeide/plugins/com.st.stm32cube.ide.mcu.externaltools.gnu-tools-for-stm32.7-2018-q2-update.win32_1.4.0.202007081208/tools/bin/../lib/gcc/arm-none-eabi/7.3.1/../../../../arm-none-eabi/lib/thumb/v7-m\libnosys.a
END GROUP
LOAD c:/st/stm32cubeide_1.4.0/stm32cubeide/plugins/com.st.stm32cube.ide.mcu.externaltools.gnu-tools-for-stm32.7-2018-q2-update.win32_1.4.0.202007081208/tools/bin/../lib/gcc/arm-none-eabi/7.3.1/thumb/v7-m/crtend.o
LOAD c:/st/stm32cubeide_1.4.0/stm32cubeide/plugins/com.st.stm32cube.ide.mcu.externaltools.gnu-tools-for-stm32.7-2018-q2-update.win32_1.4.0.202007081208/tools/bin/../lib/gcc/arm-none-eabi/7.3.1/thumb/v7-m/crtn.o
                0x0000000020002800                _estack = (ORIGIN (RAM) + LENGTH (RAM))
                0x0000000000000200                _Min_Heap_Size = 0x200
                0x0000000000000400                _Min_Stack_Size = 0x400

.isr_vector     0x0000000008000000      0x130
                0x0000000008000000                . = ALIGN (0x4)
 *(.isr_vector)
 .isr_vector    0x0000000008000000      0x130 Startup/startup_stm32f103c6tx.o
                0x0000000008000000                g_pfnVectors
                0x0000000008000130                . = ALIGN (0x4)

.text           0x0000000008000130      0xa30
                0x0000000008000130                . = ALIGN (0x4)
 *(.text)
 .text          0x0000000008000130       0x40 c:/st/stm32cubeide_1.4.0/stm32cubeide/plugins/com.st.stm32cube.ide.mcu.externaltools.gnu-tools-for-stm32.7-2018-q2-update.win32_1.4.0.202007081208/tools/bin/../lib/gcc/arm-none-eabi/7.3.1/thumb/v7-m/crtbegin.o
 *(.text*)
 .text.EXTI0_IRQHandler
                0x0000000008000170       0x2c MCAL/stm32f103x6_EXTI_driver.o
                0x0000000008000170                EXTI0_IRQHandler
 .text.EXTI1_IRQHandler
                0x000000000800019c       0x2c MCAL/stm32f103x6_EXTI_driver.o
                0x000000000800019c                EXTI1_IRQHandler
 .text.EXTI2_IRQHandler
                0x00000000080001c8       0x2c MCAL/stm32f103x6_EXTI_driver.o
                0x00000000080001c8                EXTI2_IRQHandler
 .text.EXTI3_IRQHandler
                0x00000000080001f4       0x2c MCAL/stm32f103x6_EXTI_driver.o
                0x00000000080001f4                EXTI3_IRQHandler
 .text.EXTI4_IRQHandler
                0x0000000008000220       0x2c MCAL/stm32f103x6_EXTI_driver.o
                0x0000000008000220                EXTI4_IRQHandler
 .text.EXTI9_5_IRQHandler
                0x000000000800024c       0xe0 MCAL/stm32f103x6_EXTI_driver.o
                0x000000000800024c                EXTI9_5_IRQHandler
 .text.EXTI15_10_IRQHandler
                0x000000000800032c      0x10c MCAL/stm32f103x6_EXTI_driver.o
                0x000000000800032c                EXTI15_10_IRQHandler
 .text.MCAL_GPIO_Init
                0x0000000008000438       0xd4 MCAL/stm32f103x6_GPIO_driver.o
                0x0000000008000438                MCAL_GPIO_Init
 .text.MCAL_RCC_GetSYSCLK_Freq
                0x000000000800050c       0x38 MCAL/stm32f103x6_RCC_driver.o
                0x000000000800050c                MCAL_RCC_GetSYSCLK_Freq
 .text.MCAL_RCC_GetHCLK_Freq
                0x0000000008000544       0x3c MCAL/stm32f103x6_RCC_driver.o
                0x0000000008000544                MCAL_RCC_GetHCLK_Freq
 .text.MCAL_RCC_GetPCLK1_Freq
                0x0000000008000580       0x3c MCAL/stm32f103x6_RCC_driver.o
                0x0000000008000580                MCAL_RCC_GetPCLK1_Freq
 .text.MCAL_RCC_GetPCLK2_Freq
                0x00000000080005bc       0x3c MCAL/stm32f103x6_RCC_driver.o
                0x00000000080005bc                MCAL_RCC_GetPCLK2_Freq
 .text.MCAL_USART_SetBaudRate
                0x00000000080005f8       0x78 MCAL/stm32f103x6_USART_driver.o
 .text.MCAL_USART_GPIO_Set_Pins
                0x0000000008000670      0x198 MCAL/stm32f103x6_USART_driver.o
 .text.MCAL_USART_Init
                0x0000000008000808      0x1f4 MCAL/stm32f103x6_USART_driver.o
                0x0000000008000808                MCAL_USART_Init
 .text.USART1_IRQHandler
                0x00000000080009fc       0x14 MCAL/stm32f103x6_USART_driver.o
                0x00000000080009fc                USART1_IRQHandler
 .text.USART2_IRQHandler
                0x0000000008000a10       0x14 MCAL/stm32f103x6_USART_driver.o
                0x0000000008000a10                USART2_IRQHandler
 .text.USART3_IRQHandler
                0x0000000008000a24       0x14 MCAL/stm32f103x6_USART_driver.o
                0x0000000008000a24                USART3_IRQHandler
 .text.MyUSART1_IRQHandler
                0x0000000008000a38       0x2c Src/main.o
                0x0000000008000a38                MyUSART1_IRQHandler
 .text.main     0x0000000008000a64       0x14 Src/main.o
                0x0000000008000a64                main
 .text.clock_Init
                0x0000000008000a78       0x34 Src/main.o
                0x0000000008000a78                clock_Init
 .text.Reset_Handler
                0x0000000008000aac       0x50 Startup/startup_stm32f103c6tx.o
                0x0000000008000aac                Reset_Handler
 .text.Default_Handler
                0x0000000008000afc        0x2 Startup/startup_stm32f103c6tx.o
                0x0000000008000afc                TIM8_TRG_COM_IRQHandler
                0x0000000008000afc                TIM8_CC_IRQHandler
                0x0000000008000afc                DebugMon_Handler
                0x0000000008000afc                TIM1_CC_IRQHandler
                0x0000000008000afc                HardFault_Handler
                0x0000000008000afc                TIM6_IRQHandler
                0x0000000008000afc                SysTick_Handler
                0x0000000008000afc                PVD_IRQHandler
                0x0000000008000afc                SDIO_IRQHandler
                0x0000000008000afc                PendSV_Handler
                0x0000000008000afc                NMI_Handler
                0x0000000008000afc                USB_HP_CAN_TX_IRQHandler
                0x0000000008000afc                I2C2_EV_IRQHandler
                0x0000000008000afc                UsageFault_Handler
                0x0000000008000afc                ADC1_2_IRQHandler
                0x0000000008000afc                SPI1_IRQHandler
                0x0000000008000afc                CAN_SCE_IRQHandler
                0x0000000008000afc                TAMPER_IRQHandler
                0x0000000008000afc                TIM8_UP_IRQHandler
                0x0000000008000afc                DMA2_Channel2_IRQHandler
                0x0000000008000afc                DMA1_Channel4_IRQHandler
                0x0000000008000afc                RTC_IRQHandler
                0x0000000008000afc                DMA1_Channel7_IRQHandler
                0x0000000008000afc                UART5_IRQHandler
                0x0000000008000afc                ADC3_IRQHandler
                0x0000000008000afc                TIM4_IRQHandler
                0x0000000008000afc                CAN_RX1_IRQHandler
                0x0000000008000afc                DMA2_Channel1_IRQHandler
                0x0000000008000afc                I2C1_EV_IRQHandler
                0x0000000008000afc                DMA1_Channel6_IRQHandler
                0x0000000008000afc                UART4_IRQHandler
                0x0000000008000afc                TIM3_IRQHandler
                0x0000000008000afc                RCC_IRQHandler
                0x0000000008000afc                TIM1_TRG_COM_IRQHandler
                0x0000000008000afc                DMA1_Channel1_IRQHandler
                0x0000000008000afc                Default_Handler
                0x0000000008000afc                TIM7_IRQHandler
                0x0000000008000afc                TIM5_IRQHandler
                0x0000000008000afc                SPI2_IRQHandler
                0x0000000008000afc                USB_LP_CAN_RX0_IRQHandler
                0x0000000008000afc                MemManage_Handler
                0x0000000008000afc                SVC_Handler
                0x0000000008000afc                DMA1_Channel5_IRQHandler
                0x0000000008000afc                DMA1_Channel3_IRQHandler
                0x0000000008000afc                FSMC_IRQHandler
                0x0000000008000afc                TIM1_UP_IRQHandler
                0x0000000008000afc                WWDG_IRQHandler
                0x0000000008000afc                TIM2_IRQHandler
                0x0000000008000afc                TIM1_BRK_IRQHandler
                0x0000000008000afc                RTCAlarm_IRQHandler
                0x0000000008000afc                DMA2_Channel4_5_IRQHandler
                0x0000000008000afc                I2C2_ER_IRQHandler
                0x0000000008000afc                DMA1_Channel2_IRQHandler
                0x0000000008000afc                TIM8_BRK_IRQHandler
                0x0000000008000afc                FLASH_IRQHandler
                0x0000000008000afc                BusFault_Handler
                0x0000000008000afc                SPI3_IRQHandler
                0x0000000008000afc                I2C1_ER_IRQHandler
                0x0000000008000afc                DMA2_Channel3_IRQHandler
 *fill*         0x0000000008000afe        0x2 
 .text.__libc_init_array
                0x0000000008000b00       0x48 c:/st/stm32cubeide_1.4.0/stm32cubeide/plugins/com.st.stm32cube.ide.mcu.externaltools.gnu-tools-for-stm32.7-2018-q2-update.win32_1.4.0.202007081208/tools/bin/../lib/gcc/arm-none-eabi/7.3.1/../../../../arm-none-eabi/lib/thumb/v7-m\libc_nano.a(lib_a-init.o)
                0x0000000008000b00                __libc_init_array
 *(.glue_7)
 .glue_7        0x0000000008000b48        0x0 linker stubs
 *(.glue_7t)
 .glue_7t       0x0000000008000b48        0x0 linker stubs
 *(.eh_frame)
 .eh_frame      0x0000000008000b48        0x0 c:/st/stm32cubeide_1.4.0/stm32cubeide/plugins/com.st.stm32cube.ide.mcu.externaltools.gnu-tools-for-stm32.7-2018-q2-update.win32_1.4.0.202007081208/tools/bin/../lib/gcc/arm-none-eabi/7.3.1/thumb/v7-m/crtbegin.o
 *(.init)
 .init          0x0000000008000b48        0x4 c:/st/stm32cubeide_1.4.0/stm32cubeide/plugins/com.st.stm32cube.ide.mcu.externaltools.gnu-tools-for-stm32.7-2018-q2-update.win32_1.4.0.202007081208/tools/bin/../lib/gcc/arm-none-eabi/7.3.1/thumb/v7-m/crti.o
                0x0000000008000b48                _init
 .init          0x0000000008000b4c        0x8 c:/st/stm32cubeide_1.4.0/stm32cubeide/plugins/com.st.stm32cube.ide.mcu.externaltools.gnu-tools-for-stm32.7-2018-q2-update.win32_1.4.0.202007081208/tools/bin/../lib/gcc/arm-none-eabi/7.3.1/thumb/v7-m/crtn.o
 *(.fini)
 .fini          0x0000000008000b54        0x4 c:/st/stm32cubeide_1.4.0/stm32cubeide/plugins/com.st.stm32cube.ide.mcu.externaltools.gnu-tools-for-stm32.7-2018-q2-update.win32_1.4.0.202007081208/tools/bin/../lib/gcc/arm-none-eabi/7.3.1/thumb/v7-m/crti.o
                0x0000000008000b54                _fini
 .fini          0x0000000008000b58        0x8 c:/st/stm32cubeide_1.4.0/stm32cubeide/plugins/com.st.stm32cube.ide.mcu.externaltools.gnu-tools-for-stm32.7-2018-q2-update.win32_1.4.0.202007081208/tools/bin/../lib/gcc/arm-none-eabi/7.3.1/thumb/v7-m/crtn.o
                0x0000000008000b60                . = ALIGN (0x4)
                0x0000000008000b60                _etext = .

.vfp11_veneer   0x0000000008000b60        0x0
 .vfp11_veneer  0x0000000008000b60        0x0 linker stubs

.v4_bx          0x0000000008000b60        0x0
 .v4_bx         0x0000000008000b60        0x0 linker stubs

.iplt           0x0000000008000b60        0x0
 .iplt          0x0000000008000b60        0x0 c:/st/stm32cubeide_1.4.0/stm32cubeide/plugins/com.st.stm32cube.ide.mcu.externaltools.gnu-tools-for-stm32.7-2018-q2-update.win32_1.4.0.202007081208/tools/bin/../lib/gcc/arm-none-eabi/7.3.1/thumb/v7-m/crtbegin.o

.rodata         0x0000000008000b60       0x60
                0x0000000008000b60                . = ALIGN (0x4)
 *(.rodata)
 *(.rodata*)
 .rodata.AHP_Prescaler_Table
                0x0000000008000b60       0x40 MCAL/stm32f103x6_RCC_driver.o
 .rodata.ABP_Prescaler_Table
                0x0000000008000ba0       0x20 MCAL/stm32f103x6_RCC_driver.o
                0x0000000008000bc0                . = ALIGN (0x4)

.rel.dyn        0x0000000008000bc0        0x0
 .rel.iplt      0x0000000008000bc0        0x0 c:/st/stm32cubeide_1.4.0/stm32cubeide/plugins/com.st.stm32cube.ide.mcu.externaltools.gnu-tools-for-stm32.7-2018-q2-update.win32_1.4.0.202007081208/tools/bin/../lib/gcc/arm-none-eabi/7.3.1/thumb/v7-m/crtbegin.o

.ARM.extab      0x0000000008000bc0        0x0
                0x0000000008000bc0                . = ALIGN (0x4)
 *(.ARM.extab* .gnu.linkonce.armextab.*)
                0x0000000008000bc0                . = ALIGN (0x4)

.ARM            0x0000000008000bc0        0x0
                0x0000000008000bc0                . = ALIGN (0x4)
                0x0000000008000bc0                __exidx_start = .
 *(.ARM.exidx*)
                0x0000000008000bc0                __exidx_end = .
                0x0000000008000bc0                . = ALIGN (0x4)

.preinit_array  0x0000000008000bc0        0x0
                0x0000000008000bc0                . = ALIGN (0x4)
                0x0000000008000bc0                PROVIDE (__preinit_array_start = .)
 *(.preinit_array*)
                0x0000000008000bc0                PROVIDE (__preinit_array_end = .)
                0x0000000008000bc0                . = ALIGN (0x4)

.init_array     0x0000000008000bc0        0x4
                0x0000000008000bc0                . = ALIGN (0x4)
                0x0000000008000bc0                PROVIDE (__init_array_start = .)
 *(SORT_BY_NAME(.init_array.*))
 *(.init_array*)
 .init_array    0x0000000008000bc0        0x4 c:/st/stm32cubeide_1.4.0/stm32cubeide/plugins/com.st.stm32cube.ide.mcu.externaltools.gnu-tools-for-stm32.7-2018-q2-update.win32_1.4.0.202007081208/tools/bin/../lib/gcc/arm-none-eabi/7.3.1/thumb/v7-m/crtbegin.o
                0x0000000008000bc4                PROVIDE (__init_array_end = .)
                0x0000000008000bc4                . = ALIGN (0x4)

.fini_array     0x0000000008000bc4        0x4
                0x0000000008000bc4                . = ALIGN (0x4)
                [!provide]                        PROVIDE (__fini_array_start = .)
 *(SORT_BY_NAME(.fini_array.*))
 *(.fini_array*)
 .fini_array    0x0000000008000bc4        0x4 c:/st/stm32cubeide_1.4.0/stm32cubeide/plugins/com.st.stm32cube.ide.mcu.externaltools.gnu-tools-for-stm32.7-2018-q2-update.win32_1.4.0.202007081208/tools/bin/../lib/gcc/arm-none-eabi/7.3.1/thumb/v7-m/crtbegin.o
                [!provide]                        PROVIDE (__fini_array_end = .)
                0x0000000008000bc8                . = ALIGN (0x4)
                0x0000000008000bc8                _sidata = LOADADDR (.data)

.data           0x0000000020000000       0x18 load address 0x0000000008000bc8
                0x0000000020000000                . = ALIGN (0x4)
                0x0000000020000000                _sdata = .
 *(.data)
 *(.data*)
 .data.UART1_Config
                0x0000000020000000       0x18 Src/main.o
                0x0000000020000000                UART1_Config
                0x0000000020000018                . = ALIGN (0x4)
                0x0000000020000018                _edata = .

.igot.plt       0x0000000020000018        0x0 load address 0x0000000008000be0
 .igot.plt      0x0000000020000018        0x0 c:/st/stm32cubeide_1.4.0/stm32cubeide/plugins/com.st.stm32cube.ide.mcu.externaltools.gnu-tools-for-stm32.7-2018-q2-update.win32_1.4.0.202007081208/tools/bin/../lib/gcc/arm-none-eabi/7.3.1/thumb/v7-m/crtbegin.o
                0x0000000020000018                . = ALIGN (0x4)

.bss            0x0000000020000018       0x68 load address 0x0000000008000be0
                0x0000000020000018                _sbss = .
                0x0000000020000018                __bss_start__ = _sbss
 *(.bss)
 .bss           0x0000000020000018       0x1c c:/st/stm32cubeide_1.4.0/stm32cubeide/plugins/com.st.stm32cube.ide.mcu.externaltools.gnu-tools-for-stm32.7-2018-q2-update.win32_1.4.0.202007081208/tools/bin/../lib/gcc/arm-none-eabi/7.3.1/thumb/v7-m/crtbegin.o
 *(.bss*)
 .bss.EXTI_CallBacks
                0x0000000020000034       0x40 MCAL/stm32f103x6_EXTI_driver.o
 .bss.Global_USART_Config
                0x0000000020000074        0xc MCAL/stm32f103x6_USART_driver.o
                0x0000000020000074                Global_USART_Config
 *(COMMON)
                0x0000000020000080                . = ALIGN (0x4)
                0x0000000020000080                _ebss = .
                0x0000000020000080                __bss_end__ = _ebss

._user_heap_stack
                0x0000000020000080      0x600 load address 0x0000000008000be0
                0x0000000020000080                . = ALIGN (0x8)
                [!provide]                        PROVIDE (end = .)
                0x0000000020000080                PROVIDE (_end = .)
                0x0000000020000280                . = (. + _Min_Heap_Size)
 *fill*         0x0000000020000080      0x200 
                0x0000000020000680                . = (. + _Min_Stack_Size)
 *fill*         0x0000000020000280      0x400 
                0x0000000020000680                . = ALIGN (0x8)

/DISCARD/
 libc.a(*)
 libm.a(*)
 libgcc.a(*)

.ARM.attributes
                0x0000000000000000       0x29
 *(.ARM.attributes)
 .ARM.attributes
                0x0000000000000000       0x1d c:/st/stm32cubeide_1.4.0/stm32cubeide/plugins/com.st.stm32cube.ide.mcu.externaltools.gnu-tools-for-stm32.7-2018-q2-update.win32_1.4.0.202007081208/tools/bin/../lib/gcc/arm-none-eabi/7.3.1/thumb/v7-m/crti.o
 .ARM.attributes
                0x000000000000001d       0x2d c:/st/stm32cubeide_1.4.0/stm32cubeide/plugins/com.st.stm32cube.ide.mcu.externaltools.gnu-tools-for-stm32.7-2018-q2-update.win32_1.4.0.202007081208/tools/bin/../lib/gcc/arm-none-eabi/7.3.1/thumb/v7-m/crtbegin.o
 .ARM.attributes
                0x000000000000004a       0x33 MCAL/stm32f103x6_EXTI_driver.o
 .ARM.attributes
                0x000000000000007d       0x33 MCAL/stm32f103x6_GPIO_driver.o
 .ARM.attributes
                0x00000000000000b0       0x33 MCAL/stm32f103x6_RCC_driver.o
 .ARM.attributes
                0x00000000000000e3       0x33 MCAL/stm32f103x6_USART_driver.o
 .ARM.attributes
                0x0000000000000116       0x33 Src/main.o
 .ARM.attributes
                0x0000000000000149       0x21 Startup/startup_stm32f103c6tx.o
 .ARM.attributes
                0x000000000000016a       0x2d c:/st/stm32cubeide_1.4.0/stm32cubeide/plugins/com.st.stm32cube.ide.mcu.externaltools.gnu-tools-for-stm32.7-2018-q2-update.win32_1.4.0.202007081208/tools/bin/../lib/gcc/arm-none-eabi/7.3.1/../../../../arm-none-eabi/lib/thumb/v7-m\libc_nano.a(lib_a-init.o)
 .ARM.attributes
                0x0000000000000197       0x1d c:/st/stm32cubeide_1.4.0/stm32cubeide/plugins/com.st.stm32cube.ide.mcu.externaltools.gnu-tools-for-stm32.7-2018-q2-update.win32_1.4.0.202007081208/tools/bin/../lib/gcc/arm-none-eabi/7.3.1/thumb/v7-m/crtn.o
OUTPUT(stm32f103x6_Drivers.elf elf32-littlearm)

.debug_info     0x0000000000000000     0x1afa
 .debug_info    0x0000000000000000      0x653 MCAL/stm32f103x6_EXTI_driver.o
 .debug_info    0x0000000000000653      0x53f MCAL/stm32f103x6_GPIO_driver.o
 .debug_info    0x0000000000000b92      0x28c MCAL/stm32f103x6_RCC_driver.o
 .debug_info    0x0000000000000e1e      0x846 MCAL/stm32f103x6_USART_driver.o
 .debug_info    0x0000000000001664      0x474 Src/main.o
 .debug_info    0x0000000000001ad8       0x22 Startup/startup_stm32f103c6tx.o

.debug_abbrev   0x0000000000000000      0x623
 .debug_abbrev  0x0000000000000000      0x15a MCAL/stm32f103x6_EXTI_driver.o
 .debug_abbrev  0x000000000000015a       0xf4 MCAL/stm32f103x6_GPIO_driver.o
 .debug_abbrev  0x000000000000024e       0xe2 MCAL/stm32f103x6_RCC_driver.o
 .debug_abbrev  0x0000000000000330      0x1d3 MCAL/stm32f103x6_USART_driver.o
 .debug_abbrev  0x0000000000000503      0x10e Src/main.o
 .debug_abbrev  0x0000000000000611       0x12 Startup/startup_stm32f103c6tx.o

.debug_loc      0x0000000000000000      0xb58
 .debug_loc     0x0000000000000000      0x344 MCAL/stm32f103x6_EXTI_driver.o
 .debug_loc     0x0000000000000344      0x2e0 MCAL/stm32f103x6_GPIO_driver.o
 .debug_loc     0x0000000000000624      0x134 MCAL/stm32f103x6_RCC_driver.o
 .debug_loc     0x0000000000000758      0x334 MCAL/stm32f103x6_USART_driver.o
 .debug_loc     0x0000000000000a8c       0xcc Src/main.o

.debug_aranges  0x0000000000000000      0x1d8
 .debug_aranges
                0x0000000000000000       0x80 MCAL/stm32f103x6_EXTI_driver.o
 .debug_aranges
                0x0000000000000080       0x58 MCAL/stm32f103x6_GPIO_driver.o
 .debug_aranges
                0x00000000000000d8       0x38 MCAL/stm32f103x6_RCC_driver.o
 .debug_aranges
                0x0000000000000110       0x70 MCAL/stm32f103x6_USART_driver.o
 .debug_aranges
                0x0000000000000180       0x30 Src/main.o
 .debug_aranges
                0x00000000000001b0       0x28 Startup/startup_stm32f103c6tx.o

.debug_ranges   0x0000000000000000      0x180
 .debug_ranges  0x0000000000000000       0x70 MCAL/stm32f103x6_EXTI_driver.o
 .debug_ranges  0x0000000000000070       0x48 MCAL/stm32f103x6_GPIO_driver.o
 .debug_ranges  0x00000000000000b8       0x28 MCAL/stm32f103x6_RCC_driver.o
 .debug_ranges  0x00000000000000e0       0x60 MCAL/stm32f103x6_USART_driver.o
 .debug_ranges  0x0000000000000140       0x20 Src/main.o
 .debug_ranges  0x0000000000000160       0x20 Startup/startup_stm32f103c6tx.o

.debug_macro    0x0000000000000000      0x229
 .debug_macro   0x0000000000000000       0x59 MCAL/stm32f103x6_EXTI_driver.o
 .debug_macro   0x0000000000000059       0x10 MCAL/stm32f103x6_EXTI_driver.o
 .debug_macro   0x0000000000000069       0x28 MCAL/stm32f103x6_EXTI_driver.o
 .debug_macro   0x0000000000000091       0x51 MCAL/stm32f103x6_GPIO_driver.o
 .debug_macro   0x00000000000000e2       0x50 MCAL/stm32f103x6_RCC_driver.o
 .debug_macro   0x0000000000000132       0x10 MCAL/stm32f103x6_RCC_driver.o
 .debug_macro   0x0000000000000142       0x61 MCAL/stm32f103x6_USART_driver.o
 .debug_macro   0x00000000000001a3       0x16 MCAL/stm32f103x6_USART_driver.o
 .debug_macro   0x00000000000001b9       0x70 Src/main.o

.debug_line     0x0000000000000000      0xd2b
 .debug_line    0x0000000000000000      0x360 MCAL/stm32f103x6_EXTI_driver.o
 .debug_line    0x0000000000000360      0x257 MCAL/stm32f103x6_GPIO_driver.o
 .debug_line    0x00000000000005b7      0x1df MCAL/stm32f103x6_RCC_driver.o
 .debug_line    0x0000000000000796      0x329 MCAL/stm32f103x6_USART_driver.o
 .debug_line    0x0000000000000abf      0x1e8 Src/main.o
 .debug_line    0x0000000000000ca7       0x84 Startup/startup_stm32f103c6tx.o

.debug_str      0x0000000000000000     0x46c5
 .debug_str     0x0000000000000000     0x3ed6 MCAL/stm32f103x6_EXTI_driver.o
                                       0x3f47 (size before relaxing)
 .debug_str     0x0000000000003ed6      0x123 MCAL/stm32f103x6_GPIO_driver.o
                                       0x3e07 (size before relaxing)
 .debug_str     0x0000000000003ff9      0x15c MCAL/stm32f103x6_RCC_driver.o
                                       0x3bb8 (size before relaxing)
 .debug_str     0x0000000000004155      0x4f2 MCAL/stm32f103x6_USART_driver.o
                                       0x4238 (size before relaxing)
 .debug_str     0x0000000000004647       0x4d Src/main.o
                                       0x3eaf (size before relaxing)
 .debug_str     0x0000000000004694       0x31 Startup/startup_stm32f103c6tx.o
                                         0x5b (size before relaxing)

.comment        0x0000000000000000       0x7b
 .comment       0x0000000000000000       0x7b MCAL/stm32f103x6_EXTI_driver.o
                                         0x7c (size before relaxing)
 .comment       0x000000000000007b       0x7c MCAL/stm32f103x6_GPIO_driver.o
 .comment       0x000000000000007b       0x7c MCAL/stm32f103x6_RCC_driver.o
 .comment       0x000000000000007b       0x7c MCAL/stm32f103x6_USART_driver.o
 .comment       0x000000000000007b       0x7c Src/main.o

.debug_frame    0x0000000000000000      0x5dc
 .debug_frame   0x0000000000000000      0x1bc MCAL/stm32f103x6_EXTI_driver.o
 .debug_frame   0x00000000000001bc      0x150 MCAL/stm32f103x6_GPIO_driver.o
 .debug_frame   0x000000000000030c       0x9c MCAL/stm32f103x6_RCC_driver.o
 .debug_frame   0x00000000000003a8      0x194 MCAL/stm32f103x6_USART_driver.o
 .debug_frame   0x000000000000053c       0x74 Src/main.o
 .debug_frame   0x00000000000005b0       0x2c c:/st/stm32cubeide_1.4.0/stm32cubeide/plugins/com.st.stm32cube.ide.mcu.externaltools.gnu-tools-for-stm32.7-2018-q2-update.win32_1.4.0.202007081208/tools/bin/../lib/gcc/arm-none-eabi/7.3.1/../../../../arm-none-eabi/lib/thumb/v7-m\libc_nano.a(lib_a-init.o)
