stm32f103x6_I2C_driver.c:32:24:I2C_IsBusBusy	24	static
stm32f103x6_I2C_driver.c:42:40:I2C_IsStartTransmitted	24	static
stm32f103x6_I2C_driver.c:55:40:I2C_IsSlaveAddressTransmitted	24	static
stm32f103x6_I2C_driver.c:80:35:I2C_IsTransmitBufferEmpty	16	static
stm32f103x6_I2C_driver.c:89:35:I2C_IsRecieveBufferEmpty	16	static
stm32f103x6_I2C_driver.c:106:6:MCAL_I2C_Init	24	static
stm32f103x6_I2C_driver.c:195:6:MCAL_I2C_Reset_GPIO_Pins	24	static
stm32f103x6_I2C_driver.c:217:6:MCAL_I2C_Deinit	16	static
stm32f103x6_I2C_driver.c:242:6:MCAL_I2C_Set_GPIO_Pins	24	static
stm32f103x6_I2C_driver.c:265:6:MCAL_I2C_Master_Transmit_Start	16	static
stm32f103x6_I2C_driver.c:281:6:MCAL_I2C_Master_Transmit_RepeatedStart	16	static
stm32f103x6_I2C_driver.c:289:6:MCAL_I2C_Master_Transmit_Stop	16	static
stm32f103x6_I2C_driver.c:304:6:MCAL_I2C_Master_Transmit_Address	24	static
stm32f103x6_I2C_driver.c:317:6:MCAL_Transmit_Byte	16	static
stm32f103x6_I2C_driver.c:324:7:MCAL_Recieve_With_ACK	24	static
stm32f103x6_I2C_driver.c:336:7:MCAL_Recieve_With_NACK	24	static
stm32f103x6_I2C_driver.c:348:6:MCAL_I2C_Master_Transmit	32	static
stm32f103x6_I2C_driver.c:367:6:MCAL_I2C_Master_Reieve	40	static
stm32f103x6_I2C_driver.c:388:6:I2C_Slave_PollingTransmit	32	static
stm32f103x6_I2C_driver.c:397:6:I2C_Slave_PollingReceive	40	static
stm32f103x6_I2C_driver.c:410:6:I2C1_EV_IRQHandler	16	static
stm32f103x6_I2C_driver.c:440:6:I2C1_ER_IRQHandler	8	static
