
Allocating common symbols
Common symbol       size              file

PS_status           0x4               PressureSensor.o
alarmMonitorStatus  0x1               AlarmMonitor.o
alarmState          0x4               AlarmMonitor.o

Memory Configuration

Name             Origin             Length             Attributes
FLASH            0x08000000         0x00020000         xr
SRAM             0x20000000         0x00005000         xrw
*default*        0x00000000         0xffffffff

Linker script and memory map

                0x00000800                _heap_size = 0x800
                0x00000800                _stack_size = 0x800

.text           0x08000000      0x408
                0x08000000                _S_TEXT = .
 *(.Vactor_Table)
 .Vactor_Table  0x08000000       0x1c startup.o
                0x08000000                vectorTable
 *(.text*)
 .text          0x0800001c       0xac AlarmMonitor.o
                0x0800001c                AlarmMonitorInit
                0x08000028                HighPressureDetected
                0x08000044                stateAlarmOff
                0x08000074                stateAlarmOn
 .text          0x080000c8      0x118 GPIO.o
                0x080000c8                Delayms
                0x080000f8                getPressureVal
                0x08000110                Set_Alarm_actuator
                0x08000160                GPIO_INITIALIZATION
 .text          0x080001e0       0xa4 main.o
                0x080001e0                setup
                0x08000218                main
                0x08000240                ReadPressureValue
                0x08000260                CheckPressureValue
 .text          0x08000284      0x10c PressureSensor.o
                0x08000284                seedLCG
                0x080002a4                lcg
                0x080002e8                getRandomNumber
                0x0800031c                PressureSensorInit
                0x08000328                SetPressureValue
                0x08000338                statePressureSensorReading
                0x08000384                statePressureSensorWaiting
 .text          0x08000390       0x74 startup.o
                0x08000390                BusFaultHandler
                0x08000390                ResetHandler
                0x08000390                UsageFaultHandler
                0x08000390                MemoryManagementFaultHandler
                0x08000390                NMIHandler
                0x08000390                HardFaultHandler
 *(.rodata)
 .rodata        0x08000404        0x4 main.o
                0x08000408                _E_TEXT = .

.glue_7         0x08000408        0x0
 .glue_7        0x00000000        0x0 linker stubs

.glue_7t        0x08000408        0x0
 .glue_7t       0x00000000        0x0 linker stubs

.vfp11_veneer   0x08000408        0x0
 .vfp11_veneer  0x00000000        0x0 linker stubs

.v4_bx          0x08000408        0x0
 .v4_bx         0x00000000        0x0 linker stubs

.iplt           0x08000408        0x0
 .iplt          0x00000000        0x0 AlarmMonitor.o

.rel.dyn        0x08000408        0x0
 .rel.iplt      0x00000000        0x0 AlarmMonitor.o

.data           0x20000000        0x0 load address 0x08000408
                0x20000000                _S_DATA = .
 *(.data)
 .data          0x20000000        0x0 AlarmMonitor.o
 .data          0x20000000        0x0 GPIO.o
 .data          0x20000000        0x0 main.o
 .data          0x20000000        0x0 PressureSensor.o
 .data          0x20000000        0x0 startup.o
                0x20000000                _E_DATA = .

.igot.plt       0x20000000        0x0 load address 0x08000408
 .igot.plt      0x00000000        0x0 AlarmMonitor.o

.bss            0x20000000       0x1c load address 0x08000408
                0x20000000                _S_BSS = .
 *(.bss)
 .bss           0x20000000        0x0 AlarmMonitor.o
 .bss           0x20000000        0x0 GPIO.o
 .bss           0x20000000        0x4 main.o
 .bss           0x20000004        0xc PressureSensor.o
                0x20000004                seed
                0x20000008                pressureSensorState
 .bss           0x20000010        0x0 startup.o
                0x20000010                _E_BSS = .
 COMMON         0x20000010        0x8 AlarmMonitor.o
                0x20000010                alarmMonitorStatus
                0x20000014                alarmState
 COMMON         0x20000018        0x4 PressureSensor.o
                0x20000018                PS_status

.heap           0x2000001c      0x800 load address 0x08000408
                0x2000001c                _S_HEAP = .
                0x2000081c                . = (. + _heap_size)
 *fill*         0x2000001c      0x800 
                0x2000081c                _E_HEAP = .

.stack          0x2000081c      0x800 load address 0x08000408
                0x2000081c                _S_STACK = .
                0x2000101c                . = (. + _stack_size)
 *fill*         0x2000081c      0x800 
                0x2000101c                stack_top = .
                0x2000101c                _E_STACK = .
                0x2000101c                . = ALIGN (0x4)
LOAD AlarmMonitor.o
LOAD GPIO.o
LOAD main.o
LOAD PressureSensor.o
LOAD startup.o
OUTPUT(PressureController.elf elf32-littlearm)

.debug_info     0x00000000      0x64c
 .debug_info    0x00000000      0x11f AlarmMonitor.o
 .debug_info    0x0000011f      0x103 GPIO.o
 .debug_info    0x00000222      0x132 main.o
 .debug_info    0x00000354      0x1c3 PressureSensor.o
 .debug_info    0x00000517      0x135 startup.o

.debug_abbrev   0x00000000      0x3d5
 .debug_abbrev  0x00000000       0x9f AlarmMonitor.o
 .debug_abbrev  0x0000009f       0x9d GPIO.o
 .debug_abbrev  0x0000013c       0xbd main.o
 .debug_abbrev  0x000001f9      0x132 PressureSensor.o
 .debug_abbrev  0x0000032b       0xaa startup.o

.debug_loc      0x00000000      0x3b8
 .debug_loc     0x00000000       0xb0 AlarmMonitor.o
 .debug_loc     0x000000b0       0xc8 GPIO.o
 .debug_loc     0x00000178       0xbc main.o
 .debug_loc     0x00000234      0x14c PressureSensor.o
 .debug_loc     0x00000380       0x38 startup.o

.debug_aranges  0x00000000       0xa0
 .debug_aranges
                0x00000000       0x20 AlarmMonitor.o
 .debug_aranges
                0x00000020       0x20 GPIO.o
 .debug_aranges
                0x00000040       0x20 main.o
 .debug_aranges
                0x00000060       0x20 PressureSensor.o
 .debug_aranges
                0x00000080       0x20 startup.o

.debug_line     0x00000000      0x274
 .debug_line    0x00000000       0x61 AlarmMonitor.o
 .debug_line    0x00000061       0x93 GPIO.o
 .debug_line    0x000000f4       0x7f main.o
 .debug_line    0x00000173       0x6c PressureSensor.o
 .debug_line    0x000001df       0x95 startup.o

.debug_str      0x00000000      0x33c
 .debug_str     0x00000000      0x147 AlarmMonitor.o
                                0x180 (size before relaxing)
 .debug_str     0x00000147       0x54 GPIO.o
                                0x12e (size before relaxing)
 .debug_str     0x0000019b       0x4b main.o
                                0x139 (size before relaxing)
 .debug_str     0x000001e6       0xf6 PressureSensor.o
                                0x1da (size before relaxing)
 .debug_str     0x000002dc       0x60 startup.o
                                0x13e (size before relaxing)

.comment        0x00000000       0x11
 .comment       0x00000000       0x11 AlarmMonitor.o
                                 0x12 (size before relaxing)
 .comment       0x00000000       0x12 GPIO.o
 .comment       0x00000000       0x12 main.o
 .comment       0x00000000       0x12 PressureSensor.o
 .comment       0x00000000       0x12 startup.o

.ARM.attributes
                0x00000000       0x33
 .ARM.attributes
                0x00000000       0x33 AlarmMonitor.o
 .ARM.attributes
                0x00000033       0x33 GPIO.o
 .ARM.attributes
                0x00000066       0x33 main.o
 .ARM.attributes
                0x00000099       0x33 PressureSensor.o
 .ARM.attributes
                0x000000cc       0x33 startup.o

.debug_frame    0x00000000      0x26c
 .debug_frame   0x00000000       0x78 AlarmMonitor.o
 .debug_frame   0x00000078       0x78 GPIO.o
 .debug_frame   0x000000f0       0x80 main.o
 .debug_frame   0x00000170       0xcc PressureSensor.o
 .debug_frame   0x0000023c       0x30 startup.o
