
Allocating common symbols
Common symbol       size              file

arr_2               0xc               main.o

Memory Configuration

Name             Origin             Length             Attributes
FLASH            0x08000000         0x00020000         xr
SRAM             0x20000000         0x00005000         xrw
*default*        0x00000000         0xffffffff

Linker script and memory map


.text           0x08000000      0x150
                0x08000000                _S_TEXT = .
 *(.Vector_Table*)
 .Vector_Table  0x08000000       0x1c startup.o
                0x08000000                Vector_Table
 *(.text*)
 .text          0x0800001c       0xb8 main.o
                0x0800001c                GPIO_Init
                0x08000070                delay
                0x0800009c                NMI_Handler
                0x080000a8                main
 .text          0x080000d4       0x78 startup.o
                0x080000d4                Bus_Fault_Handler
                0x080000d4                Reset_Handler
                0x080000d4                Usage_Fault_Handler
                0x080000d4                Hard_Fault_Handler
                0x080000d4                Memory_Management_Fault_Handler
 *(.rodata)
 .rodata        0x0800014c        0x4 main.o
                0x0800014c                constantVar
                0x08000150                _E_TEXT = .

.glue_7         0x08000150        0x0
 .glue_7        0x00000000        0x0 linker stubs

.glue_7t        0x08000150        0x0
 .glue_7t       0x00000000        0x0 linker stubs

.vfp11_veneer   0x08000150        0x0
 .vfp11_veneer  0x00000000        0x0 linker stubs

.v4_bx          0x08000150        0x0
 .v4_bx         0x00000000        0x0 linker stubs

.iplt           0x08000150        0x0
 .iplt          0x00000000        0x0 main.o

.rel.dyn        0x08000150        0x0
 .rel.iplt      0x00000000        0x0 main.o

.data           0x20000000       0x10 load address 0x08000150
                0x20000000                _S_DATA = .
 *(.data)
 .data          0x20000000       0x10 main.o
                0x20000000                ODR
                0x20000004                arr
 .data          0x20000010        0x0 startup.o
                0x20000010                _E_DATA = .

.igot.plt       0x20000010        0x0 load address 0x08000160
 .igot.plt      0x00000000        0x0 main.o

.bss            0x20000010     0x100c load address 0x08000160
                0x20000010                _S_BSS = .
 *(.bss)
 .bss           0x20000010        0x0 main.o
 .bss           0x20000010        0x0 startup.o
                0x20000010                _E_BSS = .
                0x20000010                . = ALIGN (0x4)
                0x20001010                . = (. + 0x1000)
 *fill*         0x20000010     0x1000 
                0x20001010                stack_top = .
 COMMON         0x20001010        0xc main.o
                0x20001010                arr_2
                0x2000101c                . = ALIGN (0x4)
LOAD main.o
LOAD startup.o
OUTPUT(toggle-led.elf elf32-littlearm)

.debug_info     0x00000000      0x2dd
 .debug_info    0x00000000      0x1b3 main.o
 .debug_info    0x000001b3      0x12a startup.o

.debug_abbrev   0x00000000      0x1d9
 .debug_abbrev  0x00000000      0x12f main.o
 .debug_abbrev  0x0000012f       0xaa startup.o

.debug_loc      0x00000000       0xf4
 .debug_loc     0x00000000       0xbc main.o
 .debug_loc     0x000000bc       0x38 startup.o

.debug_aranges  0x00000000       0x40
 .debug_aranges
                0x00000000       0x20 main.o
 .debug_aranges
                0x00000020       0x20 startup.o

.debug_line     0x00000000      0x12f
 .debug_line    0x00000000       0x9e main.o
 .debug_line    0x0000009e       0x91 startup.o

.debug_str      0x00000000      0x157
 .debug_str     0x00000000       0xfd main.o
                                0x131 (size before relaxing)
 .debug_str     0x000000fd       0x5a startup.o
                                0x11e (size before relaxing)

.comment        0x00000000       0x11
 .comment       0x00000000       0x11 main.o
                                 0x12 (size before relaxing)
 .comment       0x00000000       0x12 startup.o

.ARM.attributes
                0x00000000       0x33
 .ARM.attributes
                0x00000000       0x33 main.o
 .ARM.attributes
                0x00000033       0x33 startup.o

.debug_frame    0x00000000       0xa8
 .debug_frame   0x00000000       0x78 main.o
 .debug_frame   0x00000078       0x30 startup.o
