
Allocating common symbols
Common symbol       size              file

arr_2               0xc               main.o

Memory Configuration

Name             Origin             Length             Attributes
FLASH            0x08000000         0x00020000         xr
SRAM             0x20000000         0x00005000         xrw
*default*        0x00000000         0xffffffff

Linker script and memory map


.text           0x08000000      0x104
                0x08000000                _S_TEXT = .
 *(.Vector_Table*)
 .Vector_Table  0x08000000       0x40 startup.o
 *(.text*)
 .text          0x08000040       0xb8 main.o
                0x08000040                GPIO_Init
                0x08000094                delay
                0x080000c0                NMI_Handler
                0x080000cc                main
 .text          0x080000f8        0x8 startup.o
 *(.rodata)
 .rodata        0x08000100        0x4 main.o
                0x08000100                constantVar
                0x08000104                _E_TEXT = .

.glue_7         0x08000104        0x0
 .glue_7        0x00000000        0x0 linker stubs

.glue_7t        0x08000104        0x0
 .glue_7t       0x00000000        0x0 linker stubs

.vfp11_veneer   0x08000104        0x0
 .vfp11_veneer  0x00000000        0x0 linker stubs

.v4_bx          0x08000104        0x0
 .v4_bx         0x00000000        0x0 linker stubs

.iplt           0x08000104        0x0
 .iplt          0x00000000        0x0 main.o

.rel.dyn        0x08000104        0x0
 .rel.iplt      0x00000000        0x0 main.o

.data           0x20000000       0x10 load address 0x08000104
                0x20000000                _S_DATA = .
 *(.data)
 .data          0x20000000       0x10 main.o
                0x20000000                ODR
                0x20000004                arr
 .data          0x20000010        0x0 startup.o
                0x20000010                _E_DATA = .

.igot.plt       0x20000010        0x0 load address 0x08000114
 .igot.plt      0x00000000        0x0 main.o

.bss            0x20000010     0x100c load address 0x08000114
                0x20000010                _S_BSS = .
 *(.bss)
 .bss           0x20000010        0x0 main.o
 .bss           0x20000010        0x0 startup.o
                0x20000010                _E_BSS = .
                0x20000010                . = ALIGN (0x4)
                0x20001010                . = (. + 0x1000)
 *fill*         0x20000010     0x1000 
                0x20001010                stack_top = .
 COMMON         0x20001010        0xc main.o
                0x20001010                arr_2
                0x2000101c                . = ALIGN (0x4)
LOAD main.o
LOAD startup.o
OUTPUT(toggle-led.elf elf32-littlearm)

.debug_info     0x00000000      0x212
 .debug_info    0x00000000      0x1b3 main.o
 .debug_info    0x000001b3       0x5f startup.o

.debug_abbrev   0x00000000      0x143
 .debug_abbrev  0x00000000      0x12f main.o
 .debug_abbrev  0x0000012f       0x14 startup.o

.debug_loc      0x00000000       0xbc
 .debug_loc     0x00000000       0xbc main.o

.debug_aranges  0x00000000       0x40
 .debug_aranges
                0x00000000       0x20 main.o
 .debug_aranges
                0x00000020       0x20 startup.o

.debug_line     0x00000000       0xd9
 .debug_line    0x00000000       0x9e main.o
 .debug_line    0x0000009e       0x3b startup.o

.debug_str      0x00000000      0x108
 .debug_str     0x00000000      0x108 main.o
                                0x13c (size before relaxing)

.comment        0x00000000       0x11
 .comment       0x00000000       0x11 main.o
                                 0x12 (size before relaxing)

.ARM.attributes
                0x00000000       0x31
 .ARM.attributes
                0x00000000       0x33 main.o
 .ARM.attributes
                0x00000033       0x21 startup.o

.debug_frame    0x00000000       0x78
 .debug_frame   0x00000000       0x78 main.o
