Archive member included to satisfy reference by file (symbol)

c:/st/stm32cubeide_1.4.0/stm32cubeide/plugins/com.st.stm32cube.ide.mcu.externaltools.gnu-tools-for-stm32.7-2018-q2-update.win32_1.4.0.202007081208/tools/bin/../lib/gcc/arm-none-eabi/7.3.1/../../../../arm-none-eabi/lib/thumb/v7-m\libc_nano.a(lib_a-errno.o)
                              Src/syscalls.o (__errno)
c:/st/stm32cubeide_1.4.0/stm32cubeide/plugins/com.st.stm32cube.ide.mcu.externaltools.gnu-tools-for-stm32.7-2018-q2-update.win32_1.4.0.202007081208/tools/bin/../lib/gcc/arm-none-eabi/7.3.1/../../../../arm-none-eabi/lib/thumb/v7-m\libc_nano.a(lib_a-exit.o)
                              c:/st/stm32cubeide_1.4.0/stm32cubeide/plugins/com.st.stm32cube.ide.mcu.externaltools.gnu-tools-for-stm32.7-2018-q2-update.win32_1.4.0.202007081208/tools/bin/../lib/gcc/arm-none-eabi/7.3.1/../../../../arm-none-eabi/lib/thumb/v7-m/crt0.o (exit)
c:/st/stm32cubeide_1.4.0/stm32cubeide/plugins/com.st.stm32cube.ide.mcu.externaltools.gnu-tools-for-stm32.7-2018-q2-update.win32_1.4.0.202007081208/tools/bin/../lib/gcc/arm-none-eabi/7.3.1/../../../../arm-none-eabi/lib/thumb/v7-m\libc_nano.a(lib_a-impure.o)
                              c:/st/stm32cubeide_1.4.0/stm32cubeide/plugins/com.st.stm32cube.ide.mcu.externaltools.gnu-tools-for-stm32.7-2018-q2-update.win32_1.4.0.202007081208/tools/bin/../lib/gcc/arm-none-eabi/7.3.1/../../../../arm-none-eabi/lib/thumb/v7-m\libc_nano.a(lib_a-exit.o) (_global_impure_ptr)
c:/st/stm32cubeide_1.4.0/stm32cubeide/plugins/com.st.stm32cube.ide.mcu.externaltools.gnu-tools-for-stm32.7-2018-q2-update.win32_1.4.0.202007081208/tools/bin/../lib/gcc/arm-none-eabi/7.3.1/../../../../arm-none-eabi/lib/thumb/v7-m\libc_nano.a(lib_a-init.o)
                              c:/st/stm32cubeide_1.4.0/stm32cubeide/plugins/com.st.stm32cube.ide.mcu.externaltools.gnu-tools-for-stm32.7-2018-q2-update.win32_1.4.0.202007081208/tools/bin/../lib/gcc/arm-none-eabi/7.3.1/../../../../arm-none-eabi/lib/thumb/v7-m/crt0.o (__libc_init_array)
c:/st/stm32cubeide_1.4.0/stm32cubeide/plugins/com.st.stm32cube.ide.mcu.externaltools.gnu-tools-for-stm32.7-2018-q2-update.win32_1.4.0.202007081208/tools/bin/../lib/gcc/arm-none-eabi/7.3.1/../../../../arm-none-eabi/lib/thumb/v7-m\libc_nano.a(lib_a-memset.o)
                              c:/st/stm32cubeide_1.4.0/stm32cubeide/plugins/com.st.stm32cube.ide.mcu.externaltools.gnu-tools-for-stm32.7-2018-q2-update.win32_1.4.0.202007081208/tools/bin/../lib/gcc/arm-none-eabi/7.3.1/../../../../arm-none-eabi/lib/thumb/v7-m/crt0.o (memset)

Allocating common symbols
Common symbol       size              file

PinConfig           0x4               HAL/7SEGMENT/_7SEGMENT.o

Discarded input sections

 .text          0x0000000000000000        0x0 c:/st/stm32cubeide_1.4.0/stm32cubeide/plugins/com.st.stm32cube.ide.mcu.externaltools.gnu-tools-for-stm32.7-2018-q2-update.win32_1.4.0.202007081208/tools/bin/../lib/gcc/arm-none-eabi/7.3.1/thumb/v7-m/crti.o
 .data          0x0000000000000000        0x0 c:/st/stm32cubeide_1.4.0/stm32cubeide/plugins/com.st.stm32cube.ide.mcu.externaltools.gnu-tools-for-stm32.7-2018-q2-update.win32_1.4.0.202007081208/tools/bin/../lib/gcc/arm-none-eabi/7.3.1/thumb/v7-m/crti.o
 .bss           0x0000000000000000        0x0 c:/st/stm32cubeide_1.4.0/stm32cubeide/plugins/com.st.stm32cube.ide.mcu.externaltools.gnu-tools-for-stm32.7-2018-q2-update.win32_1.4.0.202007081208/tools/bin/../lib/gcc/arm-none-eabi/7.3.1/thumb/v7-m/crti.o
 .data          0x0000000000000000        0x4 c:/st/stm32cubeide_1.4.0/stm32cubeide/plugins/com.st.stm32cube.ide.mcu.externaltools.gnu-tools-for-stm32.7-2018-q2-update.win32_1.4.0.202007081208/tools/bin/../lib/gcc/arm-none-eabi/7.3.1/thumb/v7-m/crtbegin.o
 .text          0x0000000000000000       0x74 c:/st/stm32cubeide_1.4.0/stm32cubeide/plugins/com.st.stm32cube.ide.mcu.externaltools.gnu-tools-for-stm32.7-2018-q2-update.win32_1.4.0.202007081208/tools/bin/../lib/gcc/arm-none-eabi/7.3.1/../../../../arm-none-eabi/lib/thumb/v7-m/crt0.o
 .data          0x0000000000000000        0x0 c:/st/stm32cubeide_1.4.0/stm32cubeide/plugins/com.st.stm32cube.ide.mcu.externaltools.gnu-tools-for-stm32.7-2018-q2-update.win32_1.4.0.202007081208/tools/bin/../lib/gcc/arm-none-eabi/7.3.1/../../../../arm-none-eabi/lib/thumb/v7-m/crt0.o
 .bss           0x0000000000000000        0x0 c:/st/stm32cubeide_1.4.0/stm32cubeide/plugins/com.st.stm32cube.ide.mcu.externaltools.gnu-tools-for-stm32.7-2018-q2-update.win32_1.4.0.202007081208/tools/bin/../lib/gcc/arm-none-eabi/7.3.1/../../../../arm-none-eabi/lib/thumb/v7-m/crt0.o
 .ARM.extab     0x0000000000000000        0x0 c:/st/stm32cubeide_1.4.0/stm32cubeide/plugins/com.st.stm32cube.ide.mcu.externaltools.gnu-tools-for-stm32.7-2018-q2-update.win32_1.4.0.202007081208/tools/bin/../lib/gcc/arm-none-eabi/7.3.1/../../../../arm-none-eabi/lib/thumb/v7-m/crt0.o
 .ARM.exidx     0x0000000000000000        0x8 c:/st/stm32cubeide_1.4.0/stm32cubeide/plugins/com.st.stm32cube.ide.mcu.externaltools.gnu-tools-for-stm32.7-2018-q2-update.win32_1.4.0.202007081208/tools/bin/../lib/gcc/arm-none-eabi/7.3.1/../../../../arm-none-eabi/lib/thumb/v7-m/crt0.o
 .ARM.attributes
                0x0000000000000000       0x1b c:/st/stm32cubeide_1.4.0/stm32cubeide/plugins/com.st.stm32cube.ide.mcu.externaltools.gnu-tools-for-stm32.7-2018-q2-update.win32_1.4.0.202007081208/tools/bin/../lib/gcc/arm-none-eabi/7.3.1/../../../../arm-none-eabi/lib/thumb/v7-m/crt0.o
 .group         0x0000000000000000        0xc HAL/7SEGMENT/_7SEGMENT.o
 .group         0x0000000000000000        0xc HAL/7SEGMENT/_7SEGMENT.o
 .group         0x0000000000000000        0xc HAL/7SEGMENT/_7SEGMENT.o
 .group         0x0000000000000000        0xc HAL/7SEGMENT/_7SEGMENT.o
 .group         0x0000000000000000        0xc HAL/7SEGMENT/_7SEGMENT.o
 .group         0x0000000000000000        0xc HAL/7SEGMENT/_7SEGMENT.o
 .text          0x0000000000000000        0x0 HAL/7SEGMENT/_7SEGMENT.o
 .data          0x0000000000000000        0x0 HAL/7SEGMENT/_7SEGMENT.o
 .bss           0x0000000000000000        0x0 HAL/7SEGMENT/_7SEGMENT.o
 .text._7_segment_init
                0x0000000000000000       0xc8 HAL/7SEGMENT/_7SEGMENT.o
 .debug_info    0x0000000000000000      0x28d HAL/7SEGMENT/_7SEGMENT.o
 .debug_abbrev  0x0000000000000000       0xb1 HAL/7SEGMENT/_7SEGMENT.o
 .debug_loc     0x0000000000000000       0x2c HAL/7SEGMENT/_7SEGMENT.o
 .debug_aranges
                0x0000000000000000       0x20 HAL/7SEGMENT/_7SEGMENT.o
 .debug_ranges  0x0000000000000000       0x10 HAL/7SEGMENT/_7SEGMENT.o
 .debug_macro   0x0000000000000000       0x64 HAL/7SEGMENT/_7SEGMENT.o
 .debug_macro   0x0000000000000000      0xa60 HAL/7SEGMENT/_7SEGMENT.o
 .debug_macro   0x0000000000000000       0x22 HAL/7SEGMENT/_7SEGMENT.o
 .debug_macro   0x0000000000000000       0x22 HAL/7SEGMENT/_7SEGMENT.o
 .debug_macro   0x0000000000000000       0x52 HAL/7SEGMENT/_7SEGMENT.o
 .debug_macro   0x0000000000000000      0x267 HAL/7SEGMENT/_7SEGMENT.o
 .debug_macro   0x0000000000000000       0x40 HAL/7SEGMENT/_7SEGMENT.o
 .debug_line    0x0000000000000000      0x1cb HAL/7SEGMENT/_7SEGMENT.o
 .debug_str     0x0000000000000000     0x409f HAL/7SEGMENT/_7SEGMENT.o
 .comment       0x0000000000000000       0x7c HAL/7SEGMENT/_7SEGMENT.o
 .debug_frame   0x0000000000000000       0x2c HAL/7SEGMENT/_7SEGMENT.o
 .ARM.attributes
                0x0000000000000000       0x33 HAL/7SEGMENT/_7SEGMENT.o
 COMMON         0x0000000000000000        0x4 HAL/7SEGMENT/_7SEGMENT.o
 .group         0x0000000000000000        0xc HAL/EEPROM/stm32f103x6_SLAVE_EEPROM_Driver.o
 .group         0x0000000000000000        0xc HAL/EEPROM/stm32f103x6_SLAVE_EEPROM_Driver.o
 .group         0x0000000000000000        0xc HAL/EEPROM/stm32f103x6_SLAVE_EEPROM_Driver.o
 .group         0x0000000000000000        0xc HAL/EEPROM/stm32f103x6_SLAVE_EEPROM_Driver.o
 .group         0x0000000000000000        0xc HAL/EEPROM/stm32f103x6_SLAVE_EEPROM_Driver.o
 .group         0x0000000000000000        0xc HAL/EEPROM/stm32f103x6_SLAVE_EEPROM_Driver.o
 .group         0x0000000000000000        0xc HAL/EEPROM/stm32f103x6_SLAVE_EEPROM_Driver.o
 .text          0x0000000000000000        0x0 HAL/EEPROM/stm32f103x6_SLAVE_EEPROM_Driver.o
 .data          0x0000000000000000        0x0 HAL/EEPROM/stm32f103x6_SLAVE_EEPROM_Driver.o
 .bss           0x0000000000000000        0x0 HAL/EEPROM/stm32f103x6_SLAVE_EEPROM_Driver.o
 .debug_macro   0x0000000000000000      0xa60 HAL/EEPROM/stm32f103x6_SLAVE_EEPROM_Driver.o
 .debug_macro   0x0000000000000000       0x22 HAL/EEPROM/stm32f103x6_SLAVE_EEPROM_Driver.o
 .debug_macro   0x0000000000000000       0x22 HAL/EEPROM/stm32f103x6_SLAVE_EEPROM_Driver.o
 .debug_macro   0x0000000000000000       0x52 HAL/EEPROM/stm32f103x6_SLAVE_EEPROM_Driver.o
 .group         0x0000000000000000        0xc HAL/KEYPAD/keypad.o
 .group         0x0000000000000000        0xc HAL/KEYPAD/keypad.o
 .group         0x0000000000000000        0xc HAL/KEYPAD/keypad.o
 .group         0x0000000000000000        0xc HAL/KEYPAD/keypad.o
 .group         0x0000000000000000        0xc HAL/KEYPAD/keypad.o
 .group         0x0000000000000000        0xc HAL/KEYPAD/keypad.o
 .text          0x0000000000000000        0x0 HAL/KEYPAD/keypad.o
 .data          0x0000000000000000        0x0 HAL/KEYPAD/keypad.o
 .bss           0x0000000000000000        0x0 HAL/KEYPAD/keypad.o
 .data.Key_padRow
                0x0000000000000000       0x10 HAL/KEYPAD/keypad.o
 .data.Key_padCol
                0x0000000000000000       0x10 HAL/KEYPAD/keypad.o
 .rodata.KEYPAD_MAP
                0x0000000000000000       0x10 HAL/KEYPAD/keypad.o
 .text.delay_ms
                0x0000000000000000       0x38 HAL/KEYPAD/keypad.o
 .text.Keypad_init
                0x0000000000000000       0x94 HAL/KEYPAD/keypad.o
 .text.lookupKey
                0x0000000000000000       0x28 HAL/KEYPAD/keypad.o
 .text.Keypad_getkey
                0x0000000000000000       0xc0 HAL/KEYPAD/keypad.o
 .debug_info    0x0000000000000000      0x3e9 HAL/KEYPAD/keypad.o
 .debug_abbrev  0x0000000000000000      0x168 HAL/KEYPAD/keypad.o
 .debug_loc     0x0000000000000000      0x158 HAL/KEYPAD/keypad.o
 .debug_aranges
                0x0000000000000000       0x38 HAL/KEYPAD/keypad.o
 .debug_ranges  0x0000000000000000       0x28 HAL/KEYPAD/keypad.o
 .debug_macro   0x0000000000000000       0x64 HAL/KEYPAD/keypad.o
 .debug_macro   0x0000000000000000      0xa60 HAL/KEYPAD/keypad.o
 .debug_macro   0x0000000000000000       0x22 HAL/KEYPAD/keypad.o
 .debug_macro   0x0000000000000000       0x22 HAL/KEYPAD/keypad.o
 .debug_macro   0x0000000000000000       0x52 HAL/KEYPAD/keypad.o
 .debug_macro   0x0000000000000000      0x267 HAL/KEYPAD/keypad.o
 .debug_macro   0x0000000000000000       0x46 HAL/KEYPAD/keypad.o
 .debug_line    0x0000000000000000      0x262 HAL/KEYPAD/keypad.o
 .debug_str     0x0000000000000000     0x4103 HAL/KEYPAD/keypad.o
 .comment       0x0000000000000000       0x7c HAL/KEYPAD/keypad.o
 .debug_frame   0x0000000000000000       0xa8 HAL/KEYPAD/keypad.o
 .ARM.attributes
                0x0000000000000000       0x33 HAL/KEYPAD/keypad.o
 .group         0x0000000000000000        0xc HAL/LCD/lcd.o
 .group         0x0000000000000000        0xc HAL/LCD/lcd.o
 .group         0x0000000000000000        0xc HAL/LCD/lcd.o
 .group         0x0000000000000000        0xc HAL/LCD/lcd.o
 .group         0x0000000000000000        0xc HAL/LCD/lcd.o
 .group         0x0000000000000000        0xc HAL/LCD/lcd.o
 .group         0x0000000000000000        0xc HAL/LCD/lcd.o
 .group         0x0000000000000000        0xc HAL/LCD/lcd.o
 .group         0x0000000000000000        0xc HAL/LCD/lcd.o
 .group         0x0000000000000000        0xc HAL/LCD/lcd.o
 .group         0x0000000000000000        0xc HAL/LCD/lcd.o
 .group         0x0000000000000000        0xc HAL/LCD/lcd.o
 .text          0x0000000000000000        0x0 HAL/LCD/lcd.o
 .data          0x0000000000000000        0x0 HAL/LCD/lcd.o
 .bss           0x0000000000000000        0x0 HAL/LCD/lcd.o
 .text.lcd_send_4bit
                0x0000000000000000       0x78 HAL/LCD/lcd.o
 .text.lcd_send_EN
                0x0000000000000000       0x40 HAL/LCD/lcd.o
 .text.lcd_initialize
                0x0000000000000000       0xee HAL/LCD/lcd.o
 .text.lcd_send_command
                0x0000000000000000       0x62 HAL/LCD/lcd.o
 .text.lcd_send_char_data
                0x0000000000000000       0x62 HAL/LCD/lcd.o
 .text.lcd_set_cursor_pos
                0x0000000000000000       0x78 HAL/LCD/lcd.o
 .text.lcd_send_char_data_pos
                0x0000000000000000       0x38 HAL/LCD/lcd.o
 .text.lcd_send_string
                0x0000000000000000       0x2c HAL/LCD/lcd.o
 .text.lcd_send_string_pos
                0x0000000000000000       0x32 HAL/LCD/lcd.o
 .text.covert_num_to_str
                0x0000000000000000       0xc8 HAL/LCD/lcd.o
 .text.lcd_send_custom_char
                0x0000000000000000       0x6c HAL/LCD/lcd.o
 .text._delay_ms
                0x0000000000000000       0x38 HAL/LCD/lcd.o
 .debug_info    0x0000000000000000      0x6c5 HAL/LCD/lcd.o
 .debug_abbrev  0x0000000000000000      0x155 HAL/LCD/lcd.o
 .debug_loc     0x0000000000000000      0x3d8 HAL/LCD/lcd.o
 .debug_aranges
                0x0000000000000000       0x78 HAL/LCD/lcd.o
 .debug_ranges  0x0000000000000000       0x68 HAL/LCD/lcd.o
 .debug_macro   0x0000000000000000       0xb6 HAL/LCD/lcd.o
 .debug_macro   0x0000000000000000      0xa60 HAL/LCD/lcd.o
 .debug_macro   0x0000000000000000       0x22 HAL/LCD/lcd.o
 .debug_macro   0x0000000000000000       0x22 HAL/LCD/lcd.o
 .debug_macro   0x0000000000000000       0x52 HAL/LCD/lcd.o
 .debug_macro   0x0000000000000000      0x267 HAL/LCD/lcd.o
 .debug_macro   0x0000000000000000       0x22 HAL/LCD/lcd.o
 .debug_macro   0x0000000000000000       0x8e HAL/LCD/lcd.o
 .debug_macro   0x0000000000000000       0x51 HAL/LCD/lcd.o
 .debug_macro   0x0000000000000000       0xef HAL/LCD/lcd.o
 .debug_macro   0x0000000000000000       0x6a HAL/LCD/lcd.o
 .debug_macro   0x0000000000000000      0x1df HAL/LCD/lcd.o
 .debug_macro   0x0000000000000000       0xac HAL/LCD/lcd.o
 .debug_line    0x0000000000000000      0x57d HAL/LCD/lcd.o
 .debug_str     0x0000000000000000     0x5270 HAL/LCD/lcd.o
 .comment       0x0000000000000000       0x7c HAL/LCD/lcd.o
 .debug_frame   0x0000000000000000      0x1c8 HAL/LCD/lcd.o
 .ARM.attributes
                0x0000000000000000       0x33 HAL/LCD/lcd.o
 .group         0x0000000000000000        0xc MCAL/stm32f103x6_EXTI_driver.o
 .group         0x0000000000000000        0xc MCAL/stm32f103x6_EXTI_driver.o
 .group         0x0000000000000000        0xc MCAL/stm32f103x6_EXTI_driver.o
 .group         0x0000000000000000        0xc MCAL/stm32f103x6_EXTI_driver.o
 .group         0x0000000000000000        0xc MCAL/stm32f103x6_EXTI_driver.o
 .group         0x0000000000000000        0xc MCAL/stm32f103x6_EXTI_driver.o
 .group         0x0000000000000000        0xc MCAL/stm32f103x6_EXTI_driver.o
 .text          0x0000000000000000        0x0 MCAL/stm32f103x6_EXTI_driver.o
 .data          0x0000000000000000        0x0 MCAL/stm32f103x6_EXTI_driver.o
 .bss           0x0000000000000000        0x0 MCAL/stm32f103x6_EXTI_driver.o
 .text.EXTI_SYSCFG
                0x0000000000000000       0xb8 MCAL/stm32f103x6_EXTI_driver.o
 .text.NVIC_EnableIRQ
                0x0000000000000000       0x70 MCAL/stm32f103x6_EXTI_driver.o
 .text.NVIC_DisableIRQ
                0x0000000000000000       0x70 MCAL/stm32f103x6_EXTI_driver.o
 .text.EXTI_Init
                0x0000000000000000      0x190 MCAL/stm32f103x6_EXTI_driver.o
 .text.EXTI_Deinit
                0x0000000000000000       0xe0 MCAL/stm32f103x6_EXTI_driver.o
 .text.EXTI_SetCallback
                0x0000000000000000       0x24 MCAL/stm32f103x6_EXTI_driver.o
 .debug_macro   0x0000000000000000      0xa60 MCAL/stm32f103x6_EXTI_driver.o
 .debug_macro   0x0000000000000000       0x22 MCAL/stm32f103x6_EXTI_driver.o
 .debug_macro   0x0000000000000000       0x22 MCAL/stm32f103x6_EXTI_driver.o
 .debug_macro   0x0000000000000000       0x52 MCAL/stm32f103x6_EXTI_driver.o
 .debug_macro   0x0000000000000000      0x267 MCAL/stm32f103x6_EXTI_driver.o
 .debug_macro   0x0000000000000000       0x10 MCAL/stm32f103x6_EXTI_driver.o
 .group         0x0000000000000000        0xc MCAL/stm32f103x6_GPIO_driver.o
 .group         0x0000000000000000        0xc MCAL/stm32f103x6_GPIO_driver.o
 .group         0x0000000000000000        0xc MCAL/stm32f103x6_GPIO_driver.o
 .group         0x0000000000000000        0xc MCAL/stm32f103x6_GPIO_driver.o
 .group         0x0000000000000000        0xc MCAL/stm32f103x6_GPIO_driver.o
 .text          0x0000000000000000        0x0 MCAL/stm32f103x6_GPIO_driver.o
 .data          0x0000000000000000        0x0 MCAL/stm32f103x6_GPIO_driver.o
 .bss           0x0000000000000000        0x0 MCAL/stm32f103x6_GPIO_driver.o
 .text.MCAL_GPIO_DeInit
                0x0000000000000000       0xb0 MCAL/stm32f103x6_GPIO_driver.o
 .text.MCAL_GPIO_ReadPin
                0x0000000000000000       0x32 MCAL/stm32f103x6_GPIO_driver.o
 .text.MCAL_GPIO_ReadPort
                0x0000000000000000       0x18 MCAL/stm32f103x6_GPIO_driver.o
 .text.MCAL_GPIO_WritePin
                0x0000000000000000       0x50 MCAL/stm32f103x6_GPIO_driver.o
 .text.MCAL_GPIO_WritePort
                0x0000000000000000       0x24 MCAL/stm32f103x6_GPIO_driver.o
 .text.MCAL_GPIO_TogglePin
                0x0000000000000000       0x36 MCAL/stm32f103x6_GPIO_driver.o
 .text.MCAL_GPIO_LockPin
                0x0000000000000000       0x80 MCAL/stm32f103x6_GPIO_driver.o
 .debug_macro   0x0000000000000000      0xa60 MCAL/stm32f103x6_GPIO_driver.o
 .debug_macro   0x0000000000000000       0x22 MCAL/stm32f103x6_GPIO_driver.o
 .debug_macro   0x0000000000000000       0x22 MCAL/stm32f103x6_GPIO_driver.o
 .debug_macro   0x0000000000000000       0x52 MCAL/stm32f103x6_GPIO_driver.o
 .debug_macro   0x0000000000000000      0x267 MCAL/stm32f103x6_GPIO_driver.o
 .group         0x0000000000000000        0xc MCAL/stm32f103x6_I2C_driver.o
 .group         0x0000000000000000        0xc MCAL/stm32f103x6_I2C_driver.o
 .group         0x0000000000000000        0xc MCAL/stm32f103x6_I2C_driver.o
 .group         0x0000000000000000        0xc MCAL/stm32f103x6_I2C_driver.o
 .group         0x0000000000000000        0xc MCAL/stm32f103x6_I2C_driver.o
 .group         0x0000000000000000        0xc MCAL/stm32f103x6_I2C_driver.o
 .group         0x0000000000000000        0xc MCAL/stm32f103x6_I2C_driver.o
 .text          0x0000000000000000        0x0 MCAL/stm32f103x6_I2C_driver.o
 .data          0x0000000000000000        0x0 MCAL/stm32f103x6_I2C_driver.o
 .bss           0x0000000000000000        0x0 MCAL/stm32f103x6_I2C_driver.o
 .text.MCAL_I2C_Reset_GPIO_Pins
                0x0000000000000000       0x78 MCAL/stm32f103x6_I2C_driver.o
 .text.MCAL_I2C_Deinit
                0x0000000000000000       0xb0 MCAL/stm32f103x6_I2C_driver.o
 .text.MCAL_I2C_Master_Transmit
                0x0000000000000000       0x68 MCAL/stm32f103x6_I2C_driver.o
 .text.MCAL_I2C_Master_Reieve
                0x0000000000000000       0x74 MCAL/stm32f103x6_I2C_driver.o
 .text.I2C_Slave_PollingTransmit
                0x0000000000000000       0x4a MCAL/stm32f103x6_I2C_driver.o
 .text.I2C_Slave_PollingReceive
                0x0000000000000000       0x3a MCAL/stm32f103x6_I2C_driver.o
 .debug_macro   0x0000000000000000      0xa60 MCAL/stm32f103x6_I2C_driver.o
 .debug_macro   0x0000000000000000       0x22 MCAL/stm32f103x6_I2C_driver.o
 .debug_macro   0x0000000000000000       0x22 MCAL/stm32f103x6_I2C_driver.o
 .debug_macro   0x0000000000000000       0x52 MCAL/stm32f103x6_I2C_driver.o
 .debug_macro   0x0000000000000000      0x267 MCAL/stm32f103x6_I2C_driver.o
 .debug_macro   0x0000000000000000       0x16 MCAL/stm32f103x6_I2C_driver.o
 .debug_macro   0x0000000000000000       0x10 MCAL/stm32f103x6_I2C_driver.o
 .group         0x0000000000000000        0xc MCAL/stm32f103x6_RCC_driver.o
 .group         0x0000000000000000        0xc MCAL/stm32f103x6_RCC_driver.o
 .group         0x0000000000000000        0xc MCAL/stm32f103x6_RCC_driver.o
 .group         0x0000000000000000        0xc MCAL/stm32f103x6_RCC_driver.o
 .group         0x0000000000000000        0xc MCAL/stm32f103x6_RCC_driver.o
 .group         0x0000000000000000        0xc MCAL/stm32f103x6_RCC_driver.o
 .text          0x0000000000000000        0x0 MCAL/stm32f103x6_RCC_driver.o
 .data          0x0000000000000000        0x0 MCAL/stm32f103x6_RCC_driver.o
 .bss           0x0000000000000000        0x0 MCAL/stm32f103x6_RCC_driver.o
 .text.MCAL_RCC_GetPCLK2_Freq
                0x0000000000000000       0x3c MCAL/stm32f103x6_RCC_driver.o
 .debug_macro   0x0000000000000000      0xa60 MCAL/stm32f103x6_RCC_driver.o
 .debug_macro   0x0000000000000000       0x22 MCAL/stm32f103x6_RCC_driver.o
 .debug_macro   0x0000000000000000       0x22 MCAL/stm32f103x6_RCC_driver.o
 .debug_macro   0x0000000000000000       0x52 MCAL/stm32f103x6_RCC_driver.o
 .debug_macro   0x0000000000000000      0x267 MCAL/stm32f103x6_RCC_driver.o
 .group         0x0000000000000000        0xc MCAL/stm32f103x6_SPI_driver.o
 .group         0x0000000000000000        0xc MCAL/stm32f103x6_SPI_driver.o
 .group         0x0000000000000000        0xc MCAL/stm32f103x6_SPI_driver.o
 .group         0x0000000000000000        0xc MCAL/stm32f103x6_SPI_driver.o
 .group         0x0000000000000000        0xc MCAL/stm32f103x6_SPI_driver.o
 .group         0x0000000000000000        0xc MCAL/stm32f103x6_SPI_driver.o
 .group         0x0000000000000000        0xc MCAL/stm32f103x6_SPI_driver.o
 .text          0x0000000000000000        0x0 MCAL/stm32f103x6_SPI_driver.o
 .data          0x0000000000000000        0x0 MCAL/stm32f103x6_SPI_driver.o
 .bss           0x0000000000000000        0x0 MCAL/stm32f103x6_SPI_driver.o
 .text.MCAL_SPI_Set_GPIO_Pins
                0x0000000000000000      0x25c MCAL/stm32f103x6_SPI_driver.o
 .text.MCAL_SPI_SetCallBackFunction
                0x0000000000000000       0x44 MCAL/stm32f103x6_SPI_driver.o
 .text.MCAL_SPI_Enable_Global_Interrupt
                0x0000000000000000       0x4c MCAL/stm32f103x6_SPI_driver.o
 .text.MCAL_SPI_Disable_Global_Interrupt
                0x0000000000000000       0x4c MCAL/stm32f103x6_SPI_driver.o
 .text.MCAL_SPI_Init
                0x0000000000000000      0x1f8 MCAL/stm32f103x6_SPI_driver.o
 .text.MCAL_SPI_Transmit
                0x0000000000000000       0x30 MCAL/stm32f103x6_SPI_driver.o
 .text.MCAL_SPI_Recieve
                0x0000000000000000       0x2c MCAL/stm32f103x6_SPI_driver.o
 .text.MCAL_SPI_Transmit_Recieve
                0x0000000000000000       0x2a MCAL/stm32f103x6_SPI_driver.o
 .text.MCAL_SPI_Dinit
                0x0000000000000000       0x50 MCAL/stm32f103x6_SPI_driver.o
 .debug_macro   0x0000000000000000      0xa60 MCAL/stm32f103x6_SPI_driver.o
 .debug_macro   0x0000000000000000       0x22 MCAL/stm32f103x6_SPI_driver.o
 .debug_macro   0x0000000000000000       0x22 MCAL/stm32f103x6_SPI_driver.o
 .debug_macro   0x0000000000000000       0x52 MCAL/stm32f103x6_SPI_driver.o
 .debug_macro   0x0000000000000000      0x267 MCAL/stm32f103x6_SPI_driver.o
 .debug_macro   0x0000000000000000       0x16 MCAL/stm32f103x6_SPI_driver.o
 .debug_macro   0x0000000000000000       0x10 MCAL/stm32f103x6_SPI_driver.o
 .group         0x0000000000000000        0xc MCAL/stm32f103x6_USART_driver.o
 .group         0x0000000000000000        0xc MCAL/stm32f103x6_USART_driver.o
 .group         0x0000000000000000        0xc MCAL/stm32f103x6_USART_driver.o
 .group         0x0000000000000000        0xc MCAL/stm32f103x6_USART_driver.o
 .group         0x0000000000000000        0xc MCAL/stm32f103x6_USART_driver.o
 .group         0x0000000000000000        0xc MCAL/stm32f103x6_USART_driver.o
 .group         0x0000000000000000        0xc MCAL/stm32f103x6_USART_driver.o
 .text          0x0000000000000000        0x0 MCAL/stm32f103x6_USART_driver.o
 .data          0x0000000000000000        0x0 MCAL/stm32f103x6_USART_driver.o
 .bss           0x0000000000000000        0x0 MCAL/stm32f103x6_USART_driver.o
 .bss.Global_USART_Config
                0x0000000000000000        0xc MCAL/stm32f103x6_USART_driver.o
 .text.MCAL_USART_WaitForTc
                0x0000000000000000       0x24 MCAL/stm32f103x6_USART_driver.o
 .text.MCAL_USART_SetBaudRate
                0x0000000000000000       0x78 MCAL/stm32f103x6_USART_driver.o
 .text.MCAL_USART_GPIO_Set_Pins
                0x0000000000000000      0x198 MCAL/stm32f103x6_USART_driver.o
 .text.MCAL_USART_Init
                0x0000000000000000      0x200 MCAL/stm32f103x6_USART_driver.o
 .text.MCAL_USART_Deinit
                0x0000000000000000       0x90 MCAL/stm32f103x6_USART_driver.o
 .text.MCAL_USART_TransmitByte
                0x0000000000000000       0x34 MCAL/stm32f103x6_USART_driver.o
 .text.MCAL_USART_TransmitString
                0x0000000000000000       0x2e MCAL/stm32f103x6_USART_driver.o
 .text.MCAL_USART_RecieveByte
                0x0000000000000000       0x72 MCAL/stm32f103x6_USART_driver.o
 .debug_info    0x0000000000000000      0x801 MCAL/stm32f103x6_USART_driver.o
 .debug_abbrev  0x0000000000000000      0x1bb MCAL/stm32f103x6_USART_driver.o
 .debug_loc     0x0000000000000000      0x2b0 MCAL/stm32f103x6_USART_driver.o
 .debug_aranges
                0x0000000000000000       0x58 MCAL/stm32f103x6_USART_driver.o
 .debug_ranges  0x0000000000000000       0x48 MCAL/stm32f103x6_USART_driver.o
 .debug_macro   0x0000000000000000       0x61 MCAL/stm32f103x6_USART_driver.o
 .debug_macro   0x0000000000000000      0xa60 MCAL/stm32f103x6_USART_driver.o
 .debug_macro   0x0000000000000000       0x22 MCAL/stm32f103x6_USART_driver.o
 .debug_macro   0x0000000000000000       0x22 MCAL/stm32f103x6_USART_driver.o
 .debug_macro   0x0000000000000000       0x52 MCAL/stm32f103x6_USART_driver.o
 .debug_macro   0x0000000000000000      0x267 MCAL/stm32f103x6_USART_driver.o
 .debug_macro   0x0000000000000000       0x16 MCAL/stm32f103x6_USART_driver.o
 .debug_macro   0x0000000000000000       0x10 MCAL/stm32f103x6_USART_driver.o
 .debug_line    0x0000000000000000      0x2ff MCAL/stm32f103x6_USART_driver.o
 .debug_str     0x0000000000000000     0x455a MCAL/stm32f103x6_USART_driver.o
 .comment       0x0000000000000000       0x7c MCAL/stm32f103x6_USART_driver.o
 .debug_frame   0x0000000000000000      0x140 MCAL/stm32f103x6_USART_driver.o
 .ARM.attributes
                0x0000000000000000       0x33 MCAL/stm32f103x6_USART_driver.o
 .group         0x0000000000000000        0xc Src/main.o
 .group         0x0000000000000000        0xc Src/main.o
 .group         0x0000000000000000        0xc Src/main.o
 .group         0x0000000000000000        0xc Src/main.o
 .group         0x0000000000000000        0xc Src/main.o
 .group         0x0000000000000000        0xc Src/main.o
 .text          0x0000000000000000        0x0 Src/main.o
 .data          0x0000000000000000        0x0 Src/main.o
 .bss           0x0000000000000000        0x0 Src/main.o
 .debug_macro   0x0000000000000000      0xa60 Src/main.o
 .debug_macro   0x0000000000000000       0x22 Src/main.o
 .debug_macro   0x0000000000000000       0x22 Src/main.o
 .debug_macro   0x0000000000000000       0x52 Src/main.o
 .debug_macro   0x0000000000000000      0x267 Src/main.o
 .debug_macro   0x0000000000000000       0x16 Src/main.o
 .group         0x0000000000000000        0xc Src/syscalls.o
 .group         0x0000000000000000        0xc Src/syscalls.o
 .group         0x0000000000000000        0xc Src/syscalls.o
 .group         0x0000000000000000        0xc Src/syscalls.o
 .group         0x0000000000000000        0xc Src/syscalls.o
 .group         0x0000000000000000        0xc Src/syscalls.o
 .group         0x0000000000000000        0xc Src/syscalls.o
 .group         0x0000000000000000        0xc Src/syscalls.o
 .group         0x0000000000000000        0xc Src/syscalls.o
 .group         0x0000000000000000        0xc Src/syscalls.o
 .group         0x0000000000000000        0xc Src/syscalls.o
 .group         0x0000000000000000        0xc Src/syscalls.o
 .group         0x0000000000000000        0xc Src/syscalls.o
 .group         0x0000000000000000        0xc Src/syscalls.o
 .group         0x0000000000000000        0xc Src/syscalls.o
 .group         0x0000000000000000        0xc Src/syscalls.o
 .group         0x0000000000000000        0xc Src/syscalls.o
 .group         0x0000000000000000        0xc Src/syscalls.o
 .group         0x0000000000000000        0xc Src/syscalls.o
 .group         0x0000000000000000        0xc Src/syscalls.o
 .group         0x0000000000000000        0xc Src/syscalls.o
 .group         0x0000000000000000        0xc Src/syscalls.o
 .group         0x0000000000000000        0xc Src/syscalls.o
 .group         0x0000000000000000        0xc Src/syscalls.o
 .group         0x0000000000000000        0xc Src/syscalls.o
 .group         0x0000000000000000        0xc Src/syscalls.o
 .group         0x0000000000000000        0xc Src/syscalls.o
 .group         0x0000000000000000        0xc Src/syscalls.o
 .group         0x0000000000000000        0xc Src/syscalls.o
 .group         0x0000000000000000        0xc Src/syscalls.o
 .group         0x0000000000000000        0xc Src/syscalls.o
 .group         0x0000000000000000        0xc Src/syscalls.o
 .group         0x0000000000000000        0xc Src/syscalls.o
 .group         0x0000000000000000        0xc Src/syscalls.o
 .group         0x0000000000000000        0xc Src/syscalls.o
 .group         0x0000000000000000        0xc Src/syscalls.o
 .group         0x0000000000000000        0xc Src/syscalls.o
 .group         0x0000000000000000        0xc Src/syscalls.o
 .group         0x0000000000000000        0xc Src/syscalls.o
 .group         0x0000000000000000        0xc Src/syscalls.o
 .group         0x0000000000000000        0xc Src/syscalls.o
 .group         0x0000000000000000        0xc Src/syscalls.o
 .group         0x0000000000000000        0xc Src/syscalls.o
 .group         0x0000000000000000        0xc Src/syscalls.o
 .text          0x0000000000000000        0x0 Src/syscalls.o
 .data          0x0000000000000000        0x0 Src/syscalls.o
 .bss           0x0000000000000000        0x0 Src/syscalls.o
 .bss.__env     0x0000000000000000        0x4 Src/syscalls.o
 .data.environ  0x0000000000000000        0x4 Src/syscalls.o
 .text.initialise_monitor_handles
                0x0000000000000000        0xc Src/syscalls.o
 .text._getpid  0x0000000000000000        0xe Src/syscalls.o
 .text._kill    0x0000000000000000       0x20 Src/syscalls.o
 .text._exit    0x0000000000000000       0x14 Src/syscalls.o
 .text._read    0x0000000000000000       0x3a Src/syscalls.o
 .text._write   0x0000000000000000       0x38 Src/syscalls.o
 .text._close   0x0000000000000000       0x16 Src/syscalls.o
 .text._fstat   0x0000000000000000       0x1e Src/syscalls.o
 .text._isatty  0x0000000000000000       0x14 Src/syscalls.o
 .text._lseek   0x0000000000000000       0x18 Src/syscalls.o
 .text._open    0x0000000000000000       0x1a Src/syscalls.o
 .text._wait    0x0000000000000000       0x1e Src/syscalls.o
 .text._unlink  0x0000000000000000       0x1e Src/syscalls.o
 .text._times   0x0000000000000000       0x16 Src/syscalls.o
 .text._stat    0x0000000000000000       0x1e Src/syscalls.o
 .text._link    0x0000000000000000       0x20 Src/syscalls.o
 .text._fork    0x0000000000000000       0x16 Src/syscalls.o
 .text._execve  0x0000000000000000       0x22 Src/syscalls.o
 .debug_info    0x0000000000000000     0x1038 Src/syscalls.o
 .debug_abbrev  0x0000000000000000      0x254 Src/syscalls.o
 .debug_loc     0x0000000000000000      0x5b8 Src/syscalls.o
 .debug_aranges
                0x0000000000000000       0xa8 Src/syscalls.o
 .debug_ranges  0x0000000000000000       0x98 Src/syscalls.o
 .debug_macro   0x0000000000000000      0x243 Src/syscalls.o
 .debug_macro   0x0000000000000000      0xa60 Src/syscalls.o
 .debug_macro   0x0000000000000000       0x22 Src/syscalls.o
 .debug_macro   0x0000000000000000       0x40 Src/syscalls.o
 .debug_macro   0x0000000000000000       0x18 Src/syscalls.o
 .debug_macro   0x0000000000000000       0x94 Src/syscalls.o
 .debug_macro   0x0000000000000000       0x3c Src/syscalls.o
 .debug_macro   0x0000000000000000       0x34 Src/syscalls.o
 .debug_macro   0x0000000000000000       0x57 Src/syscalls.o
 .debug_macro   0x0000000000000000      0x174 Src/syscalls.o
 .debug_macro   0x0000000000000000      0x330 Src/syscalls.o
 .debug_macro   0x0000000000000000       0x52 Src/syscalls.o
 .debug_macro   0x0000000000000000       0x1f Src/syscalls.o
 .debug_macro   0x0000000000000000       0x43 Src/syscalls.o
 .debug_macro   0x0000000000000000       0x20 Src/syscalls.o
 .debug_macro   0x0000000000000000      0x1a3 Src/syscalls.o
 .debug_macro   0x0000000000000000       0x10 Src/syscalls.o
 .debug_macro   0x0000000000000000       0x35 Src/syscalls.o
 .debug_macro   0x0000000000000000       0x10 Src/syscalls.o
 .debug_macro   0x0000000000000000       0x10 Src/syscalls.o
 .debug_macro   0x0000000000000000       0x10 Src/syscalls.o
 .debug_macro   0x0000000000000000       0x6a Src/syscalls.o
 .debug_macro   0x0000000000000000       0x1c Src/syscalls.o
 .debug_macro   0x0000000000000000       0x52 Src/syscalls.o
 .debug_macro   0x0000000000000000       0x40 Src/syscalls.o
 .debug_macro   0x0000000000000000       0x10 Src/syscalls.o
 .debug_macro   0x0000000000000000       0x40 Src/syscalls.o
 .debug_macro   0x0000000000000000       0xd7 Src/syscalls.o
 .debug_macro   0x0000000000000000       0x1c Src/syscalls.o
 .debug_macro   0x0000000000000000       0x3d Src/syscalls.o
 .debug_macro   0x0000000000000000       0x35 Src/syscalls.o
 .debug_macro   0x0000000000000000      0x122 Src/syscalls.o
 .debug_macro   0x0000000000000000       0x16 Src/syscalls.o
 .debug_macro   0x0000000000000000       0x16 Src/syscalls.o
 .debug_macro   0x0000000000000000       0x29 Src/syscalls.o
 .debug_macro   0x0000000000000000       0x10 Src/syscalls.o
 .debug_macro   0x0000000000000000      0x241 Src/syscalls.o
 .debug_macro   0x0000000000000000       0x1c Src/syscalls.o
 .debug_macro   0x0000000000000000       0x10 Src/syscalls.o
 .debug_macro   0x0000000000000000       0x10 Src/syscalls.o
 .debug_macro   0x0000000000000000       0x16 Src/syscalls.o
 .debug_macro   0x0000000000000000      0x145 Src/syscalls.o
 .debug_macro   0x0000000000000000      0x189 Src/syscalls.o
 .debug_macro   0x0000000000000000       0x16 Src/syscalls.o
 .debug_macro   0x0000000000000000       0x88 Src/syscalls.o
 .debug_line    0x0000000000000000      0x739 Src/syscalls.o
 .debug_str     0x0000000000000000     0x886a Src/syscalls.o
 .comment       0x0000000000000000       0x7c Src/syscalls.o
 .debug_frame   0x0000000000000000      0x2ac Src/syscalls.o
 .ARM.attributes
                0x0000000000000000       0x33 Src/syscalls.o
 .group         0x0000000000000000        0xc Src/sysmem.o
 .group         0x0000000000000000        0xc Src/sysmem.o
 .group         0x0000000000000000        0xc Src/sysmem.o
 .group         0x0000000000000000        0xc Src/sysmem.o
 .group         0x0000000000000000        0xc Src/sysmem.o
 .group         0x0000000000000000        0xc Src/sysmem.o
 .group         0x0000000000000000        0xc Src/sysmem.o
 .group         0x0000000000000000        0xc Src/sysmem.o
 .group         0x0000000000000000        0xc Src/sysmem.o
 .group         0x0000000000000000        0xc Src/sysmem.o
 .group         0x0000000000000000        0xc Src/sysmem.o
 .group         0x0000000000000000        0xc Src/sysmem.o
 .group         0x0000000000000000        0xc Src/sysmem.o
 .group         0x0000000000000000        0xc Src/sysmem.o
 .group         0x0000000000000000        0xc Src/sysmem.o
 .group         0x0000000000000000        0xc Src/sysmem.o
 .group         0x0000000000000000        0xc Src/sysmem.o
 .group         0x0000000000000000        0xc Src/sysmem.o
 .group         0x0000000000000000        0xc Src/sysmem.o
 .text          0x0000000000000000        0x0 Src/sysmem.o
 .data          0x0000000000000000        0x0 Src/sysmem.o
 .bss           0x0000000000000000        0x0 Src/sysmem.o
 .bss.__sbrk_heap_end
                0x0000000000000000        0x4 Src/sysmem.o
 .text._sbrk    0x0000000000000000       0x6c Src/sysmem.o
 .debug_info    0x0000000000000000      0xa7c Src/sysmem.o
 .debug_abbrev  0x0000000000000000      0x18e Src/sysmem.o
 .debug_loc     0x0000000000000000       0x50 Src/sysmem.o
 .debug_aranges
                0x0000000000000000       0x20 Src/sysmem.o
 .debug_ranges  0x0000000000000000       0x10 Src/sysmem.o
 .debug_macro   0x0000000000000000       0xee Src/sysmem.o
 .debug_macro   0x0000000000000000      0xa60 Src/sysmem.o
 .debug_macro   0x0000000000000000       0x10 Src/sysmem.o
 .debug_macro   0x0000000000000000       0x22 Src/sysmem.o
 .debug_macro   0x0000000000000000       0x40 Src/sysmem.o
 .debug_macro   0x0000000000000000       0x18 Src/sysmem.o
 .debug_macro   0x0000000000000000       0x94 Src/sysmem.o
 .debug_macro   0x0000000000000000       0x3c Src/sysmem.o
 .debug_macro   0x0000000000000000       0x34 Src/sysmem.o
 .debug_macro   0x0000000000000000      0x174 Src/sysmem.o
 .debug_macro   0x0000000000000000       0x57 Src/sysmem.o
 .debug_macro   0x0000000000000000       0x52 Src/sysmem.o
 .debug_macro   0x0000000000000000       0x1f Src/sysmem.o
 .debug_macro   0x0000000000000000       0x43 Src/sysmem.o
 .debug_macro   0x0000000000000000       0x20 Src/sysmem.o
 .debug_macro   0x0000000000000000      0x1a3 Src/sysmem.o
 .debug_macro   0x0000000000000000      0x23b Src/sysmem.o
 .debug_macro   0x0000000000000000       0xef Src/sysmem.o
 .debug_macro   0x0000000000000000       0x6a Src/sysmem.o
 .debug_macro   0x0000000000000000      0x1df Src/sysmem.o
 .debug_line    0x0000000000000000      0x4c2 Src/sysmem.o
 .debug_str     0x0000000000000000     0x5f38 Src/sysmem.o
 .comment       0x0000000000000000       0x7c Src/sysmem.o
 .debug_frame   0x0000000000000000       0x34 Src/sysmem.o
 .ARM.attributes
                0x0000000000000000       0x33 Src/sysmem.o
 .text          0x0000000000000000       0x14 Startup/startup_stm32f103c6tx.o
 .data          0x0000000000000000        0x0 Startup/startup_stm32f103c6tx.o
 .bss           0x0000000000000000        0x0 Startup/startup_stm32f103c6tx.o
 .text          0x0000000000000000        0x0 c:/st/stm32cubeide_1.4.0/stm32cubeide/plugins/com.st.stm32cube.ide.mcu.externaltools.gnu-tools-for-stm32.7-2018-q2-update.win32_1.4.0.202007081208/tools/bin/../lib/gcc/arm-none-eabi/7.3.1/../../../../arm-none-eabi/lib/thumb/v7-m\libc_nano.a(lib_a-errno.o)
 .data          0x0000000000000000        0x0 c:/st/stm32cubeide_1.4.0/stm32cubeide/plugins/com.st.stm32cube.ide.mcu.externaltools.gnu-tools-for-stm32.7-2018-q2-update.win32_1.4.0.202007081208/tools/bin/../lib/gcc/arm-none-eabi/7.3.1/../../../../arm-none-eabi/lib/thumb/v7-m\libc_nano.a(lib_a-errno.o)
 .bss           0x0000000000000000        0x0 c:/st/stm32cubeide_1.4.0/stm32cubeide/plugins/com.st.stm32cube.ide.mcu.externaltools.gnu-tools-for-stm32.7-2018-q2-update.win32_1.4.0.202007081208/tools/bin/../lib/gcc/arm-none-eabi/7.3.1/../../../../arm-none-eabi/lib/thumb/v7-m\libc_nano.a(lib_a-errno.o)
 .text.__errno  0x0000000000000000        0xc c:/st/stm32cubeide_1.4.0/stm32cubeide/plugins/com.st.stm32cube.ide.mcu.externaltools.gnu-tools-for-stm32.7-2018-q2-update.win32_1.4.0.202007081208/tools/bin/../lib/gcc/arm-none-eabi/7.3.1/../../../../arm-none-eabi/lib/thumb/v7-m\libc_nano.a(lib_a-errno.o)
 .debug_frame   0x0000000000000000       0x20 c:/st/stm32cubeide_1.4.0/stm32cubeide/plugins/com.st.stm32cube.ide.mcu.externaltools.gnu-tools-for-stm32.7-2018-q2-update.win32_1.4.0.202007081208/tools/bin/../lib/gcc/arm-none-eabi/7.3.1/../../../../arm-none-eabi/lib/thumb/v7-m\libc_nano.a(lib_a-errno.o)
 .ARM.attributes
                0x0000000000000000       0x2d c:/st/stm32cubeide_1.4.0/stm32cubeide/plugins/com.st.stm32cube.ide.mcu.externaltools.gnu-tools-for-stm32.7-2018-q2-update.win32_1.4.0.202007081208/tools/bin/../lib/gcc/arm-none-eabi/7.3.1/../../../../arm-none-eabi/lib/thumb/v7-m\libc_nano.a(lib_a-errno.o)
 .text          0x0000000000000000        0x0 c:/st/stm32cubeide_1.4.0/stm32cubeide/plugins/com.st.stm32cube.ide.mcu.externaltools.gnu-tools-for-stm32.7-2018-q2-update.win32_1.4.0.202007081208/tools/bin/../lib/gcc/arm-none-eabi/7.3.1/../../../../arm-none-eabi/lib/thumb/v7-m\libc_nano.a(lib_a-exit.o)
 .data          0x0000000000000000        0x0 c:/st/stm32cubeide_1.4.0/stm32cubeide/plugins/com.st.stm32cube.ide.mcu.externaltools.gnu-tools-for-stm32.7-2018-q2-update.win32_1.4.0.202007081208/tools/bin/../lib/gcc/arm-none-eabi/7.3.1/../../../../arm-none-eabi/lib/thumb/v7-m\libc_nano.a(lib_a-exit.o)
 .bss           0x0000000000000000        0x0 c:/st/stm32cubeide_1.4.0/stm32cubeide/plugins/com.st.stm32cube.ide.mcu.externaltools.gnu-tools-for-stm32.7-2018-q2-update.win32_1.4.0.202007081208/tools/bin/../lib/gcc/arm-none-eabi/7.3.1/../../../../arm-none-eabi/lib/thumb/v7-m\libc_nano.a(lib_a-exit.o)
 .text.exit     0x0000000000000000       0x28 c:/st/stm32cubeide_1.4.0/stm32cubeide/plugins/com.st.stm32cube.ide.mcu.externaltools.gnu-tools-for-stm32.7-2018-q2-update.win32_1.4.0.202007081208/tools/bin/../lib/gcc/arm-none-eabi/7.3.1/../../../../arm-none-eabi/lib/thumb/v7-m\libc_nano.a(lib_a-exit.o)
 .debug_frame   0x0000000000000000       0x28 c:/st/stm32cubeide_1.4.0/stm32cubeide/plugins/com.st.stm32cube.ide.mcu.externaltools.gnu-tools-for-stm32.7-2018-q2-update.win32_1.4.0.202007081208/tools/bin/../lib/gcc/arm-none-eabi/7.3.1/../../../../arm-none-eabi/lib/thumb/v7-m\libc_nano.a(lib_a-exit.o)
 .ARM.attributes
                0x0000000000000000       0x2d c:/st/stm32cubeide_1.4.0/stm32cubeide/plugins/com.st.stm32cube.ide.mcu.externaltools.gnu-tools-for-stm32.7-2018-q2-update.win32_1.4.0.202007081208/tools/bin/../lib/gcc/arm-none-eabi/7.3.1/../../../../arm-none-eabi/lib/thumb/v7-m\libc_nano.a(lib_a-exit.o)
 .text          0x0000000000000000        0x0 c:/st/stm32cubeide_1.4.0/stm32cubeide/plugins/com.st.stm32cube.ide.mcu.externaltools.gnu-tools-for-stm32.7-2018-q2-update.win32_1.4.0.202007081208/tools/bin/../lib/gcc/arm-none-eabi/7.3.1/../../../../arm-none-eabi/lib/thumb/v7-m\libc_nano.a(lib_a-impure.o)
 .data          0x0000000000000000        0x0 c:/st/stm32cubeide_1.4.0/stm32cubeide/plugins/com.st.stm32cube.ide.mcu.externaltools.gnu-tools-for-stm32.7-2018-q2-update.win32_1.4.0.202007081208/tools/bin/../lib/gcc/arm-none-eabi/7.3.1/../../../../arm-none-eabi/lib/thumb/v7-m\libc_nano.a(lib_a-impure.o)
 .bss           0x0000000000000000        0x0 c:/st/stm32cubeide_1.4.0/stm32cubeide/plugins/com.st.stm32cube.ide.mcu.externaltools.gnu-tools-for-stm32.7-2018-q2-update.win32_1.4.0.202007081208/tools/bin/../lib/gcc/arm-none-eabi/7.3.1/../../../../arm-none-eabi/lib/thumb/v7-m\libc_nano.a(lib_a-impure.o)
 .data._impure_ptr
                0x0000000000000000        0x4 c:/st/stm32cubeide_1.4.0/stm32cubeide/plugins/com.st.stm32cube.ide.mcu.externaltools.gnu-tools-for-stm32.7-2018-q2-update.win32_1.4.0.202007081208/tools/bin/../lib/gcc/arm-none-eabi/7.3.1/../../../../arm-none-eabi/lib/thumb/v7-m\libc_nano.a(lib_a-impure.o)
 .data.impure_data
                0x0000000000000000       0x60 c:/st/stm32cubeide_1.4.0/stm32cubeide/plugins/com.st.stm32cube.ide.mcu.externaltools.gnu-tools-for-stm32.7-2018-q2-update.win32_1.4.0.202007081208/tools/bin/../lib/gcc/arm-none-eabi/7.3.1/../../../../arm-none-eabi/lib/thumb/v7-m\libc_nano.a(lib_a-impure.o)
 .rodata._global_impure_ptr
                0x0000000000000000        0x4 c:/st/stm32cubeide_1.4.0/stm32cubeide/plugins/com.st.stm32cube.ide.mcu.externaltools.gnu-tools-for-stm32.7-2018-q2-update.win32_1.4.0.202007081208/tools/bin/../lib/gcc/arm-none-eabi/7.3.1/../../../../arm-none-eabi/lib/thumb/v7-m\libc_nano.a(lib_a-impure.o)
 .ARM.attributes
                0x0000000000000000       0x2d c:/st/stm32cubeide_1.4.0/stm32cubeide/plugins/com.st.stm32cube.ide.mcu.externaltools.gnu-tools-for-stm32.7-2018-q2-update.win32_1.4.0.202007081208/tools/bin/../lib/gcc/arm-none-eabi/7.3.1/../../../../arm-none-eabi/lib/thumb/v7-m\libc_nano.a(lib_a-impure.o)
 .text          0x0000000000000000        0x0 c:/st/stm32cubeide_1.4.0/stm32cubeide/plugins/com.st.stm32cube.ide.mcu.externaltools.gnu-tools-for-stm32.7-2018-q2-update.win32_1.4.0.202007081208/tools/bin/../lib/gcc/arm-none-eabi/7.3.1/../../../../arm-none-eabi/lib/thumb/v7-m\libc_nano.a(lib_a-init.o)
 .data          0x0000000000000000        0x0 c:/st/stm32cubeide_1.4.0/stm32cubeide/plugins/com.st.stm32cube.ide.mcu.externaltools.gnu-tools-for-stm32.7-2018-q2-update.win32_1.4.0.202007081208/tools/bin/../lib/gcc/arm-none-eabi/7.3.1/../../../../arm-none-eabi/lib/thumb/v7-m\libc_nano.a(lib_a-init.o)
 .bss           0x0000000000000000        0x0 c:/st/stm32cubeide_1.4.0/stm32cubeide/plugins/com.st.stm32cube.ide.mcu.externaltools.gnu-tools-for-stm32.7-2018-q2-update.win32_1.4.0.202007081208/tools/bin/../lib/gcc/arm-none-eabi/7.3.1/../../../../arm-none-eabi/lib/thumb/v7-m\libc_nano.a(lib_a-init.o)
 .text          0x0000000000000000        0x0 c:/st/stm32cubeide_1.4.0/stm32cubeide/plugins/com.st.stm32cube.ide.mcu.externaltools.gnu-tools-for-stm32.7-2018-q2-update.win32_1.4.0.202007081208/tools/bin/../lib/gcc/arm-none-eabi/7.3.1/../../../../arm-none-eabi/lib/thumb/v7-m\libc_nano.a(lib_a-memset.o)
 .data          0x0000000000000000        0x0 c:/st/stm32cubeide_1.4.0/stm32cubeide/plugins/com.st.stm32cube.ide.mcu.externaltools.gnu-tools-for-stm32.7-2018-q2-update.win32_1.4.0.202007081208/tools/bin/../lib/gcc/arm-none-eabi/7.3.1/../../../../arm-none-eabi/lib/thumb/v7-m\libc_nano.a(lib_a-memset.o)
 .bss           0x0000000000000000        0x0 c:/st/stm32cubeide_1.4.0/stm32cubeide/plugins/com.st.stm32cube.ide.mcu.externaltools.gnu-tools-for-stm32.7-2018-q2-update.win32_1.4.0.202007081208/tools/bin/../lib/gcc/arm-none-eabi/7.3.1/../../../../arm-none-eabi/lib/thumb/v7-m\libc_nano.a(lib_a-memset.o)
 .text.memset   0x0000000000000000       0x10 c:/st/stm32cubeide_1.4.0/stm32cubeide/plugins/com.st.stm32cube.ide.mcu.externaltools.gnu-tools-for-stm32.7-2018-q2-update.win32_1.4.0.202007081208/tools/bin/../lib/gcc/arm-none-eabi/7.3.1/../../../../arm-none-eabi/lib/thumb/v7-m\libc_nano.a(lib_a-memset.o)
 .debug_frame   0x0000000000000000       0x20 c:/st/stm32cubeide_1.4.0/stm32cubeide/plugins/com.st.stm32cube.ide.mcu.externaltools.gnu-tools-for-stm32.7-2018-q2-update.win32_1.4.0.202007081208/tools/bin/../lib/gcc/arm-none-eabi/7.3.1/../../../../arm-none-eabi/lib/thumb/v7-m\libc_nano.a(lib_a-memset.o)
 .ARM.attributes
                0x0000000000000000       0x2d c:/st/stm32cubeide_1.4.0/stm32cubeide/plugins/com.st.stm32cube.ide.mcu.externaltools.gnu-tools-for-stm32.7-2018-q2-update.win32_1.4.0.202007081208/tools/bin/../lib/gcc/arm-none-eabi/7.3.1/../../../../arm-none-eabi/lib/thumb/v7-m\libc_nano.a(lib_a-memset.o)
 .text          0x0000000000000000        0x0 c:/st/stm32cubeide_1.4.0/stm32cubeide/plugins/com.st.stm32cube.ide.mcu.externaltools.gnu-tools-for-stm32.7-2018-q2-update.win32_1.4.0.202007081208/tools/bin/../lib/gcc/arm-none-eabi/7.3.1/thumb/v7-m/crtend.o
 .data          0x0000000000000000        0x0 c:/st/stm32cubeide_1.4.0/stm32cubeide/plugins/com.st.stm32cube.ide.mcu.externaltools.gnu-tools-for-stm32.7-2018-q2-update.win32_1.4.0.202007081208/tools/bin/../lib/gcc/arm-none-eabi/7.3.1/thumb/v7-m/crtend.o
 .bss           0x0000000000000000        0x0 c:/st/stm32cubeide_1.4.0/stm32cubeide/plugins/com.st.stm32cube.ide.mcu.externaltools.gnu-tools-for-stm32.7-2018-q2-update.win32_1.4.0.202007081208/tools/bin/../lib/gcc/arm-none-eabi/7.3.1/thumb/v7-m/crtend.o
 .eh_frame      0x0000000000000000        0x4 c:/st/stm32cubeide_1.4.0/stm32cubeide/plugins/com.st.stm32cube.ide.mcu.externaltools.gnu-tools-for-stm32.7-2018-q2-update.win32_1.4.0.202007081208/tools/bin/../lib/gcc/arm-none-eabi/7.3.1/thumb/v7-m/crtend.o
 .ARM.attributes
                0x0000000000000000       0x2d c:/st/stm32cubeide_1.4.0/stm32cubeide/plugins/com.st.stm32cube.ide.mcu.externaltools.gnu-tools-for-stm32.7-2018-q2-update.win32_1.4.0.202007081208/tools/bin/../lib/gcc/arm-none-eabi/7.3.1/thumb/v7-m/crtend.o
 .text          0x0000000000000000        0x0 c:/st/stm32cubeide_1.4.0/stm32cubeide/plugins/com.st.stm32cube.ide.mcu.externaltools.gnu-tools-for-stm32.7-2018-q2-update.win32_1.4.0.202007081208/tools/bin/../lib/gcc/arm-none-eabi/7.3.1/thumb/v7-m/crtn.o
 .data          0x0000000000000000        0x0 c:/st/stm32cubeide_1.4.0/stm32cubeide/plugins/com.st.stm32cube.ide.mcu.externaltools.gnu-tools-for-stm32.7-2018-q2-update.win32_1.4.0.202007081208/tools/bin/../lib/gcc/arm-none-eabi/7.3.1/thumb/v7-m/crtn.o
 .bss           0x0000000000000000        0x0 c:/st/stm32cubeide_1.4.0/stm32cubeide/plugins/com.st.stm32cube.ide.mcu.externaltools.gnu-tools-for-stm32.7-2018-q2-update.win32_1.4.0.202007081208/tools/bin/../lib/gcc/arm-none-eabi/7.3.1/thumb/v7-m/crtn.o

Memory Configuration

Name             Origin             Length             Attributes
RAM              0x0000000020000000 0x0000000000002800 xrw
ROM              0x0000000008000000 0x0000000000008000 xr
*default*        0x0000000000000000 0xffffffffffffffff

Linker script and memory map

LOAD c:/st/stm32cubeide_1.4.0/stm32cubeide/plugins/com.st.stm32cube.ide.mcu.externaltools.gnu-tools-for-stm32.7-2018-q2-update.win32_1.4.0.202007081208/tools/bin/../lib/gcc/arm-none-eabi/7.3.1/thumb/v7-m/crti.o
LOAD c:/st/stm32cubeide_1.4.0/stm32cubeide/plugins/com.st.stm32cube.ide.mcu.externaltools.gnu-tools-for-stm32.7-2018-q2-update.win32_1.4.0.202007081208/tools/bin/../lib/gcc/arm-none-eabi/7.3.1/thumb/v7-m/crtbegin.o
LOAD c:/st/stm32cubeide_1.4.0/stm32cubeide/plugins/com.st.stm32cube.ide.mcu.externaltools.gnu-tools-for-stm32.7-2018-q2-update.win32_1.4.0.202007081208/tools/bin/../lib/gcc/arm-none-eabi/7.3.1/../../../../arm-none-eabi/lib/thumb/v7-m/crt0.o
LOAD HAL/7SEGMENT/_7SEGMENT.o
LOAD HAL/EEPROM/stm32f103x6_SLAVE_EEPROM_Driver.o
LOAD HAL/KEYPAD/keypad.o
LOAD HAL/LCD/lcd.o
LOAD MCAL/stm32f103x6_EXTI_driver.o
LOAD MCAL/stm32f103x6_GPIO_driver.o
LOAD MCAL/stm32f103x6_I2C_driver.o
LOAD MCAL/stm32f103x6_RCC_driver.o
LOAD MCAL/stm32f103x6_SPI_driver.o
LOAD MCAL/stm32f103x6_USART_driver.o
LOAD Src/main.o
LOAD Src/syscalls.o
LOAD Src/sysmem.o
LOAD Startup/startup_stm32f103c6tx.o
START GROUP
LOAD c:/st/stm32cubeide_1.4.0/stm32cubeide/plugins/com.st.stm32cube.ide.mcu.externaltools.gnu-tools-for-stm32.7-2018-q2-update.win32_1.4.0.202007081208/tools/bin/../lib/gcc/arm-none-eabi/7.3.1/../../../../arm-none-eabi/lib/thumb/v7-m\libc_nano.a
LOAD c:/st/stm32cubeide_1.4.0/stm32cubeide/plugins/com.st.stm32cube.ide.mcu.externaltools.gnu-tools-for-stm32.7-2018-q2-update.win32_1.4.0.202007081208/tools/bin/../lib/gcc/arm-none-eabi/7.3.1/../../../../arm-none-eabi/lib/thumb/v7-m\libm.a
END GROUP
START GROUP
LOAD c:/st/stm32cubeide_1.4.0/stm32cubeide/plugins/com.st.stm32cube.ide.mcu.externaltools.gnu-tools-for-stm32.7-2018-q2-update.win32_1.4.0.202007081208/tools/bin/../lib/gcc/arm-none-eabi/7.3.1/thumb/v7-m\libgcc.a
LOAD c:/st/stm32cubeide_1.4.0/stm32cubeide/plugins/com.st.stm32cube.ide.mcu.externaltools.gnu-tools-for-stm32.7-2018-q2-update.win32_1.4.0.202007081208/tools/bin/../lib/gcc/arm-none-eabi/7.3.1/../../../../arm-none-eabi/lib/thumb/v7-m\libg_nano.a
LOAD c:/st/stm32cubeide_1.4.0/stm32cubeide/plugins/com.st.stm32cube.ide.mcu.externaltools.gnu-tools-for-stm32.7-2018-q2-update.win32_1.4.0.202007081208/tools/bin/../lib/gcc/arm-none-eabi/7.3.1/../../../../arm-none-eabi/lib/thumb/v7-m\libc_nano.a
END GROUP
START GROUP
LOAD c:/st/stm32cubeide_1.4.0/stm32cubeide/plugins/com.st.stm32cube.ide.mcu.externaltools.gnu-tools-for-stm32.7-2018-q2-update.win32_1.4.0.202007081208/tools/bin/../lib/gcc/arm-none-eabi/7.3.1/thumb/v7-m\libgcc.a
LOAD c:/st/stm32cubeide_1.4.0/stm32cubeide/plugins/com.st.stm32cube.ide.mcu.externaltools.gnu-tools-for-stm32.7-2018-q2-update.win32_1.4.0.202007081208/tools/bin/../lib/gcc/arm-none-eabi/7.3.1/../../../../arm-none-eabi/lib/thumb/v7-m\libc_nano.a
LOAD c:/st/stm32cubeide_1.4.0/stm32cubeide/plugins/com.st.stm32cube.ide.mcu.externaltools.gnu-tools-for-stm32.7-2018-q2-update.win32_1.4.0.202007081208/tools/bin/../lib/gcc/arm-none-eabi/7.3.1/../../../../arm-none-eabi/lib/thumb/v7-m\libnosys.a
END GROUP
START GROUP
LOAD c:/st/stm32cubeide_1.4.0/stm32cubeide/plugins/com.st.stm32cube.ide.mcu.externaltools.gnu-tools-for-stm32.7-2018-q2-update.win32_1.4.0.202007081208/tools/bin/../lib/gcc/arm-none-eabi/7.3.1/thumb/v7-m\libgcc.a
LOAD c:/st/stm32cubeide_1.4.0/stm32cubeide/plugins/com.st.stm32cube.ide.mcu.externaltools.gnu-tools-for-stm32.7-2018-q2-update.win32_1.4.0.202007081208/tools/bin/../lib/gcc/arm-none-eabi/7.3.1/../../../../arm-none-eabi/lib/thumb/v7-m\libc_nano.a
LOAD c:/st/stm32cubeide_1.4.0/stm32cubeide/plugins/com.st.stm32cube.ide.mcu.externaltools.gnu-tools-for-stm32.7-2018-q2-update.win32_1.4.0.202007081208/tools/bin/../lib/gcc/arm-none-eabi/7.3.1/../../../../arm-none-eabi/lib/thumb/v7-m\libnosys.a
END GROUP
LOAD c:/st/stm32cubeide_1.4.0/stm32cubeide/plugins/com.st.stm32cube.ide.mcu.externaltools.gnu-tools-for-stm32.7-2018-q2-update.win32_1.4.0.202007081208/tools/bin/../lib/gcc/arm-none-eabi/7.3.1/thumb/v7-m/crtend.o
LOAD c:/st/stm32cubeide_1.4.0/stm32cubeide/plugins/com.st.stm32cube.ide.mcu.externaltools.gnu-tools-for-stm32.7-2018-q2-update.win32_1.4.0.202007081208/tools/bin/../lib/gcc/arm-none-eabi/7.3.1/thumb/v7-m/crtn.o
                0x0000000020002800                _estack = (ORIGIN (RAM) + LENGTH (RAM))
                0x0000000000000200                _Min_Heap_Size = 0x200
                0x0000000000000400                _Min_Stack_Size = 0x400

.isr_vector     0x0000000008000000      0x130
                0x0000000008000000                . = ALIGN (0x4)
 *(.isr_vector)
 .isr_vector    0x0000000008000000      0x130 Startup/startup_stm32f103c6tx.o
                0x0000000008000000                g_pfnVectors
                0x0000000008000130                . = ALIGN (0x4)

.text           0x0000000008000130      0xd98
                0x0000000008000130                . = ALIGN (0x4)
 *(.text)
 .text          0x0000000008000130       0x40 c:/st/stm32cubeide_1.4.0/stm32cubeide/plugins/com.st.stm32cube.ide.mcu.externaltools.gnu-tools-for-stm32.7-2018-q2-update.win32_1.4.0.202007081208/tools/bin/../lib/gcc/arm-none-eabi/7.3.1/thumb/v7-m/crtbegin.o
 *(.text*)
 .text.HAL_EEPROM_Init
                0x0000000008000170       0x40 HAL/EEPROM/stm32f103x6_SLAVE_EEPROM_Driver.o
                0x0000000008000170                HAL_EEPROM_Init
 .text.HAL_EEPROM_Write_N_Bytes
                0x00000000080001b0       0x84 HAL/EEPROM/stm32f103x6_SLAVE_EEPROM_Driver.o
                0x00000000080001b0                HAL_EEPROM_Write_N_Bytes
 .text.HAL_EEPROM_Read_N_Bytes
                0x0000000008000234       0xa0 HAL/EEPROM/stm32f103x6_SLAVE_EEPROM_Driver.o
                0x0000000008000234                HAL_EEPROM_Read_N_Bytes
 .text.EXTI0_IRQHandler
                0x00000000080002d4       0x2c MCAL/stm32f103x6_EXTI_driver.o
                0x00000000080002d4                EXTI0_IRQHandler
 .text.EXTI1_IRQHandler
                0x0000000008000300       0x2c MCAL/stm32f103x6_EXTI_driver.o
                0x0000000008000300                EXTI1_IRQHandler
 .text.EXTI2_IRQHandler
                0x000000000800032c       0x2c MCAL/stm32f103x6_EXTI_driver.o
                0x000000000800032c                EXTI2_IRQHandler
 .text.EXTI3_IRQHandler
                0x0000000008000358       0x2c MCAL/stm32f103x6_EXTI_driver.o
                0x0000000008000358                EXTI3_IRQHandler
 .text.EXTI4_IRQHandler
                0x0000000008000384       0x2c MCAL/stm32f103x6_EXTI_driver.o
                0x0000000008000384                EXTI4_IRQHandler
 .text.EXTI9_5_IRQHandler
                0x00000000080003b0       0xe0 MCAL/stm32f103x6_EXTI_driver.o
                0x00000000080003b0                EXTI9_5_IRQHandler
 .text.EXTI15_10_IRQHandler
                0x0000000008000490      0x10c MCAL/stm32f103x6_EXTI_driver.o
                0x0000000008000490                EXTI15_10_IRQHandler
 .text.MCAL_GPIO_Init
                0x000000000800059c       0xd4 MCAL/stm32f103x6_GPIO_driver.o
                0x000000000800059c                MCAL_GPIO_Init
 .text.I2C_IsBusBusy
                0x0000000008000670       0x22 MCAL/stm32f103x6_I2C_driver.o
 .text.I2C_IsStartTransmitted
                0x0000000008000692       0x20 MCAL/stm32f103x6_I2C_driver.o
 .text.I2C_IsSlaveAddressTransmitted
                0x00000000080006b2       0x22 MCAL/stm32f103x6_I2C_driver.o
 .text.I2C_IsTransmitBufferEmpty
                0x00000000080006d4       0x20 MCAL/stm32f103x6_I2C_driver.o
 .text.I2C_IsRecieveBufferEmpty
                0x00000000080006f4       0x20 MCAL/stm32f103x6_I2C_driver.o
 .text.MCAL_I2C_Init
                0x0000000008000714      0x24c MCAL/stm32f103x6_I2C_driver.o
                0x0000000008000714                MCAL_I2C_Init
 .text.MCAL_I2C_Set_GPIO_Pins
                0x0000000008000960       0x78 MCAL/stm32f103x6_I2C_driver.o
                0x0000000008000960                MCAL_I2C_Set_GPIO_Pins
 .text.MCAL_I2C_Master_Transmit_Start
                0x00000000080009d8       0x50 MCAL/stm32f103x6_I2C_driver.o
                0x00000000080009d8                MCAL_I2C_Master_Transmit_Start
 .text.MCAL_I2C_Master_Transmit_RepeatedStart
                0x0000000008000a28       0x2a MCAL/stm32f103x6_I2C_driver.o
                0x0000000008000a28                MCAL_I2C_Master_Transmit_RepeatedStart
 .text.MCAL_I2C_Master_Transmit_Stop
                0x0000000008000a52       0x1e MCAL/stm32f103x6_I2C_driver.o
                0x0000000008000a52                MCAL_I2C_Master_Transmit_Stop
 .text.MCAL_I2C_Master_Transmit_Address
                0x0000000008000a70       0x4a MCAL/stm32f103x6_I2C_driver.o
                0x0000000008000a70                MCAL_I2C_Master_Transmit_Address
 .text.MCAL_Transmit_Byte
                0x0000000008000aba       0x28 MCAL/stm32f103x6_I2C_driver.o
                0x0000000008000aba                MCAL_Transmit_Byte
 .text.MCAL_Recieve_With_ACK
                0x0000000008000ae2       0x32 MCAL/stm32f103x6_I2C_driver.o
                0x0000000008000ae2                MCAL_Recieve_With_ACK
 .text.MCAL_Recieve_With_NACK
                0x0000000008000b14       0x32 MCAL/stm32f103x6_I2C_driver.o
                0x0000000008000b14                MCAL_Recieve_With_NACK
 *fill*         0x0000000008000b46        0x2 
 .text.I2C1_EV_IRQHandler
                0x0000000008000b48       0x8c MCAL/stm32f103x6_I2C_driver.o
                0x0000000008000b48                I2C1_EV_IRQHandler
 .text.I2C1_ER_IRQHandler
                0x0000000008000bd4       0xb8 MCAL/stm32f103x6_I2C_driver.o
                0x0000000008000bd4                I2C1_ER_IRQHandler
 .text.MCAL_RCC_GetSYSCLK_Freq
                0x0000000008000c8c       0x38 MCAL/stm32f103x6_RCC_driver.o
                0x0000000008000c8c                MCAL_RCC_GetSYSCLK_Freq
 .text.MCAL_RCC_GetHCLK_Freq
                0x0000000008000cc4       0x3c MCAL/stm32f103x6_RCC_driver.o
                0x0000000008000cc4                MCAL_RCC_GetHCLK_Freq
 .text.MCAL_RCC_GetPCLK1_Freq
                0x0000000008000d00       0x3c MCAL/stm32f103x6_RCC_driver.o
                0x0000000008000d00                MCAL_RCC_GetPCLK1_Freq
 .text.SPI1_IRQHandler
                0x0000000008000d3c       0x14 MCAL/stm32f103x6_SPI_driver.o
                0x0000000008000d3c                SPI1_IRQHandler
 .text.SPI2_IRQHandler
                0x0000000008000d50       0x14 MCAL/stm32f103x6_SPI_driver.o
                0x0000000008000d50                SPI2_IRQHandler
 .text.main     0x0000000008000d64       0x7c Src/main.o
                0x0000000008000d64                main
 .text.clock_Init
                0x0000000008000de0       0x34 Src/main.o
                0x0000000008000de0                clock_Init
 .text.Reset_Handler
                0x0000000008000e14       0x50 Startup/startup_stm32f103c6tx.o
                0x0000000008000e14                Reset_Handler
 .text.Default_Handler
                0x0000000008000e64        0x2 Startup/startup_stm32f103c6tx.o
                0x0000000008000e64                TIM8_TRG_COM_IRQHandler
                0x0000000008000e64                TIM8_CC_IRQHandler
                0x0000000008000e64                DebugMon_Handler
                0x0000000008000e64                TIM1_CC_IRQHandler
                0x0000000008000e64                HardFault_Handler
                0x0000000008000e64                TIM6_IRQHandler
                0x0000000008000e64                SysTick_Handler
                0x0000000008000e64                PVD_IRQHandler
                0x0000000008000e64                SDIO_IRQHandler
                0x0000000008000e64                PendSV_Handler
                0x0000000008000e64                NMI_Handler
                0x0000000008000e64                USB_HP_CAN_TX_IRQHandler
                0x0000000008000e64                I2C2_EV_IRQHandler
                0x0000000008000e64                UsageFault_Handler
                0x0000000008000e64                ADC1_2_IRQHandler
                0x0000000008000e64                CAN_SCE_IRQHandler
                0x0000000008000e64                TAMPER_IRQHandler
                0x0000000008000e64                TIM8_UP_IRQHandler
                0x0000000008000e64                DMA2_Channel2_IRQHandler
                0x0000000008000e64                DMA1_Channel4_IRQHandler
                0x0000000008000e64                USART3_IRQHandler
                0x0000000008000e64                RTC_IRQHandler
                0x0000000008000e64                DMA1_Channel7_IRQHandler
                0x0000000008000e64                UART5_IRQHandler
                0x0000000008000e64                ADC3_IRQHandler
                0x0000000008000e64                TIM4_IRQHandler
                0x0000000008000e64                CAN_RX1_IRQHandler
                0x0000000008000e64                DMA2_Channel1_IRQHandler
                0x0000000008000e64                DMA1_Channel6_IRQHandler
                0x0000000008000e64                UART4_IRQHandler
                0x0000000008000e64                TIM3_IRQHandler
                0x0000000008000e64                RCC_IRQHandler
                0x0000000008000e64                TIM1_TRG_COM_IRQHandler
                0x0000000008000e64                DMA1_Channel1_IRQHandler
                0x0000000008000e64                Default_Handler
                0x0000000008000e64                TIM7_IRQHandler
                0x0000000008000e64                TIM5_IRQHandler
                0x0000000008000e64                USB_LP_CAN_RX0_IRQHandler
                0x0000000008000e64                MemManage_Handler
                0x0000000008000e64                SVC_Handler
                0x0000000008000e64                DMA1_Channel5_IRQHandler
                0x0000000008000e64                DMA1_Channel3_IRQHandler
                0x0000000008000e64                FSMC_IRQHandler
                0x0000000008000e64                TIM1_UP_IRQHandler
                0x0000000008000e64                WWDG_IRQHandler
                0x0000000008000e64                TIM2_IRQHandler
                0x0000000008000e64                TIM1_BRK_IRQHandler
                0x0000000008000e64                RTCAlarm_IRQHandler
                0x0000000008000e64                DMA2_Channel4_5_IRQHandler
                0x0000000008000e64                USART2_IRQHandler
                0x0000000008000e64                I2C2_ER_IRQHandler
                0x0000000008000e64                DMA1_Channel2_IRQHandler
                0x0000000008000e64                TIM8_BRK_IRQHandler
                0x0000000008000e64                FLASH_IRQHandler
                0x0000000008000e64                BusFault_Handler
                0x0000000008000e64                USART1_IRQHandler
                0x0000000008000e64                SPI3_IRQHandler
                0x0000000008000e64                DMA2_Channel3_IRQHandler
 *fill*         0x0000000008000e66        0x2 
 .text.__libc_init_array
                0x0000000008000e68       0x48 c:/st/stm32cubeide_1.4.0/stm32cubeide/plugins/com.st.stm32cube.ide.mcu.externaltools.gnu-tools-for-stm32.7-2018-q2-update.win32_1.4.0.202007081208/tools/bin/../lib/gcc/arm-none-eabi/7.3.1/../../../../arm-none-eabi/lib/thumb/v7-m\libc_nano.a(lib_a-init.o)
                0x0000000008000e68                __libc_init_array
 *(.glue_7)
 .glue_7        0x0000000008000eb0        0x0 linker stubs
 *(.glue_7t)
 .glue_7t       0x0000000008000eb0        0x0 linker stubs
 *(.eh_frame)
 .eh_frame      0x0000000008000eb0        0x0 c:/st/stm32cubeide_1.4.0/stm32cubeide/plugins/com.st.stm32cube.ide.mcu.externaltools.gnu-tools-for-stm32.7-2018-q2-update.win32_1.4.0.202007081208/tools/bin/../lib/gcc/arm-none-eabi/7.3.1/thumb/v7-m/crtbegin.o
 *(.init)
 .init          0x0000000008000eb0        0x4 c:/st/stm32cubeide_1.4.0/stm32cubeide/plugins/com.st.stm32cube.ide.mcu.externaltools.gnu-tools-for-stm32.7-2018-q2-update.win32_1.4.0.202007081208/tools/bin/../lib/gcc/arm-none-eabi/7.3.1/thumb/v7-m/crti.o
                0x0000000008000eb0                _init
 .init          0x0000000008000eb4        0x8 c:/st/stm32cubeide_1.4.0/stm32cubeide/plugins/com.st.stm32cube.ide.mcu.externaltools.gnu-tools-for-stm32.7-2018-q2-update.win32_1.4.0.202007081208/tools/bin/../lib/gcc/arm-none-eabi/7.3.1/thumb/v7-m/crtn.o
 *(.fini)
 .fini          0x0000000008000ebc        0x4 c:/st/stm32cubeide_1.4.0/stm32cubeide/plugins/com.st.stm32cube.ide.mcu.externaltools.gnu-tools-for-stm32.7-2018-q2-update.win32_1.4.0.202007081208/tools/bin/../lib/gcc/arm-none-eabi/7.3.1/thumb/v7-m/crti.o
                0x0000000008000ebc                _fini
 .fini          0x0000000008000ec0        0x8 c:/st/stm32cubeide_1.4.0/stm32cubeide/plugins/com.st.stm32cube.ide.mcu.externaltools.gnu-tools-for-stm32.7-2018-q2-update.win32_1.4.0.202007081208/tools/bin/../lib/gcc/arm-none-eabi/7.3.1/thumb/v7-m/crtn.o
                0x0000000008000ec8                . = ALIGN (0x4)
                0x0000000008000ec8                _etext = .

.vfp11_veneer   0x0000000008000ec8        0x0
 .vfp11_veneer  0x0000000008000ec8        0x0 linker stubs

.v4_bx          0x0000000008000ec8        0x0
 .v4_bx         0x0000000008000ec8        0x0 linker stubs

.iplt           0x0000000008000ec8        0x0
 .iplt          0x0000000008000ec8        0x0 c:/st/stm32cubeide_1.4.0/stm32cubeide/plugins/com.st.stm32cube.ide.mcu.externaltools.gnu-tools-for-stm32.7-2018-q2-update.win32_1.4.0.202007081208/tools/bin/../lib/gcc/arm-none-eabi/7.3.1/thumb/v7-m/crtbegin.o

.rodata         0x0000000008000ec8       0x68
                0x0000000008000ec8                . = ALIGN (0x4)
 *(.rodata)
 .rodata        0x0000000008000ec8        0x7 Src/main.o
 *(.rodata*)
 *fill*         0x0000000008000ecf        0x1 
 .rodata.AHP_Prescaler_Table
                0x0000000008000ed0       0x40 MCAL/stm32f103x6_RCC_driver.o
 .rodata.ABP_Prescaler_Table
                0x0000000008000f10       0x20 MCAL/stm32f103x6_RCC_driver.o
                0x0000000008000f30                . = ALIGN (0x4)

.rel.dyn        0x0000000008000f30        0x0
 .rel.iplt      0x0000000008000f30        0x0 c:/st/stm32cubeide_1.4.0/stm32cubeide/plugins/com.st.stm32cube.ide.mcu.externaltools.gnu-tools-for-stm32.7-2018-q2-update.win32_1.4.0.202007081208/tools/bin/../lib/gcc/arm-none-eabi/7.3.1/thumb/v7-m/crtbegin.o

.ARM.extab      0x0000000008000f30        0x0
                0x0000000008000f30                . = ALIGN (0x4)
 *(.ARM.extab* .gnu.linkonce.armextab.*)
                0x0000000008000f30                . = ALIGN (0x4)

.ARM            0x0000000008000f30        0x0
                0x0000000008000f30                . = ALIGN (0x4)
                0x0000000008000f30                __exidx_start = .
 *(.ARM.exidx*)
                0x0000000008000f30                __exidx_end = .
                0x0000000008000f30                . = ALIGN (0x4)

.preinit_array  0x0000000008000f30        0x0
                0x0000000008000f30                . = ALIGN (0x4)
                0x0000000008000f30                PROVIDE (__preinit_array_start = .)
 *(.preinit_array*)
                0x0000000008000f30                PROVIDE (__preinit_array_end = .)
                0x0000000008000f30                . = ALIGN (0x4)

.init_array     0x0000000008000f30        0x4
                0x0000000008000f30                . = ALIGN (0x4)
                0x0000000008000f30                PROVIDE (__init_array_start = .)
 *(SORT_BY_NAME(.init_array.*))
 *(.init_array*)
 .init_array    0x0000000008000f30        0x4 c:/st/stm32cubeide_1.4.0/stm32cubeide/plugins/com.st.stm32cube.ide.mcu.externaltools.gnu-tools-for-stm32.7-2018-q2-update.win32_1.4.0.202007081208/tools/bin/../lib/gcc/arm-none-eabi/7.3.1/thumb/v7-m/crtbegin.o
                0x0000000008000f34                PROVIDE (__init_array_end = .)
                0x0000000008000f34                . = ALIGN (0x4)

.fini_array     0x0000000008000f34        0x4
                0x0000000008000f34                . = ALIGN (0x4)
                [!provide]                        PROVIDE (__fini_array_start = .)
 *(SORT_BY_NAME(.fini_array.*))
 *(.fini_array*)
 .fini_array    0x0000000008000f34        0x4 c:/st/stm32cubeide_1.4.0/stm32cubeide/plugins/com.st.stm32cube.ide.mcu.externaltools.gnu-tools-for-stm32.7-2018-q2-update.win32_1.4.0.202007081208/tools/bin/../lib/gcc/arm-none-eabi/7.3.1/thumb/v7-m/crtbegin.o
                [!provide]                        PROVIDE (__fini_array_end = .)
                0x0000000008000f38                . = ALIGN (0x4)
                0x0000000008000f38                _sidata = LOADADDR (.data)

.data           0x0000000020000000        0x0 load address 0x0000000008000f38
                0x0000000020000000                . = ALIGN (0x4)
                0x0000000020000000                _sdata = .
 *(.data)
 *(.data*)
                0x0000000020000000                . = ALIGN (0x4)
                0x0000000020000000                _edata = .

.igot.plt       0x0000000020000000        0x0 load address 0x0000000008000f38
 .igot.plt      0x0000000020000000        0x0 c:/st/stm32cubeide_1.4.0/stm32cubeide/plugins/com.st.stm32cube.ide.mcu.externaltools.gnu-tools-for-stm32.7-2018-q2-update.win32_1.4.0.202007081208/tools/bin/../lib/gcc/arm-none-eabi/7.3.1/thumb/v7-m/crtbegin.o
                0x0000000020000000                . = ALIGN (0x4)

.bss            0x0000000020000000       0x88 load address 0x0000000008000f38
                0x0000000020000000                _sbss = .
                0x0000000020000000                __bss_start__ = _sbss
 *(.bss)
 .bss           0x0000000020000000       0x1c c:/st/stm32cubeide_1.4.0/stm32cubeide/plugins/com.st.stm32cube.ide.mcu.externaltools.gnu-tools-for-stm32.7-2018-q2-update.win32_1.4.0.202007081208/tools/bin/../lib/gcc/arm-none-eabi/7.3.1/thumb/v7-m/crtbegin.o
 *(.bss*)
 .bss.EXTI_CallBacks
                0x000000002000001c       0x40 MCAL/stm32f103x6_EXTI_driver.o
 .bss.I2C_Slave_Transmit_Callback
                0x000000002000005c        0x4 MCAL/stm32f103x6_I2C_driver.o
 .bss.I2C_Slave_Receive_Callback
                0x0000000020000060        0x4 MCAL/stm32f103x6_I2C_driver.o
 .bss.I2C_Slave_Stop_Callback
                0x0000000020000064        0x4 MCAL/stm32f103x6_I2C_driver.o
 .bss.I2C_Error_Callback
                0x0000000020000068        0x4 MCAL/stm32f103x6_I2C_driver.o
 .bss.I2C_Error_Bus
                0x000000002000006c        0x4 MCAL/stm32f103x6_I2C_driver.o
 .bss.I2C_Error_ArbitrationLost
                0x0000000020000070        0x4 MCAL/stm32f103x6_I2C_driver.o
 .bss.I2C_Error_AcknowledgeFailure
                0x0000000020000074        0x4 MCAL/stm32f103x6_I2C_driver.o
 .bss.I2C_Error_OverrunUnderrun
                0x0000000020000078        0x4 MCAL/stm32f103x6_I2C_driver.o
 .bss.I2C_Error_PEC
                0x000000002000007c        0x4 MCAL/stm32f103x6_I2C_driver.o
 .bss.SPI_CallBackFunction
                0x0000000020000080        0x8 MCAL/stm32f103x6_SPI_driver.o
                0x0000000020000080                SPI_CallBackFunction
 *(COMMON)
                0x0000000020000088                . = ALIGN (0x4)
                0x0000000020000088                _ebss = .
                0x0000000020000088                __bss_end__ = _ebss

._user_heap_stack
                0x0000000020000088      0x600 load address 0x0000000008000f38
                0x0000000020000088                . = ALIGN (0x8)
                [!provide]                        PROVIDE (end = .)
                0x0000000020000088                PROVIDE (_end = .)
                0x0000000020000288                . = (. + _Min_Heap_Size)
 *fill*         0x0000000020000088      0x200 
                0x0000000020000688                . = (. + _Min_Stack_Size)
 *fill*         0x0000000020000288      0x400 
                0x0000000020000688                . = ALIGN (0x8)

/DISCARD/
 libc.a(*)
 libm.a(*)
 libgcc.a(*)

.ARM.attributes
                0x0000000000000000       0x29
 *(.ARM.attributes)
 .ARM.attributes
                0x0000000000000000       0x1d c:/st/stm32cubeide_1.4.0/stm32cubeide/plugins/com.st.stm32cube.ide.mcu.externaltools.gnu-tools-for-stm32.7-2018-q2-update.win32_1.4.0.202007081208/tools/bin/../lib/gcc/arm-none-eabi/7.3.1/thumb/v7-m/crti.o
 .ARM.attributes
                0x000000000000001d       0x2d c:/st/stm32cubeide_1.4.0/stm32cubeide/plugins/com.st.stm32cube.ide.mcu.externaltools.gnu-tools-for-stm32.7-2018-q2-update.win32_1.4.0.202007081208/tools/bin/../lib/gcc/arm-none-eabi/7.3.1/thumb/v7-m/crtbegin.o
 .ARM.attributes
                0x000000000000004a       0x33 HAL/EEPROM/stm32f103x6_SLAVE_EEPROM_Driver.o
 .ARM.attributes
                0x000000000000007d       0x33 MCAL/stm32f103x6_EXTI_driver.o
 .ARM.attributes
                0x00000000000000b0       0x33 MCAL/stm32f103x6_GPIO_driver.o
 .ARM.attributes
                0x00000000000000e3       0x33 MCAL/stm32f103x6_I2C_driver.o
 .ARM.attributes
                0x0000000000000116       0x33 MCAL/stm32f103x6_RCC_driver.o
 .ARM.attributes
                0x0000000000000149       0x33 MCAL/stm32f103x6_SPI_driver.o
 .ARM.attributes
                0x000000000000017c       0x33 Src/main.o
 .ARM.attributes
                0x00000000000001af       0x21 Startup/startup_stm32f103c6tx.o
 .ARM.attributes
                0x00000000000001d0       0x2d c:/st/stm32cubeide_1.4.0/stm32cubeide/plugins/com.st.stm32cube.ide.mcu.externaltools.gnu-tools-for-stm32.7-2018-q2-update.win32_1.4.0.202007081208/tools/bin/../lib/gcc/arm-none-eabi/7.3.1/../../../../arm-none-eabi/lib/thumb/v7-m\libc_nano.a(lib_a-init.o)
 .ARM.attributes
                0x00000000000001fd       0x1d c:/st/stm32cubeide_1.4.0/stm32cubeide/plugins/com.st.stm32cube.ide.mcu.externaltools.gnu-tools-for-stm32.7-2018-q2-update.win32_1.4.0.202007081208/tools/bin/../lib/gcc/arm-none-eabi/7.3.1/thumb/v7-m/crtn.o
OUTPUT(stm32f103x6_Drivers.elf elf32-littlearm)

.debug_info     0x0000000000000000     0x2b45
 .debug_info    0x0000000000000000      0x4fd HAL/EEPROM/stm32f103x6_SLAVE_EEPROM_Driver.o
 .debug_info    0x00000000000004fd      0x653 MCAL/stm32f103x6_EXTI_driver.o
 .debug_info    0x0000000000000b50      0x53f MCAL/stm32f103x6_GPIO_driver.o
 .debug_info    0x000000000000108f      0xd85 MCAL/stm32f103x6_I2C_driver.o
 .debug_info    0x0000000000001e14      0x28c MCAL/stm32f103x6_RCC_driver.o
 .debug_info    0x00000000000020a0      0x8f2 MCAL/stm32f103x6_SPI_driver.o
 .debug_info    0x0000000000002992      0x191 Src/main.o
 .debug_info    0x0000000000002b23       0x22 Startup/startup_stm32f103c6tx.o

.debug_abbrev   0x0000000000000000      0x8a5
 .debug_abbrev  0x0000000000000000      0x119 HAL/EEPROM/stm32f103x6_SLAVE_EEPROM_Driver.o
 .debug_abbrev  0x0000000000000119      0x15a MCAL/stm32f103x6_EXTI_driver.o
 .debug_abbrev  0x0000000000000273       0xf4 MCAL/stm32f103x6_GPIO_driver.o
 .debug_abbrev  0x0000000000000367      0x1c8 MCAL/stm32f103x6_I2C_driver.o
 .debug_abbrev  0x000000000000052f       0xe2 MCAL/stm32f103x6_RCC_driver.o
 .debug_abbrev  0x0000000000000611      0x1c3 MCAL/stm32f103x6_SPI_driver.o
 .debug_abbrev  0x00000000000007d4       0xbf Src/main.o
 .debug_abbrev  0x0000000000000893       0x12 Startup/startup_stm32f103c6tx.o

.debug_loc      0x0000000000000000     0x132e
 .debug_loc     0x0000000000000000       0xf2 HAL/EEPROM/stm32f103x6_SLAVE_EEPROM_Driver.o
 .debug_loc     0x00000000000000f2      0x344 MCAL/stm32f103x6_EXTI_driver.o
 .debug_loc     0x0000000000000436      0x2e0 MCAL/stm32f103x6_GPIO_driver.o
 .debug_loc     0x0000000000000716      0x704 MCAL/stm32f103x6_I2C_driver.o
 .debug_loc     0x0000000000000e1a      0x134 MCAL/stm32f103x6_RCC_driver.o
 .debug_loc     0x0000000000000f4e      0x364 MCAL/stm32f103x6_SPI_driver.o
 .debug_loc     0x00000000000012b2       0x7c Src/main.o

.debug_aranges  0x0000000000000000      0x2c8
 .debug_aranges
                0x0000000000000000       0x30 HAL/EEPROM/stm32f103x6_SLAVE_EEPROM_Driver.o
 .debug_aranges
                0x0000000000000030       0x80 MCAL/stm32f103x6_EXTI_driver.o
 .debug_aranges
                0x00000000000000b0       0x58 MCAL/stm32f103x6_GPIO_driver.o
 .debug_aranges
                0x0000000000000108       0xc8 MCAL/stm32f103x6_I2C_driver.o
 .debug_aranges
                0x00000000000001d0       0x38 MCAL/stm32f103x6_RCC_driver.o
 .debug_aranges
                0x0000000000000208       0x70 MCAL/stm32f103x6_SPI_driver.o
 .debug_aranges
                0x0000000000000278       0x28 Src/main.o
 .debug_aranges
                0x00000000000002a0       0x28 Startup/startup_stm32f103c6tx.o

.debug_ranges   0x0000000000000000      0x250
 .debug_ranges  0x0000000000000000       0x20 HAL/EEPROM/stm32f103x6_SLAVE_EEPROM_Driver.o
 .debug_ranges  0x0000000000000020       0x70 MCAL/stm32f103x6_EXTI_driver.o
 .debug_ranges  0x0000000000000090       0x48 MCAL/stm32f103x6_GPIO_driver.o
 .debug_ranges  0x00000000000000d8       0xb8 MCAL/stm32f103x6_I2C_driver.o
 .debug_ranges  0x0000000000000190       0x28 MCAL/stm32f103x6_RCC_driver.o
 .debug_ranges  0x00000000000001b8       0x60 MCAL/stm32f103x6_SPI_driver.o
 .debug_ranges  0x0000000000000218       0x18 Src/main.o
 .debug_ranges  0x0000000000000230       0x20 Startup/startup_stm32f103c6tx.o

.debug_macro    0x0000000000000000      0x58e
 .debug_macro   0x0000000000000000       0x79 HAL/EEPROM/stm32f103x6_SLAVE_EEPROM_Driver.o
 .debug_macro   0x0000000000000079      0x267 HAL/EEPROM/stm32f103x6_SLAVE_EEPROM_Driver.o
 .debug_macro   0x00000000000002e0       0x16 HAL/EEPROM/stm32f103x6_SLAVE_EEPROM_Driver.o
 .debug_macro   0x00000000000002f6       0x10 HAL/EEPROM/stm32f103x6_SLAVE_EEPROM_Driver.o
 .debug_macro   0x0000000000000306       0x59 MCAL/stm32f103x6_EXTI_driver.o
 .debug_macro   0x000000000000035f       0x28 MCAL/stm32f103x6_EXTI_driver.o
 .debug_macro   0x0000000000000387       0x51 MCAL/stm32f103x6_GPIO_driver.o
 .debug_macro   0x00000000000003d8       0x5d MCAL/stm32f103x6_I2C_driver.o
 .debug_macro   0x0000000000000435       0x50 MCAL/stm32f103x6_RCC_driver.o
 .debug_macro   0x0000000000000485       0x10 MCAL/stm32f103x6_RCC_driver.o
 .debug_macro   0x0000000000000495       0x5d MCAL/stm32f103x6_SPI_driver.o
 .debug_macro   0x00000000000004f2       0x9c Src/main.o

.debug_line     0x0000000000000000     0x14b0
 .debug_line    0x0000000000000000      0x262 HAL/EEPROM/stm32f103x6_SLAVE_EEPROM_Driver.o
 .debug_line    0x0000000000000262      0x360 MCAL/stm32f103x6_EXTI_driver.o
 .debug_line    0x00000000000005c2      0x257 MCAL/stm32f103x6_GPIO_driver.o
 .debug_line    0x0000000000000819      0x470 MCAL/stm32f103x6_I2C_driver.o
 .debug_line    0x0000000000000c89      0x1df MCAL/stm32f103x6_RCC_driver.o
 .debug_line    0x0000000000000e68      0x358 MCAL/stm32f103x6_SPI_driver.o
 .debug_line    0x00000000000011c0      0x26c Src/main.o
 .debug_line    0x000000000000142c       0x84 Startup/startup_stm32f103c6tx.o

.debug_str      0x0000000000000000     0x55ac
 .debug_str     0x0000000000000000     0x430c HAL/EEPROM/stm32f103x6_SLAVE_EEPROM_Driver.o
                                       0x4374 (size before relaxing)
 .debug_str     0x000000000000430c      0x4d3 MCAL/stm32f103x6_EXTI_driver.o
                                       0x429f (size before relaxing)
 .debug_str     0x00000000000047df      0x11c MCAL/stm32f103x6_GPIO_driver.o
                                       0x415f (size before relaxing)
 .debug_str     0x00000000000048fb      0x50b MCAL/stm32f103x6_I2C_driver.o
                                       0x4a23 (size before relaxing)
 .debug_str     0x0000000000004e06      0x110 MCAL/stm32f103x6_RCC_driver.o
                                       0x3f10 (size before relaxing)
 .debug_str     0x0000000000004f16      0x617 MCAL/stm32f103x6_SPI_driver.o
                                       0x46b4 (size before relaxing)
 .debug_str     0x000000000000552d       0x4e Src/main.o
                                       0x3ef2 (size before relaxing)
 .debug_str     0x000000000000557b       0x31 Startup/startup_stm32f103c6tx.o
                                         0x5b (size before relaxing)

.comment        0x0000000000000000       0x7b
 .comment       0x0000000000000000       0x7b HAL/EEPROM/stm32f103x6_SLAVE_EEPROM_Driver.o
                                         0x7c (size before relaxing)
 .comment       0x000000000000007b       0x7c MCAL/stm32f103x6_EXTI_driver.o
 .comment       0x000000000000007b       0x7c MCAL/stm32f103x6_GPIO_driver.o
 .comment       0x000000000000007b       0x7c MCAL/stm32f103x6_I2C_driver.o
 .comment       0x000000000000007b       0x7c MCAL/stm32f103x6_RCC_driver.o
 .comment       0x000000000000007b       0x7c MCAL/stm32f103x6_SPI_driver.o
 .comment       0x000000000000007b       0x7c Src/main.o

.debug_frame    0x0000000000000000      0x98c
 .debug_frame   0x0000000000000000       0x80 HAL/EEPROM/stm32f103x6_SLAVE_EEPROM_Driver.o
 .debug_frame   0x0000000000000080      0x1bc MCAL/stm32f103x6_EXTI_driver.o
 .debug_frame   0x000000000000023c      0x150 MCAL/stm32f103x6_GPIO_driver.o
 .debug_frame   0x000000000000038c      0x344 MCAL/stm32f103x6_I2C_driver.o
 .debug_frame   0x00000000000006d0       0x9c MCAL/stm32f103x6_RCC_driver.o
 .debug_frame   0x000000000000076c      0x1a4 MCAL/stm32f103x6_SPI_driver.o
 .debug_frame   0x0000000000000910       0x50 Src/main.o
 .debug_frame   0x0000000000000960       0x2c c:/st/stm32cubeide_1.4.0/stm32cubeide/plugins/com.st.stm32cube.ide.mcu.externaltools.gnu-tools-for-stm32.7-2018-q2-update.win32_1.4.0.202007081208/tools/bin/../lib/gcc/arm-none-eabi/7.3.1/../../../../arm-none-eabi/lib/thumb/v7-m\libc_nano.a(lib_a-init.o)
